[33mΓ¥»[39m Building...
[32mΓ£ö[39m Building...
[35mPrerendered 0 static routes.[39m
Application bundle generation failed. [11.215 seconds] - 2026-03-08T03:15:53.924Z

node.exe : [1m[31m[31mX [41;31m[[41;97mERROR[41;31m][0m [1mTS2345: 
Argument of type 'EventPlan' is not assignable to parameter of type 
'string'.[0m [1m[35m[plugin angular-compiler][0m
At C:\Users\Umesh\AppData\Roaming\npm\ng.ps1:24 char:5
+     & "node$exe"  "$basedir/node_modules/@angular/cli/bin/ng.js" $arg ...
+     ~~~~~~~~~~~~~~~~~~~~~~~~~~~~~~~~~~~~~~~~~~~~~~~~~~~~~~~~~~~~~~~~~
    + CategoryInfo          : NotSpecified: ([1m[31m[31mX...r-compiler][0m 
   :String) [], RemoteException
    + FullyQualifiedErrorId : NativeCommandError
 

    src/app/components/events.html:45:55:
[37m      45 Γöé ...ton class="btn light" 
(click)="removeEvent([32mevent[37m)">Remove</button>
         Γò╡                                               [32m~~~~~[0m

  Error occurs in the template of component EventsComponent.

    src/app/components/events.ts:13:15:
[37m      13 Γöé   templateUrl: [32m'./events.html'[37m,
         Γò╡                [32m~~~~~~~~~~~~~~~[0m


[31mX [41;31m[[41;97mERROR[41;31m][0m [1mTS2695: Left side of comma 
operator is unused and has no side effects.[0m [1m[35m[plugin 
angular-compiler][0m

    src/app/components/gifts.ts:175:10:
[37m      175 Γöé       id: [32m'b2'[37m,
          Γò╡           [32m~~~~[0m


[31mX [41;31m[[41;97mERROR[41;31m][0m [1mTS1005: ';' expected.[0m 
[1m[35m[plugin angular-compiler][0m

    src/app/components/gifts.ts:176:10:
[37m      176 Γöé       name[32m:[37m 'Bluetooth Speaker',
          Γò╡           [32m^[0m


[31mX [41;31m[[41;97mERROR[41;31m][0m [1mTS2695: Left side of comma 
operator is unused and has no side effects.[0m [1m[35m[plugin 
angular-compiler][0m

    src/app/components/gifts.ts:176:12:
[37m      176 Γöé       name: [32m'Bluetooth Speaker'[37m,
          Γò╡             [32m~~~~~~~~~~~~~~~~~~~[0m


[31mX [41;31m[[41;97mERROR[41;31m][0m [1mTS2304: Cannot find name 
'price'.[0m [1m[35m[plugin angular-compiler][0m

    src/app/components/gifts.ts:177:6:
[37m      177 Γöé       [32mprice[37m: 2199,
          Γò╡       [32m~~~~~[0m


[31mX [41;31m[[41;97mERROR[41;31m][0m [1mTS1005: ';' expected.[0m 
[1m[35m[plugin angular-compiler][0m

    src/app/components/gifts.ts:177:11:
[37m      177 Γöé       price[32m:[37m 2199,
          Γò╡            [32m^[0m


[31mX [41;31m[[41;97mERROR[41;31m][0m [1mTS2695: Left side of comma 
operator is unused and has no side effects.[0m [1m[35m[plugin 
angular-compiler][0m

    src/app/components/gifts.ts:177:13:
[37m      177 Γöé       price: [32m2199[37m,
          Γò╡              [32m~~~~[0m


[31mX [41;31m[[41;97mERROR[41;31m][0m [1mTS2304: Cannot find name 
'category'.[0m [1m[35m[plugin angular-compiler][0m

    src/app/components/gifts.ts:178:6:
[37m      178 Γöé       [32mcategory[37m: 'Birthday',
          Γò╡       [32m~~~~~~~~[0m


[31mX [41;31m[[41;97mERROR[41;31m][0m [1mTS1005: ';' expected.[0m 
[1m[35m[plugin angular-compiler][0m

    src/app/components/gifts.ts:178:14:
[37m      178 Γöé       category[32m:[37m 'Birthday',
          Γò╡               [32m^[0m


[31mX [41;31m[[41;97mERROR[41;31m][0m [1mTS2695: Left side of comma 
operator is unused and has no side effects.[0m [1m[35m[plugin 
angular-compiler][0m

    src/app/components/gifts.ts:178:16:
[37m      178 Γöé       category: [32m'Birthday'[37m,
          Γò╡                 [32m~~~~~~~~~~[0m


[31mX [41;31m[[41;97mERROR[41;31m][0m [1mTS2304: Cannot find name 
'rating'.[0m [1m[35m[plugin angular-compiler][0m

    src/app/components/gifts.ts:179:6:
[37m      179 Γöé       [32mrating[37m: 4.6,
          Γò╡       [32m~~~~~~[0m


[31mX [41;31m[[41;97mERROR[41;31m][0m [1mTS1005: ';' expected.[0m 
[1m[35m[plugin angular-compiler][0m

    src/app/components/gifts.ts:179:12:
[37m      179 Γöé       rating[32m:[37m 4.6,
          Γò╡             [32m^[0m


[31mX [41;31m[[41;97mERROR[41;31m][0m [1mTS2695: Left side of comma 
operator is unused and has no side effects.[0m [1m[35m[plugin 
angular-compiler][0m

    src/app/components/gifts.ts:179:14:
[37m      179 Γöé       rating: [32m4.6[37m,
          Γò╡               [32m~~~[0m


[31mX [41;31m[[41;97mERROR[41;31m][0m [1mTS2304: Cannot find name 
'tag'.[0m [1m[35m[plugin angular-compiler][0m

    src/app/components/gifts.ts:180:6:
[37m      180 Γöé       [32mtag[37m: 'Music',
          Γò╡       [32m~~~[0m


[31mX [41;31m[[41;97mERROR[41;31m][0m [1mTS1005: ';' expected.[0m 
[1m[35m[plugin angular-compiler][0m

    src/app/components/gifts.ts:180:9:
[37m      180 Γöé       tag[32m:[37m 'Music',
          Γò╡          [32m^[0m


[31mX [41;31m[[41;97mERROR[41;31m][0m [1mTS2695: Left side of comma 
operator is unused and has no side effects.[0m [1m[35m[plugin 
angular-compiler][0m

    src/app/components/gifts.ts:180:11:
[37m      180 Γöé       tag: [32m'Music'[37m,
          Γò╡            [32m~~~~~~~[0m


[31mX [41;31m[[41;97mERROR[41;31m][0m [1mTS2304: Cannot find name 
'relation'.[0m [1m[35m[plugin angular-compiler][0m

    src/app/components/gifts.ts:181:6:
[37m      181 Γöé       [32mrelation[37m: 'Friends',
          Γò╡       [32m~~~~~~~~[0m


[31mX [41;31m[[41;97mERROR[41;31m][0m [1mTS1005: ';' expected.[0m 
[1m[35m[plugin angular-compiler][0m

    src/app/components/gifts.ts:181:14:
[37m      181 Γöé       relation[32m:[37m 'Friends',
          Γò╡               [32m^[0m


[31mX [41;31m[[41;97mERROR[41;31m][0m [1mTS2695: Left side of comma 
operator is unused and has no side effects.[0m [1m[35m[plugin 
angular-compiler][0m

    src/app/components/gifts.ts:181:16:
[37m      181 Γöé       relation: [32m'Friends'[37m,
          Γò╡                 [32m~~~~~~~~~[0m


[31mX [41;31m[[41;97mERROR[41;31m][0m [1mTS2304: Cannot find name 
'imageUrl'.[0m [1m[35m[plugin angular-compiler][0m

    src/app/components/gifts.ts:182:6:
[37m      182 Γöé       [32mimageUrl[37m: 
'https://images.pexels.com/photos/5511714/pexels-...
          Γò╡       [32m~~~~~~~~[0m


[31mX [41;31m[[41;97mERROR[41;31m][0m [1mTS1005: ';' expected.[0m 
[1m[35m[plugin angular-compiler][0m

    src/app/components/gifts.ts:182:14:
[37m      182 Γöé       imageUrl[32m:[37m 
'https://images.pexels.com/photos/5511714/pexels-...
          Γò╡               [32m^[0m


[31mX [41;31m[[41;97mERROR[41;31m][0m [1mTS2695: Left side of comma 
operator is unused and has no side effects.[0m [1m[35m[plugin 
angular-compiler][0m

    src/app/components/gifts.ts:182:16:
[37m      182 Γöé ...imageUrl: 
[32m'https://images.pexels.com/photos/5511714/pexels-pho[37m...
          Γò╡              
[32m~~~~~~~~~~~~~~~~~~~~~~~~~~~~~~~~~~~~~~~~~~~~~~~~~~~~[0m


[31mX [41;31m[[41;97mERROR[41;31m][0m [1mTS1109: Expression 
expected.[0m [1m[35m[plugin angular-compiler][0m

    src/app/components/gifts.ts:183:4:
[37m      183 Γöé     [32m}[37m,
          Γò╡     [32m^[0m


[31mX [41;31m[[41;97mERROR[41;31m][0m [1mTS1128: Declaration or 
statement expected.[0m [1m[35m[plugin angular-compiler][0m

    src/app/components/gifts.ts:183:5:
[37m      183 Γöé     }[32m,[37m
          Γò╡      [32m^[0m


[31mX [41;31m[[41;97mERROR[41;31m][0m [1mTS2695: Left side of comma 
operator is unused and has no side effects.[0m [1m[35m[plugin 
angular-compiler][0m

    src/app/components/gifts.ts:185:10:
[37m      185 Γöé       id: [32m'b3'[37m,
          Γò╡           [32m~~~~[0m


[31mX [41;31m[[41;97mERROR[41;31m][0m [1mTS1005: ';' expected.[0m 
[1m[35m[plugin angular-compiler][0m

    src/app/components/gifts.ts:186:10:
[37m      186 Γöé       name[32m:[37m 'Perfume Gift Set',
          Γò╡           [32m^[0m


[31mX [41;31m[[41;97mERROR[41;31m][0m [1mTS2695: Left side of comma 
operator is unused and has no side effects.[0m [1m[35m[plugin 
angular-compiler][0m

    src/app/components/gifts.ts:186:12:
[37m      186 Γöé       name: [32m'Perfume Gift Set'[37m,
          Γò╡             [32m~~~~~~~~~~~~~~~~~~[0m


[31mX [41;31m[[41;97mERROR[41;31m][0m [1mTS2304: Cannot find name 
'price'.[0m [1m[35m[plugin angular-compiler][0m

    src/app/components/gifts.ts:187:6:
[37m      187 Γöé       [32mprice[37m: 1899,
          Γò╡       [32m~~~~~[0m


[31mX [41;31m[[41;97mERROR[41;31m][0m [1mTS1005: ';' expected.[0m 
[1m[35m[plugin angular-compiler][0m

    src/app/components/gifts.ts:187:11:
[37m      187 Γöé       price[32m:[37m 1899,
          Γò╡            [32m^[0m


[31mX [41;31m[[41;97mERROR[41;31m][0m [1mTS2695: Left side of comma 
operator is unused and has no side effects.[0m [1m[35m[plugin 
angular-compiler][0m

    src/app/components/gifts.ts:187:13:
[37m      187 Γöé       price: [32m1899[37m,
          Γò╡              [32m~~~~[0m


[31mX [41;31m[[41;97mERROR[41;31m][0m [1mTS2304: Cannot find name 
'category'.[0m [1m[35m[plugin angular-compiler][0m

    src/app/components/gifts.ts:188:6:
[37m      188 Γöé       [32mcategory[37m: 'Birthday',
          Γò╡       [32m~~~~~~~~[0m


[31mX [41;31m[[41;97mERROR[41;31m][0m [1mTS1005: ';' expected.[0m 
[1m[35m[plugin angular-compiler][0m

    src/app/components/gifts.ts:188:14:
[37m      188 Γöé       category[32m:[37m 'Birthday',
          Γò╡               [32m^[0m


[31mX [41;31m[[41;97mERROR[41;31m][0m [1mTS2695: Left side of comma 
operator is unused and has no side effects.[0m [1m[35m[plugin 
angular-compiler][0m

    src/app/components/gifts.ts:188:16:
[37m      188 Γöé       category: [32m'Birthday'[37m,
          Γò╡                 [32m~~~~~~~~~~[0m


[31mX [41;31m[[41;97mERROR[41;31m][0m [1mTS2304: Cannot find name 
'rating'.[0m [1m[35m[plugin angular-compiler][0m

    src/app/components/gifts.ts:189:6:
[37m      189 Γöé       [32mrating[37m: 4.8,
          Γò╡       [32m~~~~~~[0m


[31mX [41;31m[[41;97mERROR[41;31m][0m [1mTS1005: ';' expected.[0m 
[1m[35m[plugin angular-compiler][0m

    src/app/components/gifts.ts:189:12:
[37m      189 Γöé       rating[32m:[37m 4.8,
          Γò╡             [32m^[0m


[31mX [41;31m[[41;97mERROR[41;31m][0m [1mTS2695: Left side of comma 
operator is unused and has no side effects.[0m [1m[35m[plugin 
angular-compiler][0m

    src/app/components/gifts.ts:189:14:
[37m      189 Γöé       rating: [32m4.8[37m,
          Γò╡               [32m~~~[0m


[31mX [41;31m[[41;97mERROR[41;31m][0m [1mTS2304: Cannot find name 
'tag'.[0m [1m[35m[plugin angular-compiler][0m

    src/app/components/gifts.ts:190:6:
[37m      190 Γöé       [32mtag[37m: 'Luxury',
          Γò╡       [32m~~~[0m


[31mX [41;31m[[41;97mERROR[41;31m][0m [1mTS1005: ';' expected.[0m 
[1m[35m[plugin angular-compiler][0m

    src/app/components/gifts.ts:190:9:
[37m      190 Γöé       tag[32m:[37m 'Luxury',
          Γò╡          [32m^[0m


[31mX [41;31m[[41;97mERROR[41;31m][0m [1mTS2695: Left side of comma 
operator is unused and has no side effects.[0m [1m[35m[plugin 
angular-compiler][0m

    src/app/components/gifts.ts:190:11:
[37m      190 Γöé       tag: [32m'Luxury'[37m,
          Γò╡            [32m~~~~~~~~[0m


[31mX [41;31m[[41;97mERROR[41;31m][0m [1mTS2304: Cannot find name 
'relation'.[0m [1m[35m[plugin angular-compiler][0m

    src/app/components/gifts.ts:191:6:
[37m      191 Γöé       [32mrelation[37m: 'Partner',
          Γò╡       [32m~~~~~~~~[0m


[31mX [41;31m[[41;97mERROR[41;31m][0m [1mTS1005: ';' expected.[0m 
[1m[35m[plugin angular-compiler][0m

    src/app/components/gifts.ts:191:14:
[37m      191 Γöé       relation[32m:[37m 'Partner',
          Γò╡               [32m^[0m


[31mX [41;31m[[41;97mERROR[41;31m][0m [1mTS2695: Left side of comma 
operator is unused and has no side effects.[0m [1m[35m[plugin 
angular-compiler][0m

    src/app/components/gifts.ts:191:16:
[37m      191 Γöé       relation: [32m'Partner'[37m,
          Γò╡                 [32m~~~~~~~~~[0m


[31mX [41;31m[[41;97mERROR[41;31m][0m [1mTS2304: Cannot find name 
'imageUrl'.[0m [1m[35m[plugin angular-compiler][0m

    src/app/components/gifts.ts:192:6:
[37m      192 Γöé       [32mimageUrl[37m: 
'https://images.pexels.com/photos/9202849/pexels-...
          Γò╡       [32m~~~~~~~~[0m


[31mX [41;31m[[41;97mERROR[41;31m][0m [1mTS1005: ';' expected.[0m 
[1m[35m[plugin angular-compiler][0m

    src/app/components/gifts.ts:192:14:
[37m      192 Γöé       imageUrl[32m:[37m 
'https://images.pexels.com/photos/9202849/pexels-...
          Γò╡               [32m^[0m


[31mX [41;31m[[41;97mERROR[41;31m][0m [1mTS2695: Left side of comma 
operator is unused and has no side effects.[0m [1m[35m[plugin 
angular-compiler][0m

    src/app/components/gifts.ts:192:16:
[37m      192 Γöé ...imageUrl: 
[32m'https://images.pexels.com/photos/9202849/pexels-pho[37m...
          Γò╡              
[32m~~~~~~~~~~~~~~~~~~~~~~~~~~~~~~~~~~~~~~~~~~~~~~~~~~~~[0m


[31mX [41;31m[[41;97mERROR[41;31m][0m [1mTS1109: Expression 
expected.[0m [1m[35m[plugin angular-compiler][0m

    src/app/components/gifts.ts:193:4:
[37m      193 Γöé     [32m}[37m,
          Γò╡     [32m^[0m


[31mX [41;31m[[41;97mERROR[41;31m][0m [1mTS1128: Declaration or 
statement expected.[0m [1m[35m[plugin angular-compiler][0m

    src/app/components/gifts.ts:193:5:
[37m      193 Γöé     }[32m,[37m
          Γò╡      [32m^[0m


[31mX [41;31m[[41;97mERROR[41;31m][0m [1mTS2695: Left side of comma 
operator is unused and has no side effects.[0m [1m[35m[plugin 
angular-compiler][0m

    src/app/components/gifts.ts:195:10:
[37m      195 Γöé       id: [32m'b4'[37m,
          Γò╡           [32m~~~~[0m


[31mX [41;31m[[41;97mERROR[41;31m][0m [1mTS1005: ';' expected.[0m 
[1m[35m[plugin angular-compiler][0m

    src/app/components/gifts.ts:196:10:
[37m      196 Γöé       name[32m:[37m 'Customized Photo Frame',
          Γò╡           [32m^[0m


[31mX [41;31m[[41;97mERROR[41;31m][0m [1mTS2695: Left side of comma 
operator is unused and has no side effects.[0m [1m[35m[plugin 
angular-compiler][0m

    src/app/components/gifts.ts:196:12:
[37m      196 Γöé       name: [32m'Customized Photo Frame'[37m,
          Γò╡             [32m~~~~~~~~~~~~~~~~~~~~~~~~[0m


[31mX [41;31m[[41;97mERROR[41;31m][0m [1mTS2304: Cannot find name 
'price'.[0m [1m[35m[plugin angular-compiler][0m

    src/app/components/gifts.ts:197:6:
[37m      197 Γöé       [32mprice[37m: 999,
          Γò╡       [32m~~~~~[0m


[31mX [41;31m[[41;97mERROR[41;31m][0m [1mTS1005: ';' expected.[0m 
[1m[35m[plugin angular-compiler][0m

    src/app/components/gifts.ts:197:11:
[37m      197 Γöé       price[32m:[37m 999,
          Γò╡            [32m^[0m


[31mX [41;31m[[41;97mERROR[41;31m][0m [1mTS2695: Left side of comma 
operator is unused and has no side effects.[0m [1m[35m[plugin 
angular-compiler][0m

    src/app/components/gifts.ts:197:13:
[37m      197 Γöé       price: [32m999[37m,
          Γò╡              [32m~~~[0m


[31mX [41;31m[[41;97mERROR[41;31m][0m [1mTS2304: Cannot find name 
'category'.[0m [1m[35m[plugin angular-compiler][0m

    src/app/components/gifts.ts:198:6:
[37m      198 Γöé       [32mcategory[37m: 'Birthday',
          Γò╡       [32m~~~~~~~~[0m


[31mX [41;31m[[41;97mERROR[41;31m][0m [1mTS1005: ';' expected.[0m 
[1m[35m[plugin angular-compiler][0m

    src/app/components/gifts.ts:198:14:
[37m      198 Γöé       category[32m:[37m 'Birthday',
          Γò╡               [32m^[0m


[31mX [41;31m[[41;97mERROR[41;31m][0m [1mTS2695: Left side of comma 
operator is unused and has no side effects.[0m [1m[35m[plugin 
angular-compiler][0m

    src/app/components/gifts.ts:198:16:
[37m      198 Γöé       category: [32m'Birthday'[37m,
          Γò╡                 [32m~~~~~~~~~~[0m


[31mX [41;31m[[41;97mERROR[41;31m][0m [1mTS2304: Cannot find name 
'rating'.[0m [1m[35m[plugin angular-compiler][0m

    src/app/components/gifts.ts:199:6:
[37m      199 Γöé       [32mrating[37m: 4.5,
          Γò╡       [32m~~~~~~[0m


[31mX [41;31m[[41;97mERROR[41;31m][0m [1mTS1005: ';' expected.[0m 
[1m[35m[plugin angular-compiler][0m

    src/app/components/gifts.ts:199:12:
[37m      199 Γöé       rating[32m:[37m 4.5,
          Γò╡             [32m^[0m


[31mX [41;31m[[41;97mERROR[41;31m][0m [1mTS2695: Left side of comma 
operator is unused and has no side effects.[0m [1m[35m[plugin 
angular-compiler][0m

    src/app/components/gifts.ts:199:14:
[37m      199 Γöé       rating: [32m4.5[37m,
          Γò╡               [32m~~~[0m


[31mX [41;31m[[41;97mERROR[41;31m][0m [1mTS2304: Cannot find name 
'tag'.[0m [1m[35m[plugin angular-compiler][0m

    src/app/components/gifts.ts:200:6:
[37m      200 Γöé       [32mtag[37m: 'Custom',
          Γò╡       [32m~~~[0m


[31mX [41;31m[[41;97mERROR[41;31m][0m [1mTS1005: ';' expected.[0m 
[1m[35m[plugin angular-compiler][0m

    src/app/components/gifts.ts:200:9:
[37m      200 Γöé       tag[32m:[37m 'Custom',
          Γò╡          [32m^[0m


[31mX [41;31m[[41;97mERROR[41;31m][0m [1mTS2695: Left side of comma 
operator is unused and has no side effects.[0m [1m[35m[plugin 
angular-compiler][0m

    src/app/components/gifts.ts:200:11:
[37m      200 Γöé       tag: [32m'Custom'[37m,
          Γò╡            [32m~~~~~~~~[0m


[31mX [41;31m[[41;97mERROR[41;31m][0m [1mTS2304: Cannot find name 
'relation'.[0m [1m[35m[plugin angular-compiler][0m

    src/app/components/gifts.ts:201:6:
[37m      201 Γöé       [32mrelation[37m: 'Family',
          Γò╡       [32m~~~~~~~~[0m


[31mX [41;31m[[41;97mERROR[41;31m][0m [1mTS1005: ';' expected.[0m 
[1m[35m[plugin angular-compiler][0m

    src/app/components/gifts.ts:201:14:
[37m      201 Γöé       relation[32m:[37m 'Family',
          Γò╡               [32m^[0m


[31mX [41;31m[[41;97mERROR[41;31m][0m [1mTS2695: Left side of comma 
operator is unused and has no side effects.[0m [1m[35m[plugin 
angular-compiler][0m

    src/app/components/gifts.ts:201:16:
[37m      201 Γöé       relation: [32m'Family'[37m,
          Γò╡                 [32m~~~~~~~~[0m


[31mX [41;31m[[41;97mERROR[41;31m][0m [1mTS2304: Cannot find name 
'imageUrl'.[0m [1m[35m[plugin angular-compiler][0m

    src/app/components/gifts.ts:202:6:
[37m      202 Γöé       [32mimageUrl[37m: 
'https://images.pexels.com/photos/8490231/pexels-...
          Γò╡       [32m~~~~~~~~[0m


[31mX [41;31m[[41;97mERROR[41;31m][0m [1mTS1005: ';' expected.[0m 
[1m[35m[plugin angular-compiler][0m

    src/app/components/gifts.ts:202:14:
[37m      202 Γöé       imageUrl[32m:[37m 
'https://images.pexels.com/photos/8490231/pexels-...
          Γò╡               [32m^[0m


[31mX [41;31m[[41;97mERROR[41;31m][0m [1mTS2695: Left side of comma 
operator is unused and has no side effects.[0m [1m[35m[plugin 
angular-compiler][0m

    src/app/components/gifts.ts:202:16:
[37m      202 Γöé ...imageUrl: 
[32m'https://images.pexels.com/photos/8490231/pexels-pho[37m...
          Γò╡              
[32m~~~~~~~~~~~~~~~~~~~~~~~~~~~~~~~~~~~~~~~~~~~~~~~~~~~~[0m


[31mX [41;31m[[41;97mERROR[41;31m][0m [1mTS1109: Expression 
expected.[0m [1m[35m[plugin angular-compiler][0m

    src/app/components/gifts.ts:203:4:
[37m      203 Γöé     [32m}[37m,
          Γò╡     [32m^[0m


[31mX [41;31m[[41;97mERROR[41;31m][0m [1mTS1128: Declaration or 
statement expected.[0m [1m[35m[plugin angular-compiler][0m

    src/app/components/gifts.ts:203:5:
[37m      203 Γöé     }[32m,[37m
          Γò╡      [32m^[0m


[31mX [41;31m[[41;97mERROR[41;31m][0m [1mTS2695: Left side of comma 
operator is unused and has no side effects.[0m [1m[35m[plugin 
angular-compiler][0m

    src/app/components/gifts.ts:205:10:
[37m      205 Γöé       id: [32m'b5'[37m,
          Γò╡           [32m~~~~[0m


[31mX [41;31m[[41;97mERROR[41;31m][0m [1mTS1005: ';' expected.[0m 
[1m[35m[plugin angular-compiler][0m

    src/app/components/gifts.ts:206:10:
[37m      206 Γöé       name[32m:[37m 'Birthday Cake Surprise',
          Γò╡           [32m^[0m


[31mX [41;31m[[41;97mERROR[41;31m][0m [1mTS2695: Left side of comma 
operator is unused and has no side effects.[0m [1m[35m[plugin 
angular-compiler][0m

    src/app/components/gifts.ts:206:12:
[37m      206 Γöé       name: [32m'Birthday Cake Surprise'[37m,
          Γò╡             [32m~~~~~~~~~~~~~~~~~~~~~~~~[0m


[31mX [41;31m[[41;97mERROR[41;31m][0m [1mTS2304: Cannot find name 
'price'.[0m [1m[35m[plugin angular-compiler][0m

    src/app/components/gifts.ts:207:6:
[37m      207 Γöé       [32mprice[37m: 1499,
          Γò╡       [32m~~~~~[0m


[31mX [41;31m[[41;97mERROR[41;31m][0m [1mTS1005: ';' expected.[0m 
[1m[35m[plugin angular-compiler][0m

    src/app/components/gifts.ts:207:11:
[37m      207 Γöé       price[32m:[37m 1499,
          Γò╡            [32m^[0m


[31mX [41;31m[[41;97mERROR[41;31m][0m [1mTS2695: Left side of comma 
operator is unused and has no side effects.[0m [1m[35m[plugin 
angular-compiler][0m

    src/app/components/gifts.ts:207:13:
[37m      207 Γöé       price: [32m1499[37m,
          Γò╡              [32m~~~~[0m


[31mX [41;31m[[41;97mERROR[41;31m][0m [1mTS2304: Cannot find name 
'category'.[0m [1m[35m[plugin angular-compiler][0m

    src/app/components/gifts.ts:208:6:
[37m      208 Γöé       [32mcategory[37m: 'Birthday',
          Γò╡       [32m~~~~~~~~[0m


[31mX [41;31m[[41;97mERROR[41;31m][0m [1mTS1005: ';' expected.[0m 
[1m[35m[plugin angular-compiler][0m

    src/app/components/gifts.ts:208:14:
[37m      208 Γöé       category[32m:[37m 'Birthday',
          Γò╡               [32m^[0m


[31mX [41;31m[[41;97mERROR[41;31m][0m [1mTS2695: Left side of comma 
operator is unused and has no side effects.[0m [1m[35m[plugin 
angular-compiler][0m

    src/app/components/gifts.ts:208:16:
[37m      208 Γöé       category: [32m'Birthday'[37m,
          Γò╡                 [32m~~~~~~~~~~[0m


[31mX [41;31m[[41;97mERROR[41;31m][0m [1mTS2304: Cannot find name 
'rating'.[0m [1m[35m[plugin angular-compiler][0m

    src/app/components/gifts.ts:209:6:
[37m      209 Γöé       [32mrating[37m: 4.7,
          Γò╡       [32m~~~~~~[0m


[31mX [41;31m[[41;97mERROR[41;31m][0m [1mTS1005: ';' expected.[0m 
[1m[35m[plugin angular-compiler][0m

    src/app/components/gifts.ts:209:12:
[37m      209 Γöé       rating[32m:[37m 4.7,
          Γò╡             [32m^[0m


[31mX [41;31m[[41;97mERROR[41;31m][0m [1mTS2695: Left side of comma 
operator is unused and has no side effects.[0m [1m[35m[plugin 
angular-compiler][0m

    src/app/components/gifts.ts:209:14:
[37m      209 Γöé       rating: [32m4.7[37m,
          Γò╡               [32m~~~[0m


[31mX [41;31m[[41;97mERROR[41;31m][0m [1mTS2304: Cannot find name 
'tag'.[0m [1m[35m[plugin angular-compiler][0m

    src/app/components/gifts.ts:210:6:
[37m      210 Γöé       [32mtag[37m: 'Sweet',
          Γò╡       [32m~~~[0m


[31mX [41;31m[[41;97mERROR[41;31m][0m [1mTS1005: ';' expected.[0m 
[1m[35m[plugin angular-compiler][0m

    src/app/components/gifts.ts:210:9:
[37m      210 Γöé       tag[32m:[37m 'Sweet',
          Γò╡          [32m^[0m


[31mX [41;31m[[41;97mERROR[41;31m][0m [1mTS2695: Left side of comma 
operator is unused and has no side effects.[0m [1m[35m[plugin 
angular-compiler][0m

    src/app/components/gifts.ts:210:11:
[37m      210 Γöé       tag: [32m'Sweet'[37m,
          Γò╡            [32m~~~~~~~[0m


[31mX [41;31m[[41;97mERROR[41;31m][0m [1mTS2304: Cannot find name 
'relation'.[0m [1m[35m[plugin angular-compiler][0m

    src/app/components/gifts.ts:211:6:
[37m      211 Γöé       [32mrelation[37m: 'Family',
          Γò╡       [32m~~~~~~~~[0m


[31mX [41;31m[[41;97mERROR[41;31m][0m [1mTS1005: ';' expected.[0m 
[1m[35m[plugin angular-compiler][0m

    src/app/components/gifts.ts:211:14:
[37m      211 Γöé       relation[32m:[37m 'Family',
          Γò╡               [32m^[0m


[31mX [41;31m[[41;97mERROR[41;31m][0m [1mTS2695: Left side of comma 
operator is unused and has no side effects.[0m [1m[35m[plugin 
angular-compiler][0m

    src/app/components/gifts.ts:211:16:
[37m      211 Γöé       relation: [32m'Family'[37m,
          Γò╡                 [32m~~~~~~~~[0m


[31mX [41;31m[[41;97mERROR[41;31m][0m [1mTS2304: Cannot find name 
'imageUrl'.[0m [1m[35m[plugin angular-compiler][0m

    src/app/components/gifts.ts:212:6:
[37m      212 Γöé       [32mimageUrl[37m: 
'https://images.pexels.com/photos/33759172/pexels...
          Γò╡       [32m~~~~~~~~[0m


[31mX [41;31m[[41;97mERROR[41;31m][0m [1mTS1005: ';' expected.[0m 
[1m[35m[plugin angular-compiler][0m

    src/app/components/gifts.ts:212:14:
[37m      212 Γöé       imageUrl[32m:[37m 
'https://images.pexels.com/photos/33759172/pexels...
          Γò╡               [32m^[0m


[31mX [41;31m[[41;97mERROR[41;31m][0m [1mTS2695: Left side of comma 
operator is unused and has no side effects.[0m [1m[35m[plugin 
angular-compiler][0m

    src/app/components/gifts.ts:212:16:
[37m      212 Γöé ...imageUrl: 
[32m'https://images.pexels.com/photos/33759172/pexels-ph[37m...
          Γò╡              
[32m~~~~~~~~~~~~~~~~~~~~~~~~~~~~~~~~~~~~~~~~~~~~~~~~~~~~[0m


[31mX [41;31m[[41;97mERROR[41;31m][0m [1mTS1109: Expression 
expected.[0m [1m[35m[plugin angular-compiler][0m

    src/app/components/gifts.ts:213:4:
[37m      213 Γöé     [32m}[37m,
          Γò╡     [32m^[0m


[31mX [41;31m[[41;97mERROR[41;31m][0m [1mTS1128: Declaration or 
statement expected.[0m [1m[35m[plugin angular-compiler][0m

    src/app/components/gifts.ts:213:5:
[37m      213 Γöé     }[32m,[37m
          Γò╡      [32m^[0m


[31mX [41;31m[[41;97mERROR[41;31m][0m [1mTS2695: Left side of comma 
operator is unused and has no side effects.[0m [1m[35m[plugin 
angular-compiler][0m

    src/app/components/gifts.ts:215:10:
[37m      215 Γöé       id: [32m'b6'[37m,
          Γò╡           [32m~~~~[0m


[31mX [41;31m[[41;97mERROR[41;31m][0m [1mTS1005: ';' expected.[0m 
[1m[35m[plugin angular-compiler][0m

    src/app/components/gifts.ts:216:10:
[37m      216 Γöé       name[32m:[37m 'Personalized Mug',
          Γò╡           [32m^[0m


[31mX [41;31m[[41;97mERROR[41;31m][0m [1mTS2695: Left side of comma 
operator is unused and has no side effects.[0m [1m[35m[plugin 
angular-compiler][0m

    src/app/components/gifts.ts:216:12:
[37m      216 Γöé       name: [32m'Personalized Mug'[37m,
          Γò╡             [32m~~~~~~~~~~~~~~~~~~[0m


[31mX [41;31m[[41;97mERROR[41;31m][0m [1mTS2304: Cannot find name 
'price'.[0m [1m[35m[plugin angular-compiler][0m

    src/app/components/gifts.ts:217:6:
[37m      217 Γöé       [32mprice[37m: 599,
          Γò╡       [32m~~~~~[0m


[31mX [41;31m[[41;97mERROR[41;31m][0m [1mTS1005: ';' expected.[0m 
[1m[35m[plugin angular-compiler][0m

    src/app/components/gifts.ts:217:11:
[37m      217 Γöé       price[32m:[37m 599,
          Γò╡            [32m^[0m


[31mX [41;31m[[41;97mERROR[41;31m][0m [1mTS2695: Left side of comma 
operator is unused and has no side effects.[0m [1m[35m[plugin 
angular-compiler][0m

    src/app/components/gifts.ts:217:13:
[37m      217 Γöé       price: [32m599[37m,
          Γò╡              [32m~~~[0m


[31mX [41;31m[[41;97mERROR[41;31m][0m [1mTS2304: Cannot find name 
'category'.[0m [1m[35m[plugin angular-compiler][0m

    src/app/components/gifts.ts:218:6:
[37m      218 Γöé       [32mcategory[37m: 'Birthday',
          Γò╡       [32m~~~~~~~~[0m


[31mX [41;31m[[41;97mERROR[41;31m][0m [1mTS1005: ';' expected.[0m 
[1m[35m[plugin angular-compiler][0m

    src/app/components/gifts.ts:218:14:
[37m      218 Γöé       category[32m:[37m 'Birthday',
          Γò╡               [32m^[0m


[31mX [41;31m[[41;97mERROR[41;31m][0m [1mTS2695: Left side of comma 
operator is unused and has no side effects.[0m [1m[35m[plugin 
angular-compiler][0m

    src/app/components/gifts.ts:218:16:
[37m      218 Γöé       category: [32m'Birthday'[37m,
          Γò╡                 [32m~~~~~~~~~~[0m


[31mX [41;31m[[41;97mERROR[41;31m][0m [1mTS2304: Cannot find name 
'rating'.[0m [1m[35m[plugin angular-compiler][0m

    src/app/components/gifts.ts:219:6:
[37m      219 Γöé       [32mrating[37m: 4.4,
          Γò╡       [32m~~~~~~[0m


[31mX [41;31m[[41;97mERROR[41;31m][0m [1mTS1005: ';' expected.[0m 
[1m[35m[plugin angular-compiler][0m

    src/app/components/gifts.ts:219:12:
[37m      219 Γöé       rating[32m:[37m 4.4,
          Γò╡             [32m^[0m


[31mX [41;31m[[41;97mERROR[41;31m][0m [1mTS2695: Left side of comma 
operator is unused and has no side effects.[0m [1m[35m[plugin 
angular-compiler][0m

    src/app/components/gifts.ts:219:14:
[37m      219 Γöé       rating: [32m4.4[37m,
          Γò╡               [32m~~~[0m


[31mX [41;31m[[41;97mERROR[41;31m][0m [1mTS2304: Cannot find name 
'tag'.[0m [1m[35m[plugin angular-compiler][0m

    src/app/components/gifts.ts:220:6:
[37m      220 Γöé       [32mtag[37m: 'Custom',
          Γò╡       [32m~~~[0m


[31mX [41;31m[[41;97mERROR[41;31m][0m [1mTS1005: ';' expected.[0m 
[1m[35m[plugin angular-compiler][0m

    src/app/components/gifts.ts:220:9:
[37m      220 Γöé       tag[32m:[37m 'Custom',
          Γò╡          [32m^[0m


[31mX [41;31m[[41;97mERROR[41;31m][0m [1mTS2695: Left side of comma 
operator is unused and has no side effects.[0m [1m[35m[plugin 
angular-compiler][0m

    src/app/components/gifts.ts:220:11:
[37m      220 Γöé       tag: [32m'Custom'[37m,
          Γò╡            [32m~~~~~~~~[0m


[31mX [41;31m[[41;97mERROR[41;31m][0m [1mTS2304: Cannot find name 
'relation'.[0m [1m[35m[plugin angular-compiler][0m

    src/app/components/gifts.ts:221:6:
[37m      221 Γöé       [32mrelation[37m: 'Friends',
          Γò╡       [32m~~~~~~~~[0m


[31mX [41;31m[[41;97mERROR[41;31m][0m [1mTS1005: ';' expected.[0m 
[1m[35m[plugin angular-compiler][0m

    src/app/components/gifts.ts:221:14:
[37m      221 Γöé       relation[32m:[37m 'Friends',
          Γò╡               [32m^[0m


[31mX [41;31m[[41;97mERROR[41;31m][0m [1mTS2695: Left side of comma 
operator is unused and has no side effects.[0m [1m[35m[plugin 
angular-compiler][0m

    src/app/components/gifts.ts:221:16:
[37m      221 Γöé       relation: [32m'Friends'[37m,
          Γò╡                 [32m~~~~~~~~~[0m


[31mX [41;31m[[41;97mERROR[41;31m][0m [1mTS2304: Cannot find name 
'imageUrl'.[0m [1m[35m[plugin angular-compiler][0m

    src/app/components/gifts.ts:222:6:
[37m      222 Γöé       [32mimageUrl[37m: 
'https://images.pexels.com/photos/1374054/pexels-...
          Γò╡       [32m~~~~~~~~[0m


[31mX [41;31m[[41;97mERROR[41;31m][0m [1mTS1005: ';' expected.[0m 
[1m[35m[plugin angular-compiler][0m

    src/app/components/gifts.ts:222:14:
[37m      222 Γöé       imageUrl[32m:[37m 
'https://images.pexels.com/photos/1374054/pexels-...
          Γò╡               [32m^[0m


[31mX [41;31m[[41;97mERROR[41;31m][0m [1mTS2695: Left side of comma 
operator is unused and has no side effects.[0m [1m[35m[plugin 
angular-compiler][0m

    src/app/components/gifts.ts:222:16:
[37m      222 Γöé ...imageUrl: 
[32m'https://images.pexels.com/photos/1374054/pexels-pho[37m...
          Γò╡              
[32m~~~~~~~~~~~~~~~~~~~~~~~~~~~~~~~~~~~~~~~~~~~~~~~~~~~~[0m


[31mX [41;31m[[41;97mERROR[41;31m][0m [1mTS1109: Expression 
expected.[0m [1m[35m[plugin angular-compiler][0m

    src/app/components/gifts.ts:223:4:
[37m      223 Γöé     [32m}[37m,
          Γò╡     [32m^[0m


[31mX [41;31m[[41;97mERROR[41;31m][0m [1mTS1128: Declaration or 
statement expected.[0m [1m[35m[plugin angular-compiler][0m

    src/app/components/gifts.ts:223:5:
[37m      223 Γöé     }[32m,[37m
          Γò╡      [32m^[0m


[31mX [41;31m[[41;97mERROR[41;31m][0m [1mTS2695: Left side of comma 
operator is unused and has no side effects.[0m [1m[35m[plugin 
angular-compiler][0m

    src/app/components/gifts.ts:225:10:
[37m      225 Γöé       id: [32m'w1'[37m,
          Γò╡           [32m~~~~[0m


[31mX [41;31m[[41;97mERROR[41;31m][0m [1mTS1005: ';' expected.[0m 
[1m[35m[plugin angular-compiler][0m

    src/app/components/gifts.ts:226:10:
[37m      226 Γöé       name[32m:[37m 'Dinner Set / Crockery Set',
          Γò╡           [32m^[0m


[31mX [41;31m[[41;97mERROR[41;31m][0m [1mTS2695: Left side of comma 
operator is unused and has no side effects.[0m [1m[35m[plugin 
angular-compiler][0m

    src/app/components/gifts.ts:226:12:
[37m      226 Γöé       name: [32m'Dinner Set / Crockery Set'[37m,
          Γò╡             [32m~~~~~~~~~~~~~~~~~~~~~~~~~~~[0m


[31mX [41;31m[[41;97mERROR[41;31m][0m [1mTS2304: Cannot find name 
'price'.[0m [1m[35m[plugin angular-compiler][0m

    src/app/components/gifts.ts:227:6:
[37m      227 Γöé       [32mprice[37m: 3599,
          Γò╡       [32m~~~~~[0m


[31mX [41;31m[[41;97mERROR[41;31m][0m [1mTS1005: ';' expected.[0m 
[1m[35m[plugin angular-compiler][0m

    src/app/components/gifts.ts:227:11:
[37m      227 Γöé       price[32m:[37m 3599,
          Γò╡            [32m^[0m


[31mX [41;31m[[41;97mERROR[41;31m][0m [1mTS2695: Left side of comma 
operator is unused and has no side effects.[0m [1m[35m[plugin 
angular-compiler][0m

    src/app/components/gifts.ts:227:13:
[37m      227 Γöé       price: [32m3599[37m,
          Γò╡              [32m~~~~[0m


[31mX [41;31m[[41;97mERROR[41;31m][0m [1mTS2304: Cannot find name 
'category'.[0m [1m[35m[plugin angular-compiler][0m

    src/app/components/gifts.ts:228:6:
[37m      228 Γöé       [32mcategory[37m: 'Wedding',
          Γò╡       [32m~~~~~~~~[0m


[31mX [41;31m[[41;97mERROR[41;31m][0m [1mTS1005: ';' expected.[0m 
[1m[35m[plugin angular-compiler][0m

    src/app/components/gifts.ts:228:14:
[37m      228 Γöé       category[32m:[37m 'Wedding',
          Γò╡               [32m^[0m


[31mX [41;31m[[41;97mERROR[41;31m][0m [1mTS2695: Left side of comma 
operator is unused and has no side effects.[0m [1m[35m[plugin 
angular-compiler][0m

    src/app/components/gifts.ts:228:16:
[37m      228 Γöé       category: [32m'Wedding'[37m,
          Γò╡                 [32m~~~~~~~~~[0m


[31mX [41;31m[[41;97mERROR[41;31m][0m [1mTS2304: Cannot find name 
'rating'.[0m [1m[35m[plugin angular-compiler][0m

    src/app/components/gifts.ts:229:6:
[37m      229 Γöé       [32mrating[37m: 4.6,
          Γò╡       [32m~~~~~~[0m


[31mX [41;31m[[41;97mERROR[41;31m][0m [1mTS1005: ';' expected.[0m 
[1m[35m[plugin angular-compiler][0m

    src/app/components/gifts.ts:229:12:
[37m      229 Γöé       rating[32m:[37m 4.6,
          Γò╡             [32m^[0m


[31mX [41;31m[[41;97mERROR[41;31m][0m [1mTS2695: Left side of comma 
operator is unused and has no side effects.[0m [1m[35m[plugin 
angular-compiler][0m

    src/app/components/gifts.ts:229:14:
[37m      229 Γöé       rating: [32m4.6[37m,
          Γò╡               [32m~~~[0m


[31mX [41;31m[[41;97mERROR[41;31m][0m [1mTS2304: Cannot find name 
'tag'.[0m [1m[35m[plugin angular-compiler][0m

    src/app/components/gifts.ts:230:6:
[37m      230 Γöé       [32mtag[37m: 'Classic',
          Γò╡       [32m~~~[0m


[31mX [41;31m[[41;97mERROR[41;31m][0m [1mTS1005: ';' expected.[0m 
[1m[35m[plugin angular-compiler][0m

    src/app/components/gifts.ts:230:9:
[37m      230 Γöé       tag[32m:[37m 'Classic',
          Γò╡          [32m^[0m


[31mX [41;31m[[41;97mERROR[41;31m][0m [1mTS2695: Left side of comma 
operator is unused and has no side effects.[0m [1m[35m[plugin 
angular-compiler][0m

    src/app/components/gifts.ts:230:11:
[37m      230 Γöé       tag: [32m'Classic'[37m,
          Γò╡            [32m~~~~~~~~~[0m


[31mX [41;31m[[41;97mERROR[41;31m][0m [1mTS2304: Cannot find name 
'relation'.[0m [1m[35m[plugin angular-compiler][0m

    src/app/components/gifts.ts:231:6:
[37m      231 Γöé       [32mrelation[37m: 'Family',
          Γò╡       [32m~~~~~~~~[0m


[31mX [41;31m[[41;97mERROR[41;31m][0m [1mTS1005: ';' expected.[0m 
[1m[35m[plugin angular-compiler][0m

    src/app/components/gifts.ts:231:14:
[37m      231 Γöé       relation[32m:[37m 'Family',
          Γò╡               [32m^[0m


[31mX [41;31m[[41;97mERROR[41;31m][0m [1mTS2695: Left side of comma 
operator is unused and has no side effects.[0m [1m[35m[plugin 
angular-compiler][0m

    src/app/components/gifts.ts:231:16:
[37m      231 Γöé       relation: [32m'Family'[37m,
          Γò╡                 [32m~~~~~~~~[0m


[31mX [41;31m[[41;97mERROR[41;31m][0m [1mTS2304: Cannot find name 
'imageUrl'.[0m [1m[35m[plugin angular-compiler][0m

    src/app/components/gifts.ts:232:6:
[37m      232 Γöé       [32mimageUrl[37m: 
'https://images.pexels.com/photos/1125129/pexels-...
          Γò╡       [32m~~~~~~~~[0m


[31mX [41;31m[[41;97mERROR[41;31m][0m [1mTS1005: ';' expected.[0m 
[1m[35m[plugin angular-compiler][0m

    src/app/components/gifts.ts:232:14:
[37m      232 Γöé       imageUrl[32m:[37m 
'https://images.pexels.com/photos/1125129/pexels-...
          Γò╡               [32m^[0m


[31mX [41;31m[[41;97mERROR[41;31m][0m [1mTS2695: Left side of comma 
operator is unused and has no side effects.[0m [1m[35m[plugin 
angular-compiler][0m

    src/app/components/gifts.ts:232:16:
[37m      232 Γöé ...imageUrl: 
[32m'https://images.pexels.com/photos/1125129/pexels-pho[37m...
          Γò╡              
[32m~~~~~~~~~~~~~~~~~~~~~~~~~~~~~~~~~~~~~~~~~~~~~~~~~~~~[0m


[31mX [41;31m[[41;97mERROR[41;31m][0m [1mTS1109: Expression 
expected.[0m [1m[35m[plugin angular-compiler][0m

    src/app/components/gifts.ts:233:4:
[37m      233 Γöé     [32m}[37m,
          Γò╡     [32m^[0m


[31mX [41;31m[[41;97mERROR[41;31m][0m [1mTS1128: Declaration or 
statement expected.[0m [1m[35m[plugin angular-compiler][0m

    src/app/components/gifts.ts:233:5:
[37m      233 Γöé     }[32m,[37m
          Γò╡      [32m^[0m


[31mX [41;31m[[41;97mERROR[41;31m][0m [1mTS2695: Left side of comma 
operator is unused and has no side effects.[0m [1m[35m[plugin 
angular-compiler][0m

    src/app/components/gifts.ts:235:10:
[37m      235 Γöé       id: [32m'w2'[37m,
          Γò╡           [32m~~~~[0m


[31mX [41;31m[[41;97mERROR[41;31m][0m [1mTS1005: ';' expected.[0m 
[1m[35m[plugin angular-compiler][0m

    src/app/components/gifts.ts:236:10:
[37m      236 Γöé       name[32m:[37m 'Couple Watch Set',
          Γò╡           [32m^[0m


[31mX [41;31m[[41;97mERROR[41;31m][0m [1mTS2695: Left side of comma 
operator is unused and has no side effects.[0m [1m[35m[plugin 
angular-compiler][0m

    src/app/components/gifts.ts:236:12:
[37m      236 Γöé       name: [32m'Couple Watch Set'[37m,
          Γò╡             [32m~~~~~~~~~~~~~~~~~~[0m


[31mX [41;31m[[41;97mERROR[41;31m][0m [1mTS2304: Cannot find name 
'price'.[0m [1m[35m[plugin angular-compiler][0m

    src/app/components/gifts.ts:237:6:
[37m      237 Γöé       [32mprice[37m: 4999,
          Γò╡       [32m~~~~~[0m


[31mX [41;31m[[41;97mERROR[41;31m][0m [1mTS1005: ';' expected.[0m 
[1m[35m[plugin angular-compiler][0m

    src/app/components/gifts.ts:237:11:
[37m      237 Γöé       price[32m:[37m 4999,
          Γò╡            [32m^[0m


[31mX [41;31m[[41;97mERROR[41;31m][0m [1mTS2695: Left side of comma 
operator is unused and has no side effects.[0m [1m[35m[plugin 
angular-compiler][0m

    src/app/components/gifts.ts:237:13:
[37m      237 Γöé       price: [32m4999[37m,
          Γò╡              [32m~~~~[0m


[31mX [41;31m[[41;97mERROR[41;31m][0m [1mTS2304: Cannot find name 
'category'.[0m [1m[35m[plugin angular-compiler][0m

    src/app/components/gifts.ts:238:6:
[37m      238 Γöé       [32mcategory[37m: 'Wedding',
          Γò╡       [32m~~~~~~~~[0m


[31mX [41;31m[[41;97mERROR[41;31m][0m [1mTS1005: ';' expected.[0m 
[1m[35m[plugin angular-compiler][0m

    src/app/components/gifts.ts:238:14:
[37m      238 Γöé       category[32m:[37m 'Wedding',
          Γò╡               [32m^[0m


[31mX [41;31m[[41;97mERROR[41;31m][0m [1mTS2695: Left side of comma 
operator is unused and has no side effects.[0m [1m[35m[plugin 
angular-compiler][0m

    src/app/components/gifts.ts:238:16:
[37m      238 Γöé       category: [32m'Wedding'[37m,
          Γò╡                 [32m~~~~~~~~~[0m


[31mX [41;31m[[41;97mERROR[41;31m][0m [1mTS2304: Cannot find name 
'rating'.[0m [1m[35m[plugin angular-compiler][0m

    src/app/components/gifts.ts:239:6:
[37m      239 Γöé       [32mrating[37m: 4.7,
          Γò╡       [32m~~~~~~[0m


[31mX [41;31m[[41;97mERROR[41;31m][0m [1mTS1005: ';' expected.[0m 
[1m[35m[plugin angular-compiler][0m

    src/app/components/gifts.ts:239:12:
[37m      239 Γöé       rating[32m:[37m 4.7,
          Γò╡             [32m^[0m


[31mX [41;31m[[41;97mERROR[41;31m][0m [1mTS2695: Left side of comma 
operator is unused and has no side effects.[0m [1m[35m[plugin 
angular-compiler][0m

    src/app/components/gifts.ts:239:14:
[37m      239 Γöé       rating: [32m4.7[37m,
          Γò╡               [32m~~~[0m


[31mX [41;31m[[41;97mERROR[41;31m][0m [1mTS2304: Cannot find name 
'tag'.[0m [1m[35m[plugin angular-compiler][0m

    src/app/components/gifts.ts:240:6:
[37m      240 Γöé       [32mtag[37m: 'Couple',
          Γò╡       [32m~~~[0m


[31mX [41;31m[[41;97mERROR[41;31m][0m [1mTS1005: ';' expected.[0m 
[1m[35m[plugin angular-compiler][0m

    src/app/components/gifts.ts:240:9:
[37m      240 Γöé       tag[32m:[37m 'Couple',
          Γò╡          [32m^[0m


[31mX [41;31m[[41;97mERROR[41;31m][0m [1mTS2695: Left side of comma 
operator is unused and has no side effects.[0m [1m[35m[plugin 
angular-compiler][0m

    src/app/components/gifts.ts:240:11:
[37m      240 Γöé       tag: [32m'Couple'[37m,
          Γò╡            [32m~~~~~~~~[0m


[31mX [41;31m[[41;97mERROR[41;31m][0m [1mTS2304: Cannot find name 
'relation'.[0m [1m[35m[plugin angular-compiler][0m

    src/app/components/gifts.ts:241:6:
[37m      241 Γöé       [32mrelation[37m: 'Partner',
          Γò╡       [32m~~~~~~~~[0m


[31mX [41;31m[[41;97mERROR[41;31m][0m [1mTS1005: ';' expected.[0m 
[1m[35m[plugin angular-compiler][0m

    src/app/components/gifts.ts:241:14:
[37m      241 Γöé       relation[32m:[37m 'Partner',
          Γò╡               [32m^[0m


[31mX [41;31m[[41;97mERROR[41;31m][0m [1mTS2695: Left side of comma 
operator is unused and has no side effects.[0m [1m[35m[plugin 
angular-compiler][0m

    src/app/components/gifts.ts:241:16:
[37m      241 Γöé       relation: [32m'Partner'[37m,
          Γò╡                 [32m~~~~~~~~~[0m


[31mX [41;31m[[41;97mERROR[41;31m][0m [1mTS2304: Cannot find name 
'imageUrl'.[0m [1m[35m[plugin angular-compiler][0m

    src/app/components/gifts.ts:242:6:
[37m      242 Γöé       [32mimageUrl[37m: 
'https://images.pexels.com/photos/26739154/pexels...
          Γò╡       [32m~~~~~~~~[0m


[31mX [41;31m[[41;97mERROR[41;31m][0m [1mTS1005: ';' expected.[0m 
[1m[35m[plugin angular-compiler][0m

    src/app/components/gifts.ts:242:14:
[37m      242 Γöé       imageUrl[32m:[37m 
'https://images.pexels.com/photos/26739154/pexels...
          Γò╡               [32m^[0m


[31mX [41;31m[[41;97mERROR[41;31m][0m [1mTS2695: Left side of comma 
operator is unused and has no side effects.[0m [1m[35m[plugin 
angular-compiler][0m

    src/app/components/gifts.ts:242:16:
[37m      242 Γöé ...imageUrl: 
[32m'https://images.pexels.com/photos/26739154/pexels-ph[37m...
          Γò╡              
[32m~~~~~~~~~~~~~~~~~~~~~~~~~~~~~~~~~~~~~~~~~~~~~~~~~~~~[0m


[31mX [41;31m[[41;97mERROR[41;31m][0m [1mTS1109: Expression 
expected.[0m [1m[35m[plugin angular-compiler][0m

    src/app/components/gifts.ts:243:4:
[37m      243 Γöé     [32m}[37m,
          Γò╡     [32m^[0m


[31mX [41;31m[[41;97mERROR[41;31m][0m [1mTS1128: Declaration or 
statement expected.[0m [1m[35m[plugin angular-compiler][0m

    src/app/components/gifts.ts:243:5:
[37m      243 Γöé     }[32m,[37m
          Γò╡      [32m^[0m


[31mX [41;31m[[41;97mERROR[41;31m][0m [1mTS2695: Left side of comma 
operator is unused and has no side effects.[0m [1m[35m[plugin 
angular-compiler][0m

    src/app/components/gifts.ts:245:10:
[37m      245 Γöé       id: [32m'w3'[37m,
          Γò╡           [32m~~~~[0m


[31mX [41;31m[[41;97mERROR[41;31m][0m [1mTS1005: ';' expected.[0m 
[1m[35m[plugin angular-compiler][0m

    src/app/components/gifts.ts:246:10:
[37m      246 Γöé       name[32m:[37m 'Luxury Bed Sheet Set',
          Γò╡           [32m^[0m


[31mX [41;31m[[41;97mERROR[41;31m][0m [1mTS2695: Left side of comma 
operator is unused and has no side effects.[0m [1m[35m[plugin 
angular-compiler][0m

    src/app/components/gifts.ts:246:12:
[37m      246 Γöé       name: [32m'Luxury Bed Sheet Set'[37m,
          Γò╡             [32m~~~~~~~~~~~~~~~~~~~~~~[0m


[31mX [41;31m[[41;97mERROR[41;31m][0m [1mTS2304: Cannot find name 
'price'.[0m [1m[35m[plugin angular-compiler][0m

    src/app/components/gifts.ts:247:6:
[37m      247 Γöé       [32mprice[37m: 2799,
          Γò╡       [32m~~~~~[0m


[31mX [41;31m[[41;97mERROR[41;31m][0m [1mTS1005: ';' expected.[0m 
[1m[35m[plugin angular-compiler][0m

    src/app/components/gifts.ts:247:11:
[37m      247 Γöé       price[32m:[37m 2799,
          Γò╡            [32m^[0m


[31mX [41;31m[[41;97mERROR[41;31m][0m [1mTS2695: Left side of comma 
operator is unused and has no side effects.[0m [1m[35m[plugin 
angular-compiler][0m

    src/app/components/gifts.ts:247:13:
[37m      247 Γöé       price: [32m2799[37m,
          Γò╡              [32m~~~~[0m


[31mX [41;31m[[41;97mERROR[41;31m][0m [1mTS2304: Cannot find name 
'category'.[0m [1m[35m[plugin angular-compiler][0m

    src/app/components/gifts.ts:248:6:
[37m      248 Γöé       [32mcategory[37m: 'Wedding',
          Γò╡       [32m~~~~~~~~[0m


[31mX [41;31m[[41;97mERROR[41;31m][0m [1mTS1005: ';' expected.[0m 
[1m[35m[plugin angular-compiler][0m

    src/app/components/gifts.ts:248:14:
[37m      248 Γöé       category[32m:[37m 'Wedding',
          Γò╡               [32m^[0m


[31mX [41;31m[[41;97mERROR[41;31m][0m [1mTS2695: Left side of comma 
operator is unused and has no side effects.[0m [1m[35m[plugin 
angular-compiler][0m

    src/app/components/gifts.ts:248:16:
[37m      248 Γöé       category: [32m'Wedding'[37m,
          Γò╡                 [32m~~~~~~~~~[0m


[31mX [41;31m[[41;97mERROR[41;31m][0m [1mTS2304: Cannot find name 
'rating'.[0m [1m[35m[plugin angular-compiler][0m

    src/app/components/gifts.ts:249:6:
[37m      249 Γöé       [32mrating[37m: 4.5,
          Γò╡       [32m~~~~~~[0m


[31mX [41;31m[[41;97mERROR[41;31m][0m [1mTS1005: ';' expected.[0m 
[1m[35m[plugin angular-compiler][0m

    src/app/components/gifts.ts:249:12:
[37m      249 Γöé       rating[32m:[37m 4.5,
          Γò╡             [32m^[0m


[31mX [41;31m[[41;97mERROR[41;31m][0m [1mTS2695: Left side of comma 
operator is unused and has no side effects.[0m [1m[35m[plugin 
angular-compiler][0m

    src/app/components/gifts.ts:249:14:
[37m      249 Γöé       rating: [32m4.5[37m,
          Γò╡               [32m~~~[0m


[31mX [41;31m[[41;97mERROR[41;31m][0m [1mTS2304: Cannot find name 
'tag'.[0m [1m[35m[plugin angular-compiler][0m

    src/app/components/gifts.ts:250:6:
[37m      250 Γöé       [32mtag[37m: 'Home',
          Γò╡       [32m~~~[0m


[31mX [41;31m[[41;97mERROR[41;31m][0m [1mTS1005: ';' expected.[0m 
[1m[35m[plugin angular-compiler][0m

    src/app/components/gifts.ts:250:9:
[37m      250 Γöé       tag[32m:[37m 'Home',
          Γò╡          [32m^[0m


[31mX [41;31m[[41;97mERROR[41;31m][0m [1mTS2695: Left side of comma 
operator is unused and has no side effects.[0m [1m[35m[plugin 
angular-compiler][0m

    src/app/components/gifts.ts:250:11:
[37m      250 Γöé       tag: [32m'Home'[37m,
          Γò╡            [32m~~~~~~[0m


[31mX [41;31m[[41;97mERROR[41;31m][0m [1mTS2304: Cannot find name 
'relation'.[0m [1m[35m[plugin angular-compiler][0m

    src/app/components/gifts.ts:251:6:
[37m      251 Γöé       [32mrelation[37m: 'Family',
          Γò╡       [32m~~~~~~~~[0m


[31mX [41;31m[[41;97mERROR[41;31m][0m [1mTS1005: ';' expected.[0m 
[1m[35m[plugin angular-compiler][0m

    src/app/components/gifts.ts:251:14:
[37m      251 Γöé       relation[32m:[37m 'Family',
          Γò╡               [32m^[0m


[31mX [41;31m[[41;97mERROR[41;31m][0m [1mTS2695: Left side of comma 
operator is unused and has no side effects.[0m [1m[35m[plugin 
angular-compiler][0m

    src/app/components/gifts.ts:251:16:
[37m      251 Γöé       relation: [32m'Family'[37m,
          Γò╡                 [32m~~~~~~~~[0m


[31mX [41;31m[[41;97mERROR[41;31m][0m [1mTS2304: Cannot find name 
'imageUrl'.[0m [1m[35m[plugin angular-compiler][0m

    src/app/components/gifts.ts:252:6:
[37m      252 Γöé       [32mimageUrl[37m: 
'https://images.pexels.com/photos/19743612/pexels...
          Γò╡       [32m~~~~~~~~[0m


[31mX [41;31m[[41;97mERROR[41;31m][0m [1mTS1005: ';' expected.[0m 
[1m[35m[plugin angular-compiler][0m

    src/app/components/gifts.ts:252:14:
[37m      252 Γöé       imageUrl[32m:[37m 
'https://images.pexels.com/photos/19743612/pexels...
          Γò╡               [32m^[0m


[31mX [41;31m[[41;97mERROR[41;31m][0m [1mTS2695: Left side of comma 
operator is unused and has no side effects.[0m [1m[35m[plugin 
angular-compiler][0m

    src/app/components/gifts.ts:252:16:
[37m      252 Γöé ...imageUrl: 
[32m'https://images.pexels.com/photos/19743612/pexels-ph[37m...
          Γò╡              
[32m~~~~~~~~~~~~~~~~~~~~~~~~~~~~~~~~~~~~~~~~~~~~~~~~~~~~[0m


[31mX [41;31m[[41;97mERROR[41;31m][0m [1mTS1109: Expression 
expected.[0m [1m[35m[plugin angular-compiler][0m

    src/app/components/gifts.ts:253:4:
[37m      253 Γöé     [32m}[37m,
          Γò╡     [32m^[0m


[31mX [41;31m[[41;97mERROR[41;31m][0m [1mTS1128: Declaration or 
statement expected.[0m [1m[35m[plugin angular-compiler][0m

    src/app/components/gifts.ts:253:5:
[37m      253 Γöé     }[32m,[37m
          Γò╡      [32m^[0m


[31mX [41;31m[[41;97mERROR[41;31m][0m [1mTS2695: Left side of comma 
operator is unused and has no side effects.[0m [1m[35m[plugin 
angular-compiler][0m

    src/app/components/gifts.ts:255:10:
[37m      255 Γöé       id: [32m'w4'[37m,
          Γò╡           [32m~~~~[0m


[31mX [41;31m[[41;97mERROR[41;31m][0m [1mTS1005: ';' expected.[0m 
[1m[35m[plugin angular-compiler][0m

    src/app/components/gifts.ts:256:10:
[37m      256 Γöé       name[32m:[37m 'Home Decor Showpiece',
          Γò╡           [32m^[0m


[31mX [41;31m[[41;97mERROR[41;31m][0m [1mTS2695: Left side of comma 
operator is unused and has no side effects.[0m [1m[35m[plugin 
angular-compiler][0m

    src/app/components/gifts.ts:256:12:
[37m      256 Γöé       name: [32m'Home Decor Showpiece'[37m,
          Γò╡             [32m~~~~~~~~~~~~~~~~~~~~~~[0m


[31mX [41;31m[[41;97mERROR[41;31m][0m [1mTS2304: Cannot find name 
'price'.[0m [1m[35m[plugin angular-compiler][0m

    src/app/components/gifts.ts:257:6:
[37m      257 Γöé       [32mprice[37m: 1999,
          Γò╡       [32m~~~~~[0m


[31mX [41;31m[[41;97mERROR[41;31m][0m [1mTS1005: ';' expected.[0m 
[1m[35m[plugin angular-compiler][0m

    src/app/components/gifts.ts:257:11:
[37m      257 Γöé       price[32m:[37m 1999,
          Γò╡            [32m^[0m


[31mX [41;31m[[41;97mERROR[41;31m][0m [1mTS2695: Left side of comma 
operator is unused and has no side effects.[0m [1m[35m[plugin 
angular-compiler][0m

    src/app/components/gifts.ts:257:13:
[37m      257 Γöé       price: [32m1999[37m,
          Γò╡              [32m~~~~[0m


[31mX [41;31m[[41;97mERROR[41;31m][0m [1mTS2304: Cannot find name 
'category'.[0m [1m[35m[plugin angular-compiler][0m

    src/app/components/gifts.ts:258:6:
[37m      258 Γöé       [32mcategory[37m: 'Wedding',
          Γò╡       [32m~~~~~~~~[0m


[31mX [41;31m[[41;97mERROR[41;31m][0m [1mTS1005: ';' expected.[0m 
[1m[35m[plugin angular-compiler][0m

    src/app/components/gifts.ts:258:14:
[37m      258 Γöé       category[32m:[37m 'Wedding',
          Γò╡               [32m^[0m


[31mX [41;31m[[41;97mERROR[41;31m][0m [1mTS2695: Left side of comma 
operator is unused and has no side effects.[0m [1m[35m[plugin 
angular-compiler][0m

    src/app/components/gifts.ts:258:16:
[37m      258 Γöé       category: [32m'Wedding'[37m,
          Γò╡                 [32m~~~~~~~~~[0m


[31mX [41;31m[[41;97mERROR[41;31m][0m [1mTS2304: Cannot find name 
'rating'.[0m [1m[35m[plugin angular-compiler][0m

    src/app/components/gifts.ts:259:6:
[37m      259 Γöé       [32mrating[37m: 4.4,
          Γò╡       [32m~~~~~~[0m


[31mX [41;31m[[41;97mERROR[41;31m][0m [1mTS1005: ';' expected.[0m 
[1m[35m[plugin angular-compiler][0m

    src/app/components/gifts.ts:259:12:
[37m      259 Γöé       rating[32m:[37m 4.4,
          Γò╡             [32m^[0m


[31mX [41;31m[[41;97mERROR[41;31m][0m [1mTS2695: Left side of comma 
operator is unused and has no side effects.[0m [1m[35m[plugin 
angular-compiler][0m

    src/app/components/gifts.ts:259:14:
[37m      259 Γöé       rating: [32m4.4[37m,
          Γò╡               [32m~~~[0m


[31mX [41;31m[[41;97mERROR[41;31m][0m [1mTS2304: Cannot find name 
'tag'.[0m [1m[35m[plugin angular-compiler][0m

    src/app/components/gifts.ts:260:6:
[37m      260 Γöé       [32mtag[37m: 'Decor',
          Γò╡       [32m~~~[0m


[31mX [41;31m[[41;97mERROR[41;31m][0m [1mTS1005: ';' expected.[0m 
[1m[35m[plugin angular-compiler][0m

    src/app/components/gifts.ts:260:9:
[37m      260 Γöé       tag[32m:[37m 'Decor',
          Γò╡          [32m^[0m


[31mX [41;31m[[41;97mERROR[41;31m][0m [1mTS2695: Left side of comma 
operator is unused and has no side effects.[0m [1m[35m[plugin 
angular-compiler][0m

    src/app/components/gifts.ts:260:11:
[37m      260 Γöé       tag: [32m'Decor'[37m,
          Γò╡            [32m~~~~~~~[0m


[31mX [41;31m[[41;97mERROR[41;31m][0m [1mTS2304: Cannot find name 
'relation'.[0m [1m[35m[plugin angular-compiler][0m

    src/app/components/gifts.ts:261:6:
[37m      261 Γöé       [32mrelation[37m: 'Family',
          Γò╡       [32m~~~~~~~~[0m


[31mX [41;31m[[41;97mERROR[41;31m][0m [1mTS1005: ';' expected.[0m 
[1m[35m[plugin angular-compiler][0m

    src/app/components/gifts.ts:261:14:
[37m      261 Γöé       relation[32m:[37m 'Family',
          Γò╡               [32m^[0m


[31mX [41;31m[[41;97mERROR[41;31m][0m [1mTS2695: Left side of comma 
operator is unused and has no side effects.[0m [1m[35m[plugin 
angular-compiler][0m

    src/app/components/gifts.ts:261:16:
[37m      261 Γöé       relation: [32m'Family'[37m,
          Γò╡                 [32m~~~~~~~~[0m


[31mX [41;31m[[41;97mERROR[41;31m][0m [1mTS2304: Cannot find name 
'imageUrl'.[0m [1m[35m[plugin angular-compiler][0m

    src/app/components/gifts.ts:262:6:
[37m      262 Γöé       [32mimageUrl[37m: 
'https://images.pexels.com/photos/1468337/pexels-...
          Γò╡       [32m~~~~~~~~[0m


[31mX [41;31m[[41;97mERROR[41;31m][0m [1mTS1005: ';' expected.[0m 
[1m[35m[plugin angular-compiler][0m

    src/app/components/gifts.ts:262:14:
[37m      262 Γöé       imageUrl[32m:[37m 
'https://images.pexels.com/photos/1468337/pexels-...
          Γò╡               [32m^[0m


[31mX [41;31m[[41;97mERROR[41;31m][0m [1mTS2695: Left side of comma 
operator is unused and has no side effects.[0m [1m[35m[plugin 
angular-compiler][0m

    src/app/components/gifts.ts:262:16:
[37m      262 Γöé ...imageUrl: 
[32m'https://images.pexels.com/photos/1468337/pexels-pho[37m...
          Γò╡              
[32m~~~~~~~~~~~~~~~~~~~~~~~~~~~~~~~~~~~~~~~~~~~~~~~~~~~~[0m


[31mX [41;31m[[41;97mERROR[41;31m][0m [1mTS1109: Expression 
expected.[0m [1m[35m[plugin angular-compiler][0m

    src/app/components/gifts.ts:263:4:
[37m      263 Γöé     [32m}[37m,
          Γò╡     [32m^[0m


[31mX [41;31m[[41;97mERROR[41;31m][0m [1mTS1128: Declaration or 
statement expected.[0m [1m[35m[plugin angular-compiler][0m

    src/app/components/gifts.ts:263:5:
[37m      263 Γöé     }[32m,[37m
          Γò╡      [32m^[0m


[31mX [41;31m[[41;97mERROR[41;31m][0m [1mTS2695: Left side of comma 
operator is unused and has no side effects.[0m [1m[35m[plugin 
angular-compiler][0m

    src/app/components/gifts.ts:265:10:
[37m      265 Γöé       id: [32m'w5'[37m,
          Γò╡           [32m~~~~[0m


[31mX [41;31m[[41;97mERROR[41;31m][0m [1mTS1005: ';' expected.[0m 
[1m[35m[plugin angular-compiler][0m

    src/app/components/gifts.ts:266:10:
[37m      266 Γöé       name[32m:[37m 'Microwave Oven',
          Γò╡           [32m^[0m


[31mX [41;31m[[41;97mERROR[41;31m][0m [1mTS2695: Left side of comma 
operator is unused and has no side effects.[0m [1m[35m[plugin 
angular-compiler][0m

    src/app/components/gifts.ts:266:12:
[37m      266 Γöé       name: [32m'Microwave Oven'[37m,
          Γò╡             [32m~~~~~~~~~~~~~~~~[0m


[31mX [41;31m[[41;97mERROR[41;31m][0m [1mTS2304: Cannot find name 
'price'.[0m [1m[35m[plugin angular-compiler][0m

    src/app/components/gifts.ts:267:6:
[37m      267 Γöé       [32mprice[37m: 6999,
          Γò╡       [32m~~~~~[0m


[31mX [41;31m[[41;97mERROR[41;31m][0m [1mTS1005: ';' expected.[0m 
[1m[35m[plugin angular-compiler][0m

    src/app/components/gifts.ts:267:11:
[37m      267 Γöé       price[32m:[37m 6999,
          Γò╡            [32m^[0m


[31mX [41;31m[[41;97mERROR[41;31m][0m [1mTS2695: Left side of comma 
operator is unused and has no side effects.[0m [1m[35m[plugin 
angular-compiler][0m

    src/app/components/gifts.ts:267:13:
[37m      267 Γöé       price: [32m6999[37m,
          Γò╡              [32m~~~~[0m


[31mX [41;31m[[41;97mERROR[41;31m][0m [1mTS2304: Cannot find name 
'category'.[0m [1m[35m[plugin angular-compiler][0m

    src/app/components/gifts.ts:268:6:
[37m      268 Γöé       [32mcategory[37m: 'Wedding',
          Γò╡       [32m~~~~~~~~[0m


[31mX [41;31m[[41;97mERROR[41;31m][0m [1mTS1005: ';' expected.[0m 
[1m[35m[plugin angular-compiler][0m

    src/app/components/gifts.ts:268:14:
[37m      268 Γöé       category[32m:[37m 'Wedding',
          Γò╡               [32m^[0m


[31mX [41;31m[[41;97mERROR[41;31m][0m [1mTS2695: Left side of comma 
operator is unused and has no side effects.[0m [1m[35m[plugin 
angular-compiler][0m

    src/app/components/gifts.ts:268:16:
[37m      268 Γöé       category: [32m'Wedding'[37m,
          Γò╡                 [32m~~~~~~~~~[0m


[31mX [41;31m[[41;97mERROR[41;31m][0m [1mTS2304: Cannot find name 
'rating'.[0m [1m[35m[plugin angular-compiler][0m

    src/app/components/gifts.ts:269:6:
[37m      269 Γöé       [32mrating[37m: 4.6,
          Γò╡       [32m~~~~~~[0m


[31mX [41;31m[[41;97mERROR[41;31m][0m [1mTS1005: ';' expected.[0m 
[1m[35m[plugin angular-compiler][0m

    src/app/components/gifts.ts:269:12:
[37m      269 Γöé       rating[32m:[37m 4.6,
          Γò╡             [32m^[0m


[31mX [41;31m[[41;97mERROR[41;31m][0m [1mTS2695: Left side of comma 
operator is unused and has no side effects.[0m [1m[35m[plugin 
angular-compiler][0m

    src/app/components/gifts.ts:269:14:
[37m      269 Γöé       rating: [32m4.6[37m,
          Γò╡               [32m~~~[0m


[31mX [41;31m[[41;97mERROR[41;31m][0m [1mTS2304: Cannot find name 
'tag'.[0m [1m[35m[plugin angular-compiler][0m

    src/app/components/gifts.ts:270:6:
[37m      270 Γöé       [32mtag[37m: 'Appliance',
          Γò╡       [32m~~~[0m


[31mX [41;31m[[41;97mERROR[41;31m][0m [1mTS1005: ';' expected.[0m 
[1m[35m[plugin angular-compiler][0m

    src/app/components/gifts.ts:270:9:
[37m      270 Γöé       tag[32m:[37m 'Appliance',
          Γò╡          [32m^[0m


[31mX [41;31m[[41;97mERROR[41;31m][0m [1mTS2695: Left side of comma 
operator is unused and has no side effects.[0m [1m[35m[plugin 
angular-compiler][0m

    src/app/components/gifts.ts:270:11:
[37m      270 Γöé       tag: [32m'Appliance'[37m,
          Γò╡            [32m~~~~~~~~~~~[0m


[31mX [41;31m[[41;97mERROR[41;31m][0m [1mTS2304: Cannot find name 
'relation'.[0m [1m[35m[plugin angular-compiler][0m

    src/app/components/gifts.ts:271:6:
[37m      271 Γöé       [32mrelation[37m: 'Family',
          Γò╡       [32m~~~~~~~~[0m


[31mX [41;31m[[41;97mERROR[41;31m][0m [1mTS1005: ';' expected.[0m 
[1m[35m[plugin angular-compiler][0m

    src/app/components/gifts.ts:271:14:
[37m      271 Γöé       relation[32m:[37m 'Family',
          Γò╡               [32m^[0m


[31mX [41;31m[[41;97mERROR[41;31m][0m [1mTS2695: Left side of comma 
operator is unused and has no side effects.[0m [1m[35m[plugin 
angular-compiler][0m

    src/app/components/gifts.ts:271:16:
[37m      271 Γöé       relation: [32m'Family'[37m,
          Γò╡                 [32m~~~~~~~~[0m


[31mX [41;31m[[41;97mERROR[41;31m][0m [1mTS2304: Cannot find name 
'imageUrl'.[0m [1m[35m[plugin angular-compiler][0m

    src/app/components/gifts.ts:272:6:
[37m      272 Γöé       [32mimageUrl[37m: 
'https://images.pexels.com/photos/8135120/pexels-...
          Γò╡       [32m~~~~~~~~[0m


[31mX [41;31m[[41;97mERROR[41;31m][0m [1mTS1005: ';' expected.[0m 
[1m[35m[plugin angular-compiler][0m

    src/app/components/gifts.ts:272:14:
[37m      272 Γöé       imageUrl[32m:[37m 
'https://images.pexels.com/photos/8135120/pexels-...
          Γò╡               [32m^[0m


[31mX [41;31m[[41;97mERROR[41;31m][0m [1mTS2695: Left side of comma 
operator is unused and has no side effects.[0m [1m[35m[plugin 
angular-compiler][0m

    src/app/components/gifts.ts:272:16:
[37m      272 Γöé ...imageUrl: 
[32m'https://images.pexels.com/photos/8135120/pexels-pho[37m...
          Γò╡              
[32m~~~~~~~~~~~~~~~~~~~~~~~~~~~~~~~~~~~~~~~~~~~~~~~~~~~~[0m


[31mX [41;31m[[41;97mERROR[41;31m][0m [1mTS1109: Expression 
expected.[0m [1m[35m[plugin angular-compiler][0m

    src/app/components/gifts.ts:273:4:
[37m      273 Γöé     [32m}[37m,
          Γò╡     [32m^[0m


[31mX [41;31m[[41;97mERROR[41;31m][0m [1mTS1128: Declaration or 
statement expected.[0m [1m[35m[plugin angular-compiler][0m

    src/app/components/gifts.ts:273:5:
[37m      273 Γöé     }[32m,[37m
          Γò╡      [32m^[0m


[31mX [41;31m[[41;97mERROR[41;31m][0m [1mTS2695: Left side of comma 
operator is unused and has no side effects.[0m [1m[35m[plugin 
angular-compiler][0m

    src/app/components/gifts.ts:275:10:
[37m      275 Γöé       id: [32m'w6'[37m,
          Γò╡           [32m~~~~[0m


[31mX [41;31m[[41;97mERROR[41;31m][0m [1mTS1005: ';' expected.[0m 
[1m[35m[plugin angular-compiler][0m

    src/app/components/gifts.ts:276:10:
[37m      276 Γöé       name[32m:[37m 'Couple Photo Frame',
          Γò╡           [32m^[0m


[31mX [41;31m[[41;97mERROR[41;31m][0m [1mTS2695: Left side of comma 
operator is unused and has no side effects.[0m [1m[35m[plugin 
angular-compiler][0m

    src/app/components/gifts.ts:276:12:
[37m      276 Γöé       name: [32m'Couple Photo Frame'[37m,
          Γò╡             [32m~~~~~~~~~~~~~~~~~~~~[0m


[31mX [41;31m[[41;97mERROR[41;31m][0m [1mTS2304: Cannot find name 
'price'.[0m [1m[35m[plugin angular-compiler][0m

    src/app/components/gifts.ts:277:6:
[37m      277 Γöé       [32mprice[37m: 1199,
          Γò╡       [32m~~~~~[0m


[31mX [41;31m[[41;97mERROR[41;31m][0m [1mTS1005: ';' expected.[0m 
[1m[35m[plugin angular-compiler][0m

    src/app/components/gifts.ts:277:11:
[37m      277 Γöé       price[32m:[37m 1199,
          Γò╡            [32m^[0m


[31mX [41;31m[[41;97mERROR[41;31m][0m [1mTS2695: Left side of comma 
operator is unused and has no side effects.[0m [1m[35m[plugin 
angular-compiler][0m

    src/app/components/gifts.ts:277:13:
[37m      277 Γöé       price: [32m1199[37m,
          Γò╡              [32m~~~~[0m


[31mX [41;31m[[41;97mERROR[41;31m][0m [1mTS2304: Cannot find name 
'category'.[0m [1m[35m[plugin angular-compiler][0m

    src/app/components/gifts.ts:278:6:
[37m      278 Γöé       [32mcategory[37m: 'Wedding',
          Γò╡       [32m~~~~~~~~[0m


[31mX [41;31m[[41;97mERROR[41;31m][0m [1mTS1005: ';' expected.[0m 
[1m[35m[plugin angular-compiler][0m

    src/app/components/gifts.ts:278:14:
[37m      278 Γöé       category[32m:[37m 'Wedding',
          Γò╡               [32m^[0m


[31mX [41;31m[[41;97mERROR[41;31m][0m [1mTS2695: Left side of comma 
operator is unused and has no side effects.[0m [1m[35m[plugin 
angular-compiler][0m

    src/app/components/gifts.ts:278:16:
[37m      278 Γöé       category: [32m'Wedding'[37m,
          Γò╡                 [32m~~~~~~~~~[0m


[31mX [41;31m[[41;97mERROR[41;31m][0m [1mTS2304: Cannot find name 
'rating'.[0m [1m[35m[plugin angular-compiler][0m

    src/app/components/gifts.ts:279:6:
[37m      279 Γöé       [32mrating[37m: 4.5,
          Γò╡       [32m~~~~~~[0m


[31mX [41;31m[[41;97mERROR[41;31m][0m [1mTS1005: ';' expected.[0m 
[1m[35m[plugin angular-compiler][0m

    src/app/components/gifts.ts:279:12:
[37m      279 Γöé       rating[32m:[37m 4.5,
          Γò╡             [32m^[0m


[31mX [41;31m[[41;97mERROR[41;31m][0m [1mTS2695: Left side of comma 
operator is unused and has no side effects.[0m [1m[35m[plugin 
angular-compiler][0m

    src/app/components/gifts.ts:279:14:
[37m      279 Γöé       rating: [32m4.5[37m,
          Γò╡               [32m~~~[0m


[31mX [41;31m[[41;97mERROR[41;31m][0m [1mTS2304: Cannot find name 
'tag'.[0m [1m[35m[plugin angular-compiler][0m

    src/app/components/gifts.ts:280:6:
[37m      280 Γöé       [32mtag[37m: 'Memories',
          Γò╡       [32m~~~[0m


[31mX [41;31m[[41;97mERROR[41;31m][0m [1mTS1005: ';' expected.[0m 
[1m[35m[plugin angular-compiler][0m

    src/app/components/gifts.ts:280:9:
[37m      280 Γöé       tag[32m:[37m 'Memories',
          Γò╡          [32m^[0m


[31mX [41;31m[[41;97mERROR[41;31m][0m [1mTS2695: Left side of comma 
operator is unused and has no side effects.[0m [1m[35m[plugin 
angular-compiler][0m

    src/app/components/gifts.ts:280:11:
[37m      280 Γöé       tag: [32m'Memories'[37m,
          Γò╡            [32m~~~~~~~~~~[0m


[31mX [41;31m[[41;97mERROR[41;31m][0m [1mTS2304: Cannot find name 
'relation'.[0m [1m[35m[plugin angular-compiler][0m

    src/app/components/gifts.ts:281:6:
[37m      281 Γöé       [32mrelation[37m: 'Partner',
          Γò╡       [32m~~~~~~~~[0m


[31mX [41;31m[[41;97mERROR[41;31m][0m [1mTS1005: ';' expected.[0m 
[1m[35m[plugin angular-compiler][0m

    src/app/components/gifts.ts:281:14:
[37m      281 Γöé       relation[32m:[37m 'Partner',
          Γò╡               [32m^[0m


[31mX [41;31m[[41;97mERROR[41;31m][0m [1mTS2695: Left side of comma 
operator is unused and has no side effects.[0m [1m[35m[plugin 
angular-compiler][0m

    src/app/components/gifts.ts:281:16:
[37m      281 Γöé       relation: [32m'Partner'[37m,
          Γò╡                 [32m~~~~~~~~~[0m


[31mX [41;31m[[41;97mERROR[41;31m][0m [1mTS2304: Cannot find name 
'imageUrl'.[0m [1m[35m[plugin angular-compiler][0m

    src/app/components/gifts.ts:282:6:
[37m      282 Γöé       [32mimageUrl[37m: 
'https://images.pexels.com/photos/17322538/pexels...
          Γò╡       [32m~~~~~~~~[0m


[31mX [41;31m[[41;97mERROR[41;31m][0m [1mTS1005: ';' expected.[0m 
[1m[35m[plugin angular-compiler][0m

    src/app/components/gifts.ts:282:14:
[37m      282 Γöé       imageUrl[32m:[37m 
'https://images.pexels.com/photos/17322538/pexels...
          Γò╡               [32m^[0m


[31mX [41;31m[[41;97mERROR[41;31m][0m [1mTS2695: Left side of comma 
operator is unused and has no side effects.[0m [1m[35m[plugin 
angular-compiler][0m

    src/app/components/gifts.ts:282:16:
[37m      282 Γöé ...imageUrl: 
[32m'https://images.pexels.com/photos/17322538/pexels-ph[37m...
          Γò╡              
[32m~~~~~~~~~~~~~~~~~~~~~~~~~~~~~~~~~~~~~~~~~~~~~~~~~~~~[0m


[31mX [41;31m[[41;97mERROR[41;31m][0m [1mTS1109: Expression 
expected.[0m [1m[35m[plugin angular-compiler][0m

    src/app/components/gifts.ts:283:4:
[37m      283 Γöé     [32m}[37m,
          Γò╡     [32m^[0m


[31mX [41;31m[[41;97mERROR[41;31m][0m [1mTS1128: Declaration or 
statement expected.[0m [1m[35m[plugin angular-compiler][0m

    src/app/components/gifts.ts:283:5:
[37m      283 Γöé     }[32m,[37m
          Γò╡      [32m^[0m


[31mX [41;31m[[41;97mERROR[41;31m][0m [1mTS2695: Left side of comma 
operator is unused and has no side effects.[0m [1m[35m[plugin 
angular-compiler][0m

    src/app/components/gifts.ts:285:10:
[37m      285 Γöé       id: [32m'a1'[37m,
          Γò╡           [32m~~~~[0m


[31mX [41;31m[[41;97mERROR[41;31m][0m [1mTS1005: ';' expected.[0m 
[1m[35m[plugin angular-compiler][0m

    src/app/components/gifts.ts:286:10:
[37m      286 Γöé       name[32m:[37m 'Couple Jewelry Set',
          Γò╡           [32m^[0m


[31mX [41;31m[[41;97mERROR[41;31m][0m [1mTS2695: Left side of comma 
operator is unused and has no side effects.[0m [1m[35m[plugin 
angular-compiler][0m

    src/app/components/gifts.ts:286:12:
[37m      286 Γöé       name: [32m'Couple Jewelry Set'[37m,
          Γò╡             [32m~~~~~~~~~~~~~~~~~~~~[0m


[31mX [41;31m[[41;97mERROR[41;31m][0m [1mTS2304: Cannot find name 
'price'.[0m [1m[35m[plugin angular-compiler][0m

    src/app/components/gifts.ts:287:6:
[37m      287 Γöé       [32mprice[37m: 3899,
          Γò╡       [32m~~~~~[0m


[31mX [41;31m[[41;97mERROR[41;31m][0m [1mTS1005: ';' expected.[0m 
[1m[35m[plugin angular-compiler][0m

    src/app/components/gifts.ts:287:11:
[37m      287 Γöé       price[32m:[37m 3899,
          Γò╡            [32m^[0m


[31mX [41;31m[[41;97mERROR[41;31m][0m [1mTS2695: Left side of comma 
operator is unused and has no side effects.[0m [1m[35m[plugin 
angular-compiler][0m

    src/app/components/gifts.ts:287:13:
[37m      287 Γöé       price: [32m3899[37m,
          Γò╡              [32m~~~~[0m


[31mX [41;31m[[41;97mERROR[41;31m][0m [1mTS2304: Cannot find name 
'category'.[0m [1m[35m[plugin angular-compiler][0m

    src/app/components/gifts.ts:288:6:
[37m      288 Γöé       [32mcategory[37m: 'Anniversary',
          Γò╡       [32m~~~~~~~~[0m


[31mX [41;31m[[41;97mERROR[41;31m][0m [1mTS1005: ';' expected.[0m 
[1m[35m[plugin angular-compiler][0m

    src/app/components/gifts.ts:288:14:
[37m      288 Γöé       category[32m:[37m 'Anniversary',
          Γò╡               [32m^[0m


[31mX [41;31m[[41;97mERROR[41;31m][0m [1mTS2695: Left side of comma 
operator is unused and has no side effects.[0m [1m[35m[plugin 
angular-compiler][0m

    src/app/components/gifts.ts:288:16:
[37m      288 Γöé       category: [32m'Anniversary'[37m,
          Γò╡                 [32m~~~~~~~~~~~~~[0m


[31mX [41;31m[[41;97mERROR[41;31m][0m [1mTS2304: Cannot find name 
'rating'.[0m [1m[35m[plugin angular-compiler][0m

    src/app/components/gifts.ts:289:6:
[37m      289 Γöé       [32mrating[37m: 4.8,
          Γò╡       [32m~~~~~~[0m


[31mX [41;31m[[41;97mERROR[41;31m][0m [1mTS1005: ';' expected.[0m 
[1m[35m[plugin angular-compiler][0m

    src/app/components/gifts.ts:289:12:
[37m      289 Γöé       rating[32m:[37m 4.8,
          Γò╡             [32m^[0m


[31mX [41;31m[[41;97mERROR[41;31m][0m [1mTS2695: Left side of comma 
operator is unused and has no side effects.[0m [1m[35m[plugin 
angular-compiler][0m

    src/app/components/gifts.ts:289:14:
[37m      289 Γöé       rating: [32m4.8[37m,
          Γò╡               [32m~~~[0m


[31mX [41;31m[[41;97mERROR[41;31m][0m [1mTS2304: Cannot find name 
'tag'.[0m [1m[35m[plugin angular-compiler][0m

    src/app/components/gifts.ts:290:6:
[37m      290 Γöé       [32mtag[37m: 'Romantic',
          Γò╡       [32m~~~[0m


[31mX [41;31m[[41;97mERROR[41;31m][0m [1mTS1005: ';' expected.[0m 
[1m[35m[plugin angular-compiler][0m

    src/app/components/gifts.ts:290:9:
[37m      290 Γöé       tag[32m:[37m 'Romantic',
          Γò╡          [32m^[0m


[31mX [41;31m[[41;97mERROR[41;31m][0m [1mTS2695: Left side of comma 
operator is unused and has no side effects.[0m [1m[35m[plugin 
angular-compiler][0m

    src/app/components/gifts.ts:290:11:
[37m      290 Γöé       tag: [32m'Romantic'[37m,
          Γò╡            [32m~~~~~~~~~~[0m


[31mX [41;31m[[41;97mERROR[41;31m][0m [1mTS2304: Cannot find name 
'relation'.[0m [1m[35m[plugin angular-compiler][0m

    src/app/components/gifts.ts:291:6:
[37m      291 Γöé       [32mrelation[37m: 'Partner',
          Γò╡       [32m~~~~~~~~[0m


[31mX [41;31m[[41;97mERROR[41;31m][0m [1mTS1005: ';' expected.[0m 
[1m[35m[plugin angular-compiler][0m

    src/app/components/gifts.ts:291:14:
[37m      291 Γöé       relation[32m:[37m 'Partner',
          Γò╡               [32m^[0m


[31mX [41;31m[[41;97mERROR[41;31m][0m [1mTS2695: Left side of comma 
operator is unused and has no side effects.[0m [1m[35m[plugin 
angular-compiler][0m

    src/app/components/gifts.ts:291:16:
[37m      291 Γöé       relation: [32m'Partner'[37m,
          Γò╡                 [32m~~~~~~~~~[0m


[31mX [41;31m[[41;97mERROR[41;31m][0m [1mTS2304: Cannot find name 
'imageUrl'.[0m [1m[35m[plugin angular-compiler][0m

    src/app/components/gifts.ts:292:6:
[37m      292 Γöé       [32mimageUrl[37m: 
'https://images.pexels.com/photos/29502955/pexels...
          Γò╡       [32m~~~~~~~~[0m


[31mX [41;31m[[41;97mERROR[41;31m][0m [1mTS1005: ';' expected.[0m 
[1m[35m[plugin angular-compiler][0m

    src/app/components/gifts.ts:292:14:
[37m      292 Γöé       imageUrl[32m:[37m 
'https://images.pexels.com/photos/29502955/pexels...
          Γò╡               [32m^[0m


[31mX [41;31m[[41;97mERROR[41;31m][0m [1mTS2695: Left side of comma 
operator is unused and has no side effects.[0m [1m[35m[plugin 
angular-compiler][0m

    src/app/components/gifts.ts:292:16:
[37m      292 Γöé ...imageUrl: 
[32m'https://images.pexels.com/photos/29502955/pexels-ph[37m...
          Γò╡              
[32m~~~~~~~~~~~~~~~~~~~~~~~~~~~~~~~~~~~~~~~~~~~~~~~~~~~~[0m


[31mX [41;31m[[41;97mERROR[41;31m][0m [1mTS1109: Expression 
expected.[0m [1m[35m[plugin angular-compiler][0m

    src/app/components/gifts.ts:293:4:
[37m      293 Γöé     [32m}[37m,
          Γò╡     [32m^[0m


[31mX [41;31m[[41;97mERROR[41;31m][0m [1mTS1128: Declaration or 
statement expected.[0m [1m[35m[plugin angular-compiler][0m

    src/app/components/gifts.ts:293:5:
[37m      293 Γöé     }[32m,[37m
          Γò╡      [32m^[0m


[31mX [41;31m[[41;97mERROR[41;31m][0m [1mTS2695: Left side of comma 
operator is unused and has no side effects.[0m [1m[35m[plugin 
angular-compiler][0m

    src/app/components/gifts.ts:295:10:
[37m      295 Γöé       id: [32m'a2'[37m,
          Γò╡           [32m~~~~[0m


[31mX [41;31m[[41;97mERROR[41;31m][0m [1mTS1005: ';' expected.[0m 
[1m[35m[plugin angular-compiler][0m

    src/app/components/gifts.ts:296:10:
[37m      296 Γöé       name[32m:[37m 'Romantic Candle Light Dinner Kit',
          Γò╡           [32m^[0m


[31mX [41;31m[[41;97mERROR[41;31m][0m [1mTS2695: Left side of comma 
operator is unused and has no side effects.[0m [1m[35m[plugin 
angular-compiler][0m

    src/app/components/gifts.ts:296:12:
[37m      296 Γöé       name: [32m'Romantic Candle Light Dinner Kit'[37m,
          Γò╡             [32m~~~~~~~~~~~~~~~~~~~~~~~~~~~~~~~~~~[0m


[31mX [41;31m[[41;97mERROR[41;31m][0m [1mTS2304: Cannot find name 
'price'.[0m [1m[35m[plugin angular-compiler][0m

    src/app/components/gifts.ts:297:6:
[37m      297 Γöé       [32mprice[37m: 2299,
          Γò╡       [32m~~~~~[0m


[31mX [41;31m[[41;97mERROR[41;31m][0m [1mTS1005: ';' expected.[0m 
[1m[35m[plugin angular-compiler][0m

    src/app/components/gifts.ts:297:11:
[37m      297 Γöé       price[32m:[37m 2299,
          Γò╡            [32m^[0m


[31mX [41;31m[[41;97mERROR[41;31m][0m [1mTS2695: Left side of comma 
operator is unused and has no side effects.[0m [1m[35m[plugin 
angular-compiler][0m

    src/app/components/gifts.ts:297:13:
[37m      297 Γöé       price: [32m2299[37m,
          Γò╡              [32m~~~~[0m


[31mX [41;31m[[41;97mERROR[41;31m][0m [1mTS2304: Cannot find name 
'category'.[0m [1m[35m[plugin angular-compiler][0m

    src/app/components/gifts.ts:298:6:
[37m      298 Γöé       [32mcategory[37m: 'Anniversary',
          Γò╡       [32m~~~~~~~~[0m


[31mX [41;31m[[41;97mERROR[41;31m][0m [1mTS1005: ';' expected.[0m 
[1m[35m[plugin angular-compiler][0m

    src/app/components/gifts.ts:298:14:
[37m      298 Γöé       category[32m:[37m 'Anniversary',
          Γò╡               [32m^[0m


[31mX [41;31m[[41;97mERROR[41;31m][0m [1mTS2695: Left side of comma 
operator is unused and has no side effects.[0m [1m[35m[plugin 
angular-compiler][0m

    src/app/components/gifts.ts:298:16:
[37m      298 Γöé       category: [32m'Anniversary'[37m,
          Γò╡                 [32m~~~~~~~~~~~~~[0m


[31mX [41;31m[[41;97mERROR[41;31m][0m [1mTS2304: Cannot find name 
'rating'.[0m [1m[35m[plugin angular-compiler][0m

    src/app/components/gifts.ts:299:6:
[37m      299 Γöé       [32mrating[37m: 4.7,
          Γò╡       [32m~~~~~~[0m


[31mX [41;31m[[41;97mERROR[41;31m][0m [1mTS1005: ';' expected.[0m 
[1m[35m[plugin angular-compiler][0m

    src/app/components/gifts.ts:299:12:
[37m      299 Γöé       rating[32m:[37m 4.7,
          Γò╡             [32m^[0m


[31mX [41;31m[[41;97mERROR[41;31m][0m [1mTS2695: Left side of comma 
operator is unused and has no side effects.[0m [1m[35m[plugin 
angular-compiler][0m

    src/app/components/gifts.ts:299:14:
[37m      299 Γöé       rating: [32m4.7[37m,
          Γò╡               [32m~~~[0m


[31mX [41;31m[[41;97mERROR[41;31m][0m [1mTS2304: Cannot find name 
'tag'.[0m [1m[35m[plugin angular-compiler][0m

    src/app/components/gifts.ts:300:6:
[37m      300 Γöé       [32mtag[37m: 'Date night',
          Γò╡       [32m~~~[0m


[31mX [41;31m[[41;97mERROR[41;31m][0m [1mTS1005: ';' expected.[0m 
[1m[35m[plugin angular-compiler][0m

    src/app/components/gifts.ts:300:9:
[37m      300 Γöé       tag[32m:[37m 'Date night',
          Γò╡          [32m^[0m


[31mX [41;31m[[41;97mERROR[41;31m][0m [1mTS2695: Left side of comma 
operator is unused and has no side effects.[0m [1m[35m[plugin 
angular-compiler][0m

    src/app/components/gifts.ts:300:11:
[37m      300 Γöé       tag: [32m'Date night'[37m,
          Γò╡            [32m~~~~~~~~~~~~[0m


[31mX [41;31m[[41;97mERROR[41;31m][0m [1mTS2304: Cannot find name 
'relation'.[0m [1m[35m[plugin angular-compiler][0m

    src/app/components/gifts.ts:301:6:
[37m      301 Γöé       [32mrelation[37m: 'Partner',
          Γò╡       [32m~~~~~~~~[0m


[31mX [41;31m[[41;97mERROR[41;31m][0m [1mTS1005: ';' expected.[0m 
[1m[35m[plugin angular-compiler][0m

    src/app/components/gifts.ts:301:14:
[37m      301 Γöé       relation[32m:[37m 'Partner',
          Γò╡               [32m^[0m


[31mX [41;31m[[41;97mERROR[41;31m][0m [1mTS2695: Left side of comma 
operator is unused and has no side effects.[0m [1m[35m[plugin 
angular-compiler][0m

    src/app/components/gifts.ts:301:16:
[37m      301 Γöé       relation: [32m'Partner'[37m,
          Γò╡                 [32m~~~~~~~~~[0m


[31mX [41;31m[[41;97mERROR[41;31m][0m [1mTS2304: Cannot find name 
'imageUrl'.[0m [1m[35m[plugin angular-compiler][0m

    src/app/components/gifts.ts:302:6:
[37m      302 Γöé       [32mimageUrl[37m: 
'https://images.pexels.com/photos/6839656/pexels-...
          Γò╡       [32m~~~~~~~~[0m


[31mX [41;31m[[41;97mERROR[41;31m][0m [1mTS1005: ';' expected.[0m 
[1m[35m[plugin angular-compiler][0m

    src/app/components/gifts.ts:302:14:
[37m      302 Γöé       imageUrl[32m:[37m 
'https://images.pexels.com/photos/6839656/pexels-...
          Γò╡               [32m^[0m


[31mX [41;31m[[41;97mERROR[41;31m][0m [1mTS2695: Left side of comma 
operator is unused and has no side effects.[0m [1m[35m[plugin 
angular-compiler][0m

    src/app/components/gifts.ts:302:16:
[37m      302 Γöé ...imageUrl: 
[32m'https://images.pexels.com/photos/6839656/pexels-pho[37m...
          Γò╡              
[32m~~~~~~~~~~~~~~~~~~~~~~~~~~~~~~~~~~~~~~~~~~~~~~~~~~~~[0m


[31mX [41;31m[[41;97mERROR[41;31m][0m [1mTS1109: Expression 
expected.[0m [1m[35m[plugin angular-compiler][0m

    src/app/components/gifts.ts:303:4:
[37m      303 Γöé     [32m}[37m,
          Γò╡     [32m^[0m


[31mX [41;31m[[41;97mERROR[41;31m][0m [1mTS1128: Declaration or 
statement expected.[0m [1m[35m[plugin angular-compiler][0m

    src/app/components/gifts.ts:303:5:
[37m      303 Γöé     }[32m,[37m
          Γò╡      [32m^[0m


[31mX [41;31m[[41;97mERROR[41;31m][0m [1mTS2695: Left side of comma 
operator is unused and has no side effects.[0m [1m[35m[plugin 
angular-compiler][0m

    src/app/components/gifts.ts:305:10:
[37m      305 Γöé       id: [32m'a3'[37m,
          Γò╡           [32m~~~~[0m


[31mX [41;31m[[41;97mERROR[41;31m][0m [1mTS1005: ';' expected.[0m 
[1m[35m[plugin angular-compiler][0m

    src/app/components/gifts.ts:306:10:
[37m      306 Γöé       name[32m:[37m 'Customized Couple Portrait',
          Γò╡           [32m^[0m


[31mX [41;31m[[41;97mERROR[41;31m][0m [1mTS2695: Left side of comma 
operator is unused and has no side effects.[0m [1m[35m[plugin 
angular-compiler][0m

    src/app/components/gifts.ts:306:12:
[37m      306 Γöé       name: [32m'Customized Couple Portrait'[37m,
          Γò╡             [32m~~~~~~~~~~~~~~~~~~~~~~~~~~~~[0m


[31mX [41;31m[[41;97mERROR[41;31m][0m [1mTS2304: Cannot find name 
'price'.[0m [1m[35m[plugin angular-compiler][0m

    src/app/components/gifts.ts:307:6:
[37m      307 Γöé       [32mprice[37m: 1999,
          Γò╡       [32m~~~~~[0m


[31mX [41;31m[[41;97mERROR[41;31m][0m [1mTS1005: ';' expected.[0m 
[1m[35m[plugin angular-compiler][0m

    src/app/components/gifts.ts:307:11:
[37m      307 Γöé       price[32m:[37m 1999,
          Γò╡            [32m^[0m


[31mX [41;31m[[41;97mERROR[41;31m][0m [1mTS2695: Left side of comma 
operator is unused and has no side effects.[0m [1m[35m[plugin 
angular-compiler][0m

    src/app/components/gifts.ts:307:13:
[37m      307 Γöé       price: [32m1999[37m,
          Γò╡              [32m~~~~[0m


[31mX [41;31m[[41;97mERROR[41;31m][0m [1mTS2304: Cannot find name 
'category'.[0m [1m[35m[plugin angular-compiler][0m

    src/app/components/gifts.ts:308:6:
[37m      308 Γöé       [32mcategory[37m: 'Anniversary',
          Γò╡       [32m~~~~~~~~[0m


[31mX [41;31m[[41;97mERROR[41;31m][0m [1mTS1005: ';' expected.[0m 
[1m[35m[plugin angular-compiler][0m

    src/app/components/gifts.ts:308:14:
[37m      308 Γöé       category[32m:[37m 'Anniversary',
          Γò╡               [32m^[0m


[31mX [41;31m[[41;97mERROR[41;31m][0m [1mTS2695: Left side of comma 
operator is unused and has no side effects.[0m [1m[35m[plugin 
angular-compiler][0m

    src/app/components/gifts.ts:308:16:
[37m      308 Γöé       category: [32m'Anniversary'[37m,
          Γò╡                 [32m~~~~~~~~~~~~~[0m


[31mX [41;31m[[41;97mERROR[41;31m][0m [1mTS2304: Cannot find name 
'rating'.[0m [1m[35m[plugin angular-compiler][0m

    src/app/components/gifts.ts:309:6:
[37m      309 Γöé       [32mrating[37m: 4.6,
          Γò╡       [32m~~~~~~[0m


[31mX [41;31m[[41;97mERROR[41;31m][0m [1mTS1005: ';' expected.[0m 
[1m[35m[plugin angular-compiler][0m

    src/app/components/gifts.ts:309:12:
[37m      309 Γöé       rating[32m:[37m 4.6,
          Γò╡             [32m^[0m


[31mX [41;31m[[41;97mERROR[41;31m][0m [1mTS2695: Left side of comma 
operator is unused and has no side effects.[0m [1m[35m[plugin 
angular-compiler][0m

    src/app/components/gifts.ts:309:14:
[37m      309 Γöé       rating: [32m4.6[37m,
          Γò╡               [32m~~~[0m


[31mX [41;31m[[41;97mERROR[41;31m][0m [1mTS2304: Cannot find name 
'tag'.[0m [1m[35m[plugin angular-compiler][0m

    src/app/components/gifts.ts:310:6:
[37m      310 Γöé       [32mtag[37m: 'Custom',
          Γò╡       [32m~~~[0m


[31mX [41;31m[[41;97mERROR[41;31m][0m [1mTS1005: ';' expected.[0m 
[1m[35m[plugin angular-compiler][0m

    src/app/components/gifts.ts:310:9:
[37m      310 Γöé       tag[32m:[37m 'Custom',
          Γò╡          [32m^[0m


[31mX [41;31m[[41;97mERROR[41;31m][0m [1mTS2695: Left side of comma 
operator is unused and has no side effects.[0m [1m[35m[plugin 
angular-compiler][0m

    src/app/components/gifts.ts:310:11:
[37m      310 Γöé       tag: [32m'Custom'[37m,
          Γò╡            [32m~~~~~~~~[0m


[31mX [41;31m[[41;97mERROR[41;31m][0m [1mTS2304: Cannot find name 
'relation'.[0m [1m[35m[plugin angular-compiler][0m

    src/app/components/gifts.ts:311:6:
[37m      311 Γöé       [32mrelation[37m: 'Partner',
          Γò╡       [32m~~~~~~~~[0m


[31mX [41;31m[[41;97mERROR[41;31m][0m [1mTS1005: ';' expected.[0m 
[1m[35m[plugin angular-compiler][0m

    src/app/components/gifts.ts:311:14:
[37m      311 Γöé       relation[32m:[37m 'Partner',
          Γò╡               [32m^[0m


[31mX [41;31m[[41;97mERROR[41;31m][0m [1mTS2695: Left side of comma 
operator is unused and has no side effects.[0m [1m[35m[plugin 
angular-compiler][0m

    src/app/components/gifts.ts:311:16:
[37m      311 Γöé       relation: [32m'Partner'[37m,
          Γò╡                 [32m~~~~~~~~~[0m


[31mX [41;31m[[41;97mERROR[41;31m][0m [1mTS2304: Cannot find name 
'imageUrl'.[0m [1m[35m[plugin angular-compiler][0m

    src/app/components/gifts.ts:312:6:
[37m      312 Γöé       [32mimageUrl[37m: 
'https://images.pexels.com/photos/3206076/pexels-...
          Γò╡       [32m~~~~~~~~[0m


[31mX [41;31m[[41;97mERROR[41;31m][0m [1mTS1005: ';' expected.[0m 
[1m[35m[plugin angular-compiler][0m

    src/app/components/gifts.ts:312:14:
[37m      312 Γöé       imageUrl[32m:[37m 
'https://images.pexels.com/photos/3206076/pexels-...
          Γò╡               [32m^[0m


[31mX [41;31m[[41;97mERROR[41;31m][0m [1mTS2695: Left side of comma 
operator is unused and has no side effects.[0m [1m[35m[plugin 
angular-compiler][0m

    src/app/components/gifts.ts:312:16:
[37m      312 Γöé ...imageUrl: 
[32m'https://images.pexels.com/photos/3206076/pexels-pho[37m...
          Γò╡              
[32m~~~~~~~~~~~~~~~~~~~~~~~~~~~~~~~~~~~~~~~~~~~~~~~~~~~~[0m


[31mX [41;31m[[41;97mERROR[41;31m][0m [1mTS1109: Expression 
expected.[0m [1m[35m[plugin angular-compiler][0m

    src/app/components/gifts.ts:313:4:
[37m      313 Γöé     [32m}[37m,
          Γò╡     [32m^[0m


[31mX [41;31m[[41;97mERROR[41;31m][0m [1mTS1128: Declaration or 
statement expected.[0m [1m[35m[plugin angular-compiler][0m

    src/app/components/gifts.ts:313:5:
[37m      313 Γöé     }[32m,[37m
          Γò╡      [32m^[0m


[31mX [41;31m[[41;97mERROR[41;31m][0m [1mTS2695: Left side of comma 
operator is unused and has no side effects.[0m [1m[35m[plugin 
angular-compiler][0m

    src/app/components/gifts.ts:315:10:
[37m      315 Γöé       id: [32m'a4'[37m,
          Γò╡           [32m~~~~[0m


[31mX [41;31m[[41;97mERROR[41;31m][0m [1mTS1005: ';' expected.[0m 
[1m[35m[plugin angular-compiler][0m

    src/app/components/gifts.ts:316:10:
[37m      316 Γöé       name[32m:[37m 'Love Message Bottle',
          Γò╡           [32m^[0m


[31mX [41;31m[[41;97mERROR[41;31m][0m [1mTS2695: Left side of comma 
operator is unused and has no side effects.[0m [1m[35m[plugin 
angular-compiler][0m

    src/app/components/gifts.ts:316:12:
[37m      316 Γöé       name: [32m'Love Message Bottle'[37m,
          Γò╡             [32m~~~~~~~~~~~~~~~~~~~~~[0m


[31mX [41;31m[[41;97mERROR[41;31m][0m [1mTS2304: Cannot find name 
'price'.[0m [1m[35m[plugin angular-compiler][0m

    src/app/components/gifts.ts:317:6:
[37m      317 Γöé       [32mprice[37m: 799,
          Γò╡       [32m~~~~~[0m


[31mX [41;31m[[41;97mERROR[41;31m][0m [1mTS1005: ';' expected.[0m 
[1m[35m[plugin angular-compiler][0m

    src/app/components/gifts.ts:317:11:
[37m      317 Γöé       price[32m:[37m 799,
          Γò╡            [32m^[0m


[31mX [41;31m[[41;97mERROR[41;31m][0m [1mTS2695: Left side of comma 
operator is unused and has no side effects.[0m [1m[35m[plugin 
angular-compiler][0m

    src/app/components/gifts.ts:317:13:
[37m      317 Γöé       price: [32m799[37m,
          Γò╡              [32m~~~[0m


[31mX [41;31m[[41;97mERROR[41;31m][0m [1mTS2304: Cannot find name 
'category'.[0m [1m[35m[plugin angular-compiler][0m

    src/app/components/gifts.ts:318:6:
[37m      318 Γöé       [32mcategory[37m: 'Anniversary',
          Γò╡       [32m~~~~~~~~[0m


[31mX [41;31m[[41;97mERROR[41;31m][0m [1mTS1005: ';' expected.[0m 
[1m[35m[plugin angular-compiler][0m

    src/app/components/gifts.ts:318:14:
[37m      318 Γöé       category[32m:[37m 'Anniversary',
          Γò╡               [32m^[0m


[31mX [41;31m[[41;97mERROR[41;31m][0m [1mTS2695: Left side of comma 
operator is unused and has no side effects.[0m [1m[35m[plugin 
angular-compiler][0m

    src/app/components/gifts.ts:318:16:
[37m      318 Γöé       category: [32m'Anniversary'[37m,
          Γò╡                 [32m~~~~~~~~~~~~~[0m


[31mX [41;31m[[41;97mERROR[41;31m][0m [1mTS2304: Cannot find name 
'rating'.[0m [1m[35m[plugin angular-compiler][0m

    src/app/components/gifts.ts:319:6:
[37m      319 Γöé       [32mrating[37m: 4.4,
          Γò╡       [32m~~~~~~[0m


[31mX [41;31m[[41;97mERROR[41;31m][0m [1mTS1005: ';' expected.[0m 
[1m[35m[plugin angular-compiler][0m

    src/app/components/gifts.ts:319:12:
[37m      319 Γöé       rating[32m:[37m 4.4,
          Γò╡             [32m^[0m


[31mX [41;31m[[41;97mERROR[41;31m][0m [1mTS2695: Left side of comma 
operator is unused and has no side effects.[0m [1m[35m[plugin 
angular-compiler][0m

    src/app/components/gifts.ts:319:14:
[37m      319 Γöé       rating: [32m4.4[37m,
          Γò╡               [32m~~~[0m


[31mX [41;31m[[41;97mERROR[41;31m][0m [1mTS2304: Cannot find name 
'tag'.[0m [1m[35m[plugin angular-compiler][0m

    src/app/components/gifts.ts:320:6:
[37m      320 Γöé       [32mtag[37m: 'Sweet',
          Γò╡       [32m~~~[0m


[31mX [41;31m[[41;97mERROR[41;31m][0m [1mTS1005: ';' expected.[0m 
[1m[35m[plugin angular-compiler][0m

    src/app/components/gifts.ts:320:9:
[37m      320 Γöé       tag[32m:[37m 'Sweet',
          Γò╡          [32m^[0m


[31mX [41;31m[[41;97mERROR[41;31m][0m [1mTS2695: Left side of comma 
operator is unused and has no side effects.[0m [1m[35m[plugin 
angular-compiler][0m

    src/app/components/gifts.ts:320:11:
[37m      320 Γöé       tag: [32m'Sweet'[37m,
          Γò╡            [32m~~~~~~~[0m


[31mX [41;31m[[41;97mERROR[41;31m][0m [1mTS2304: Cannot find name 
'relation'.[0m [1m[35m[plugin angular-compiler][0m

    src/app/components/gifts.ts:321:6:
[37m      321 Γöé       [32mrelation[37m: 'Partner',
          Γò╡       [32m~~~~~~~~[0m


[31mX [41;31m[[41;97mERROR[41;31m][0m [1mTS1005: ';' expected.[0m 
[1m[35m[plugin angular-compiler][0m

    src/app/components/gifts.ts:321:14:
[37m      321 Γöé       relation[32m:[37m 'Partner',
          Γò╡               [32m^[0m


[31mX [41;31m[[41;97mERROR[41;31m][0m [1mTS2695: Left side of comma 
operator is unused and has no side effects.[0m [1m[35m[plugin 
angular-compiler][0m

    src/app/components/gifts.ts:321:16:
[37m      321 Γöé       relation: [32m'Partner'[37m,
          Γò╡                 [32m~~~~~~~~~[0m


[31mX [41;31m[[41;97mERROR[41;31m][0m [1mTS2304: Cannot find name 
'imageUrl'.[0m [1m[35m[plugin angular-compiler][0m

    src/app/components/gifts.ts:322:6:
[37m      322 Γöé       [32mimageUrl[37m: 
'https://images.pexels.com/photos/26711144/pexels...
          Γò╡       [32m~~~~~~~~[0m


[31mX [41;31m[[41;97mERROR[41;31m][0m [1mTS1005: ';' expected.[0m 
[1m[35m[plugin angular-compiler][0m

    src/app/components/gifts.ts:322:14:
[37m      322 Γöé       imageUrl[32m:[37m 
'https://images.pexels.com/photos/26711144/pexels...
          Γò╡               [32m^[0m


[31mX [41;31m[[41;97mERROR[41;31m][0m [1mTS2695: Left side of comma 
operator is unused and has no side effects.[0m [1m[35m[plugin 
angular-compiler][0m

    src/app/components/gifts.ts:322:16:
[37m      322 Γöé ...imageUrl: 
[32m'https://images.pexels.com/photos/26711144/pexels-ph[37m...
          Γò╡              
[32m~~~~~~~~~~~~~~~~~~~~~~~~~~~~~~~~~~~~~~~~~~~~~~~~~~~~[0m


[31mX [41;31m[[41;97mERROR[41;31m][0m [1mTS1109: Expression 
expected.[0m [1m[35m[plugin angular-compiler][0m

    src/app/components/gifts.ts:323:4:
[37m      323 Γöé     [32m}[37m,
          Γò╡     [32m^[0m


[31mX [41;31m[[41;97mERROR[41;31m][0m [1mTS1128: Declaration or 
statement expected.[0m [1m[35m[plugin angular-compiler][0m

    src/app/components/gifts.ts:323:5:
[37m      323 Γöé     }[32m,[37m
          Γò╡      [32m^[0m


[31mX [41;31m[[41;97mERROR[41;31m][0m [1mTS2695: Left side of comma 
operator is unused and has no side effects.[0m [1m[35m[plugin 
angular-compiler][0m

    src/app/components/gifts.ts:325:10:
[37m      325 Γöé       id: [32m'a5'[37m,
          Γò╡           [32m~~~~[0m


[31mX [41;31m[[41;97mERROR[41;31m][0m [1mTS1005: ';' expected.[0m 
[1m[35m[plugin angular-compiler][0m

    src/app/components/gifts.ts:326:10:
[37m      326 Γöé       name[32m:[37m 'Couple Travel Bag Set',
          Γò╡           [32m^[0m


[31mX [41;31m[[41;97mERROR[41;31m][0m [1mTS2695: Left side of comma 
operator is unused and has no side effects.[0m [1m[35m[plugin 
angular-compiler][0m

    src/app/components/gifts.ts:326:12:
[37m      326 Γöé       name: [32m'Couple Travel Bag Set'[37m,
          Γò╡             [32m~~~~~~~~~~~~~~~~~~~~~~~[0m


[31mX [41;31m[[41;97mERROR[41;31m][0m [1mTS2304: Cannot find name 
'price'.[0m [1m[35m[plugin angular-compiler][0m

    src/app/components/gifts.ts:327:6:
[37m      327 Γöé       [32mprice[37m: 3299,
          Γò╡       [32m~~~~~[0m


[31mX [41;31m[[41;97mERROR[41;31m][0m [1mTS1005: ';' expected.[0m 
[1m[35m[plugin angular-compiler][0m

    src/app/components/gifts.ts:327:11:
[37m      327 Γöé       price[32m:[37m 3299,
          Γò╡            [32m^[0m


[31mX [41;31m[[41;97mERROR[41;31m][0m [1mTS2695: Left side of comma 
operator is unused and has no side effects.[0m [1m[35m[plugin 
angular-compiler][0m

    src/app/components/gifts.ts:327:13:
[37m      327 Γöé       price: [32m3299[37m,
          Γò╡              [32m~~~~[0m


[31mX [41;31m[[41;97mERROR[41;31m][0m [1mTS2304: Cannot find name 
'category'.[0m [1m[35m[plugin angular-compiler][0m

    src/app/components/gifts.ts:328:6:
[37m      328 Γöé       [32mcategory[37m: 'Anniversary',
          Γò╡       [32m~~~~~~~~[0m


[31mX [41;31m[[41;97mERROR[41;31m][0m [1mTS1005: ';' expected.[0m 
[1m[35m[plugin angular-compiler][0m

    src/app/components/gifts.ts:328:14:
[37m      328 Γöé       category[32m:[37m 'Anniversary',
          Γò╡               [32m^[0m


[31mX [41;31m[[41;97mERROR[41;31m][0m [1mTS2695: Left side of comma 
operator is unused and has no side effects.[0m [1m[35m[plugin 
angular-compiler][0m

    src/app/components/gifts.ts:328:16:
[37m      328 Γöé       category: [32m'Anniversary'[37m,
          Γò╡                 [32m~~~~~~~~~~~~~[0m


[31mX [41;31m[[41;97mERROR[41;31m][0m [1mTS2304: Cannot find name 
'rating'.[0m [1m[35m[plugin angular-compiler][0m

    src/app/components/gifts.ts:329:6:
[37m      329 Γöé       [32mrating[37m: 4.6,
          Γò╡       [32m~~~~~~[0m


[31mX [41;31m[[41;97mERROR[41;31m][0m [1mTS1005: ';' expected.[0m 
[1m[35m[plugin angular-compiler][0m

    src/app/components/gifts.ts:329:12:
[37m      329 Γöé       rating[32m:[37m 4.6,
          Γò╡             [32m^[0m


[31mX [41;31m[[41;97mERROR[41;31m][0m [1mTS2695: Left side of comma 
operator is unused and has no side effects.[0m [1m[35m[plugin 
angular-compiler][0m

    src/app/components/gifts.ts:329:14:
[37m      329 Γöé       rating: [32m4.6[37m,
          Γò╡               [32m~~~[0m


[31mX [41;31m[[41;97mERROR[41;31m][0m [1mTS2304: Cannot find name 
'tag'.[0m [1m[35m[plugin angular-compiler][0m

    src/app/components/gifts.ts:330:6:
[37m      330 Γöé       [32mtag[37m: 'Travel',
          Γò╡       [32m~~~[0m


[31mX [41;31m[[41;97mERROR[41;31m][0m [1mTS1005: ';' expected.[0m 
[1m[35m[plugin angular-compiler][0m

    src/app/components/gifts.ts:330:9:
[37m      330 Γöé       tag[32m:[37m 'Travel',
          Γò╡          [32m^[0m


[31mX [41;31m[[41;97mERROR[41;31m][0m [1mTS2695: Left side of comma 
operator is unused and has no side effects.[0m [1m[35m[plugin 
angular-compiler][0m

    src/app/components/gifts.ts:330:11:
[37m      330 Γöé       tag: [32m'Travel'[37m,
          Γò╡            [32m~~~~~~~~[0m


[31mX [41;31m[[41;97mERROR[41;31m][0m [1mTS2304: Cannot find name 
'relation'.[0m [1m[35m[plugin angular-compiler][0m

    src/app/components/gifts.ts:331:6:
[37m      331 Γöé       [32mrelation[37m: 'Partner',
          Γò╡       [32m~~~~~~~~[0m


[31mX [41;31m[[41;97mERROR[41;31m][0m [1mTS1005: ';' expected.[0m 
[1m[35m[plugin angular-compiler][0m

    src/app/components/gifts.ts:331:14:
[37m      331 Γöé       relation[32m:[37m 'Partner',
          Γò╡               [32m^[0m


[31mX [41;31m[[41;97mERROR[41;31m][0m [1mTS2695: Left side of comma 
operator is unused and has no side effects.[0m [1m[35m[plugin 
angular-compiler][0m

    src/app/components/gifts.ts:331:16:
[37m      331 Γöé       relation: [32m'Partner'[37m,
          Γò╡                 [32m~~~~~~~~~[0m


[31mX [41;31m[[41;97mERROR[41;31m][0m [1mTS2304: Cannot find name 
'imageUrl'.[0m [1m[35m[plugin angular-compiler][0m

    src/app/components/gifts.ts:332:6:
[37m      332 Γöé       [32mimageUrl[37m: 
'https://images.pexels.com/photos/1682694/pexels-...
          Γò╡       [32m~~~~~~~~[0m


[31mX [41;31m[[41;97mERROR[41;31m][0m [1mTS1005: ';' expected.[0m 
[1m[35m[plugin angular-compiler][0m

    src/app/components/gifts.ts:332:14:
[37m      332 Γöé       imageUrl[32m:[37m 
'https://images.pexels.com/photos/1682694/pexels-...
          Γò╡               [32m^[0m


[31mX [41;31m[[41;97mERROR[41;31m][0m [1mTS2695: Left side of comma 
operator is unused and has no side effects.[0m [1m[35m[plugin 
angular-compiler][0m

    src/app/components/gifts.ts:332:16:
[37m      332 Γöé ...imageUrl: 
[32m'https://images.pexels.com/photos/1682694/pexels-pho[37m...
          Γò╡              
[32m~~~~~~~~~~~~~~~~~~~~~~~~~~~~~~~~~~~~~~~~~~~~~~~~~~~~[0m


[31mX [41;31m[[41;97mERROR[41;31m][0m [1mTS1109: Expression 
expected.[0m [1m[35m[plugin angular-compiler][0m

    src/app/components/gifts.ts:333:4:
[37m      333 Γöé     [32m}[37m,
          Γò╡     [32m^[0m


[31mX [41;31m[[41;97mERROR[41;31m][0m [1mTS1128: Declaration or 
statement expected.[0m [1m[35m[plugin angular-compiler][0m

    src/app/components/gifts.ts:333:5:
[37m      333 Γöé     }[32m,[37m
          Γò╡      [32m^[0m


[31mX [41;31m[[41;97mERROR[41;31m][0m [1mTS2695: Left side of comma 
operator is unused and has no side effects.[0m [1m[35m[plugin 
angular-compiler][0m

    src/app/components/gifts.ts:335:10:
[37m      335 Γöé       id: [32m'a6'[37m,
          Γò╡           [32m~~~~[0m


[31mX [41;31m[[41;97mERROR[41;31m][0m [1mTS1005: ';' expected.[0m 
[1m[35m[plugin angular-compiler][0m

    src/app/components/gifts.ts:336:10:
[37m      336 Γöé       name[32m:[37m 'Personalized Photo Album',
          Γò╡           [32m^[0m


[31mX [41;31m[[41;97mERROR[41;31m][0m [1mTS2695: Left side of comma 
operator is unused and has no side effects.[0m [1m[35m[plugin 
angular-compiler][0m

    src/app/components/gifts.ts:336:12:
[37m      336 Γöé       name: [32m'Personalized Photo Album'[37m,
          Γò╡             [32m~~~~~~~~~~~~~~~~~~~~~~~~~~[0m


[31mX [41;31m[[41;97mERROR[41;31m][0m [1mTS2304: Cannot find name 
'price'.[0m [1m[35m[plugin angular-compiler][0m

    src/app/components/gifts.ts:337:6:
[37m      337 Γöé       [32mprice[37m: 1499,
          Γò╡       [32m~~~~~[0m


[31mX [41;31m[[41;97mERROR[41;31m][0m [1mTS1005: ';' expected.[0m 
[1m[35m[plugin angular-compiler][0m

    src/app/components/gifts.ts:337:11:
[37m      337 Γöé       price[32m:[37m 1499,
          Γò╡            [32m^[0m


[31mX [41;31m[[41;97mERROR[41;31m][0m [1mTS2695: Left side of comma 
operator is unused and has no side effects.[0m [1m[35m[plugin 
angular-compiler][0m

    src/app/components/gifts.ts:337:13:
[37m      337 Γöé       price: [32m1499[37m,
          Γò╡              [32m~~~~[0m


[31mX [41;31m[[41;97mERROR[41;31m][0m [1mTS2304: Cannot find name 
'category'.[0m [1m[35m[plugin angular-compiler][0m

    src/app/components/gifts.ts:338:6:
[37m      338 Γöé       [32mcategory[37m: 'Anniversary',
          Γò╡       [32m~~~~~~~~[0m


[31mX [41;31m[[41;97mERROR[41;31m][0m [1mTS1005: ';' expected.[0m 
[1m[35m[plugin angular-compiler][0m

    src/app/components/gifts.ts:338:14:
[37m      338 Γöé       category[32m:[37m 'Anniversary',
          Γò╡               [32m^[0m


[31mX [41;31m[[41;97mERROR[41;31m][0m [1mTS2695: Left side of comma 
operator is unused and has no side effects.[0m [1m[35m[plugin 
angular-compiler][0m

    src/app/components/gifts.ts:338:16:
[37m      338 Γöé       category: [32m'Anniversary'[37m,
          Γò╡                 [32m~~~~~~~~~~~~~[0m


[31mX [41;31m[[41;97mERROR[41;31m][0m [1mTS2304: Cannot find name 
'rating'.[0m [1m[35m[plugin angular-compiler][0m

    src/app/components/gifts.ts:339:6:
[37m      339 Γöé       [32mrating[37m: 4.5,
          Γò╡       [32m~~~~~~[0m


[31mX [41;31m[[41;97mERROR[41;31m][0m [1mTS1005: ';' expected.[0m 
[1m[35m[plugin angular-compiler][0m

    src/app/components/gifts.ts:339:12:
[37m      339 Γöé       rating[32m:[37m 4.5,
          Γò╡             [32m^[0m


[31mX [41;31m[[41;97mERROR[41;31m][0m [1mTS2695: Left side of comma 
operator is unused and has no side effects.[0m [1m[35m[plugin 
angular-compiler][0m

    src/app/components/gifts.ts:339:14:
[37m      339 Γöé       rating: [32m4.5[37m,
          Γò╡               [32m~~~[0m


[31mX [41;31m[[41;97mERROR[41;31m][0m [1mTS2304: Cannot find name 
'tag'.[0m [1m[35m[plugin angular-compiler][0m

    src/app/components/gifts.ts:340:6:
[37m      340 Γöé       [32mtag[37m: 'Memories',
          Γò╡       [32m~~~[0m


[31mX [41;31m[[41;97mERROR[41;31m][0m [1mTS1005: ';' expected.[0m 
[1m[35m[plugin angular-compiler][0m

    src/app/components/gifts.ts:340:9:
[37m      340 Γöé       tag[32m:[37m 'Memories',
          Γò╡          [32m^[0m


[31mX [41;31m[[41;97mERROR[41;31m][0m [1mTS2695: Left side of comma 
operator is unused and has no side effects.[0m [1m[35m[plugin 
angular-compiler][0m

    src/app/components/gifts.ts:340:11:
[37m      340 Γöé       tag: [32m'Memories'[37m,
          Γò╡            [32m~~~~~~~~~~[0m


[31mX [41;31m[[41;97mERROR[41;31m][0m [1mTS2304: Cannot find name 
'relation'.[0m [1m[35m[plugin angular-compiler][0m

    src/app/components/gifts.ts:341:6:
[37m      341 Γöé       [32mrelation[37m: 'Partner',
          Γò╡       [32m~~~~~~~~[0m


[31mX [41;31m[[41;97mERROR[41;31m][0m [1mTS1005: ';' expected.[0m 
[1m[35m[plugin angular-compiler][0m

    src/app/components/gifts.ts:341:14:
[37m      341 Γöé       relation[32m:[37m 'Partner',
          Γò╡               [32m^[0m


[31mX [41;31m[[41;97mERROR[41;31m][0m [1mTS2695: Left side of comma 
operator is unused and has no side effects.[0m [1m[35m[plugin 
angular-compiler][0m

    src/app/components/gifts.ts:341:16:
[37m      341 Γöé       relation: [32m'Partner'[37m,
          Γò╡                 [32m~~~~~~~~~[0m


[31mX [41;31m[[41;97mERROR[41;31m][0m [1mTS2304: Cannot find name 
'imageUrl'.[0m [1m[35m[plugin angular-compiler][0m

    src/app/components/gifts.ts:342:6:
[37m      342 Γöé       [32mimageUrl[37m: 
'https://images.pexels.com/photos/2148517/pexels-...
          Γò╡       [32m~~~~~~~~[0m


[31mX [41;31m[[41;97mERROR[41;31m][0m [1mTS1005: ';' expected.[0m 
[1m[35m[plugin angular-compiler][0m

    src/app/components/gifts.ts:342:14:
[37m      342 Γöé       imageUrl[32m:[37m 
'https://images.pexels.com/photos/2148517/pexels-...
          Γò╡               [32m^[0m


[31mX [41;31m[[41;97mERROR[41;31m][0m [1mTS2695: Left side of comma 
operator is unused and has no side effects.[0m [1m[35m[plugin 
angular-compiler][0m

    src/app/components/gifts.ts:342:16:
[37m      342 Γöé ...imageUrl: 
[32m'https://images.pexels.com/photos/2148517/pexels-pho[37m...
          Γò╡              
[32m~~~~~~~~~~~~~~~~~~~~~~~~~~~~~~~~~~~~~~~~~~~~~~~~~~~~[0m


[31mX [41;31m[[41;97mERROR[41;31m][0m [1mTS1109: Expression 
expected.[0m [1m[35m[plugin angular-compiler][0m

    src/app/components/gifts.ts:343:4:
[37m      343 Γöé     [32m}[37m,
          Γò╡     [32m^[0m


[31mX [41;31m[[41;97mERROR[41;31m][0m [1mTS1128: Declaration or 
statement expected.[0m [1m[35m[plugin angular-compiler][0m

    src/app/components/gifts.ts:343:5:
[37m      343 Γöé     }[32m,[37m
          Γò╡      [32m^[0m


[31mX [41;31m[[41;97mERROR[41;31m][0m [1mTS2695: Left side of comma 
operator is unused and has no side effects.[0m [1m[35m[plugin 
angular-compiler][0m

    src/app/components/gifts.ts:345:10:
[37m      345 Γöé       id: [32m'g1'[37m,
          Γò╡           [32m~~~~[0m


[31mX [41;31m[[41;97mERROR[41;31m][0m [1mTS1005: ';' expected.[0m 
[1m[35m[plugin angular-compiler][0m

    src/app/components/gifts.ts:346:10:
[37m      346 Γöé       name[32m:[37m 'Laptop Backpack',
          Γò╡           [32m^[0m


[31mX [41;31m[[41;97mERROR[41;31m][0m [1mTS2695: Left side of comma 
operator is unused and has no side effects.[0m [1m[35m[plugin 
angular-compiler][0m

    src/app/components/gifts.ts:346:12:
[37m      346 Γöé       name: [32m'Laptop Backpack'[37m,
          Γò╡             [32m~~~~~~~~~~~~~~~~~[0m


[31mX [41;31m[[41;97mERROR[41;31m][0m [1mTS2304: Cannot find name 
'price'.[0m [1m[35m[plugin angular-compiler][0m

    src/app/components/gifts.ts:347:6:
[37m      347 Γöé       [32mprice[37m: 2499,
          Γò╡       [32m~~~~~[0m


[31mX [41;31m[[41;97mERROR[41;31m][0m [1mTS1005: ';' expected.[0m 
[1m[35m[plugin angular-compiler][0m

    src/app/components/gifts.ts:347:11:
[37m      347 Γöé       price[32m:[37m 2499,
          Γò╡            [32m^[0m


[31mX [41;31m[[41;97mERROR[41;31m][0m [1mTS2695: Left side of comma 
operator is unused and has no side effects.[0m [1m[35m[plugin 
angular-compiler][0m

    src/app/components/gifts.ts:347:13:
[37m      347 Γöé       price: [32m2499[37m,
          Γò╡              [32m~~~~[0m


[31mX [41;31m[[41;97mERROR[41;31m][0m [1mTS2304: Cannot find name 
'category'.[0m [1m[35m[plugin angular-compiler][0m

    src/app/components/gifts.ts:348:6:
[37m      348 Γöé       [32mcategory[37m: 'Graduation',
          Γò╡       [32m~~~~~~~~[0m


[31mX [41;31m[[41;97mERROR[41;31m][0m [1mTS1005: ';' expected.[0m 
[1m[35m[plugin angular-compiler][0m

    src/app/components/gifts.ts:348:14:
[37m      348 Γöé       category[32m:[37m 'Graduation',
          Γò╡               [32m^[0m


[31mX [41;31m[[41;97mERROR[41;31m][0m [1mTS2695: Left side of comma 
operator is unused and has no side effects.[0m [1m[35m[plugin 
angular-compiler][0m

    src/app/components/gifts.ts:348:16:
[37m      348 Γöé       category: [32m'Graduation'[37m,
          Γò╡                 [32m~~~~~~~~~~~~[0m


[31mX [41;31m[[41;97mERROR[41;31m][0m [1mTS2304: Cannot find name 
'rating'.[0m [1m[35m[plugin angular-compiler][0m

    src/app/components/gifts.ts:349:6:
[37m      349 Γöé       [32mrating[37m: 4.6,
          Γò╡       [32m~~~~~~[0m


[31mX [41;31m[[41;97mERROR[41;31m][0m [1mTS1005: ';' expected.[0m 
[1m[35m[plugin angular-compiler][0m

    src/app/components/gifts.ts:349:12:
[37m      349 Γöé       rating[32m:[37m 4.6,
          Γò╡             [32m^[0m


[31mX [41;31m[[41;97mERROR[41;31m][0m [1mTS2695: Left side of comma 
operator is unused and has no side effects.[0m [1m[35m[plugin 
angular-compiler][0m

    src/app/components/gifts.ts:349:14:
[37m      349 Γöé       rating: [32m4.6[37m,
          Γò╡               [32m~~~[0m


[31mX [41;31m[[41;97mERROR[41;31m][0m [1mTS2304: Cannot find name 
'tag'.[0m [1m[35m[plugin angular-compiler][0m

    src/app/components/gifts.ts:350:6:
[37m      350 Γöé       [32mtag[37m: 'Campus',
          Γò╡       [32m~~~[0m


[31mX [41;31m[[41;97mERROR[41;31m][0m [1mTS1005: ';' expected.[0m 
[1m[35m[plugin angular-compiler][0m

    src/app/components/gifts.ts:350:9:
[37m      350 Γöé       tag[32m:[37m 'Campus',
          Γò╡          [32m^[0m


[31mX [41;31m[[41;97mERROR[41;31m][0m [1mTS2695: Left side of comma 
operator is unused and has no side effects.[0m [1m[35m[plugin 
angular-compiler][0m

    src/app/components/gifts.ts:350:11:
[37m      350 Γöé       tag: [32m'Campus'[37m,
          Γò╡            [32m~~~~~~~~[0m


[31mX [41;31m[[41;97mERROR[41;31m][0m [1mTS2304: Cannot find name 
'relation'.[0m [1m[35m[plugin angular-compiler][0m

    src/app/components/gifts.ts:351:6:
[37m      351 Γöé       [32mrelation[37m: 'Friends',
          Γò╡       [32m~~~~~~~~[0m


[31mX [41;31m[[41;97mERROR[41;31m][0m [1mTS1005: ';' expected.[0m 
[1m[35m[plugin angular-compiler][0m

    src/app/components/gifts.ts:351:14:
[37m      351 Γöé       relation[32m:[37m 'Friends',
          Γò╡               [32m^[0m


[31mX [41;31m[[41;97mERROR[41;31m][0m [1mTS2695: Left side of comma 
operator is unused and has no side effects.[0m [1m[35m[plugin 
angular-compiler][0m

    src/app/components/gifts.ts:351:16:
[37m      351 Γöé       relation: [32m'Friends'[37m,
          Γò╡                 [32m~~~~~~~~~[0m


[31mX [41;31m[[41;97mERROR[41;31m][0m [1mTS2304: Cannot find name 
'imageUrl'.[0m [1m[35m[plugin angular-compiler][0m

    src/app/components/gifts.ts:352:6:
[37m      352 Γöé       [32mimageUrl[37m: 
'https://images.pexels.com/photos/2909822/pexels-...
          Γò╡       [32m~~~~~~~~[0m


[31mX [41;31m[[41;97mERROR[41;31m][0m [1mTS1005: ';' expected.[0m 
[1m[35m[plugin angular-compiler][0m

    src/app/components/gifts.ts:352:14:
[37m      352 Γöé       imageUrl[32m:[37m 
'https://images.pexels.com/photos/2909822/pexels-...
          Γò╡               [32m^[0m


[31mX [41;31m[[41;97mERROR[41;31m][0m [1mTS2695: Left side of comma 
operator is unused and has no side effects.[0m [1m[35m[plugin 
angular-compiler][0m

    src/app/components/gifts.ts:352:16:
[37m      352 Γöé ...imageUrl: 
[32m'https://images.pexels.com/photos/2909822/pexels-pho[37m...
          Γò╡              
[32m~~~~~~~~~~~~~~~~~~~~~~~~~~~~~~~~~~~~~~~~~~~~~~~~~~~~[0m


[31mX [41;31m[[41;97mERROR[41;31m][0m [1mTS1109: Expression 
expected.[0m [1m[35m[plugin angular-compiler][0m

    src/app/components/gifts.ts:353:4:
[37m      353 Γöé     [32m}[37m,
          Γò╡     [32m^[0m


[31mX [41;31m[[41;97mERROR[41;31m][0m [1mTS1128: Declaration or 
statement expected.[0m [1m[35m[plugin angular-compiler][0m

    src/app/components/gifts.ts:353:5:
[37m      353 Γöé     }[32m,[37m
          Γò╡      [32m^[0m


[31mX [41;31m[[41;97mERROR[41;31m][0m [1mTS2695: Left side of comma 
operator is unused and has no side effects.[0m [1m[35m[plugin 
angular-compiler][0m

    src/app/components/gifts.ts:355:10:
[37m      355 Γöé       id: [32m'g2'[37m,
          Γò╡           [32m~~~~[0m


[31mX [41;31m[[41;97mERROR[41;31m][0m [1mTS1005: ';' expected.[0m 
[1m[35m[plugin angular-compiler][0m

    src/app/components/gifts.ts:356:10:
[37m      356 Γöé       name[32m:[37m 'Smart Pen / Digital Notebook',
          Γò╡           [32m^[0m


[31mX [41;31m[[41;97mERROR[41;31m][0m [1mTS2695: Left side of comma 
operator is unused and has no side effects.[0m [1m[35m[plugin 
angular-compiler][0m

    src/app/components/gifts.ts:356:12:
[37m      356 Γöé       name: [32m'Smart Pen / Digital Notebook'[37m,
          Γò╡             [32m~~~~~~~~~~~~~~~~~~~~~~~~~~~~~~[0m


[31mX [41;31m[[41;97mERROR[41;31m][0m [1mTS2304: Cannot find name 
'price'.[0m [1m[35m[plugin angular-compiler][0m

    src/app/components/gifts.ts:357:6:
[37m      357 Γöé       [32mprice[37m: 3999,
          Γò╡       [32m~~~~~[0m


[31mX [41;31m[[41;97mERROR[41;31m][0m [1mTS1005: ';' expected.[0m 
[1m[35m[plugin angular-compiler][0m

    src/app/components/gifts.ts:357:11:
[37m      357 Γöé       price[32m:[37m 3999,
          Γò╡            [32m^[0m


[31mX [41;31m[[41;97mERROR[41;31m][0m [1mTS2695: Left side of comma 
operator is unused and has no side effects.[0m [1m[35m[plugin 
angular-compiler][0m

    src/app/components/gifts.ts:357:13:
[37m      357 Γöé       price: [32m3999[37m,
          Γò╡              [32m~~~~[0m


[31mX [41;31m[[41;97mERROR[41;31m][0m [1mTS2304: Cannot find name 
'category'.[0m [1m[35m[plugin angular-compiler][0m

    src/app/components/gifts.ts:358:6:
[37m      358 Γöé       [32mcategory[37m: 'Graduation',
          Γò╡       [32m~~~~~~~~[0m


[31mX [41;31m[[41;97mERROR[41;31m][0m [1mTS1005: ';' expected.[0m 
[1m[35m[plugin angular-compiler][0m

    src/app/components/gifts.ts:358:14:
[37m      358 Γöé       category[32m:[37m 'Graduation',
          Γò╡               [32m^[0m


[31mX [41;31m[[41;97mERROR[41;31m][0m [1mTS2695: Left side of comma 
operator is unused and has no side effects.[0m [1m[35m[plugin 
angular-compiler][0m

    src/app/components/gifts.ts:358:16:
[37m      358 Γöé       category: [32m'Graduation'[37m,
          Γò╡                 [32m~~~~~~~~~~~~[0m


[31mX [41;31m[[41;97mERROR[41;31m][0m [1mTS2304: Cannot find name 
'rating'.[0m [1m[35m[plugin angular-compiler][0m

    src/app/components/gifts.ts:359:6:
[37m      359 Γöé       [32mrating[37m: 4.5,
          Γò╡       [32m~~~~~~[0m


[31mX [41;31m[[41;97mERROR[41;31m][0m [1mTS1005: ';' expected.[0m 
[1m[35m[plugin angular-compiler][0m

    src/app/components/gifts.ts:359:12:
[37m      359 Γöé       rating[32m:[37m 4.5,
          Γò╡             [32m^[0m


[31mX [41;31m[[41;97mERROR[41;31m][0m [1mTS2695: Left side of comma 
operator is unused and has no side effects.[0m [1m[35m[plugin 
angular-compiler][0m

    src/app/components/gifts.ts:359:14:
[37m      359 Γöé       rating: [32m4.5[37m,
          Γò╡               [32m~~~[0m


[31mX [41;31m[[41;97mERROR[41;31m][0m [1mTS2304: Cannot find name 
'tag'.[0m [1m[35m[plugin angular-compiler][0m

    src/app/components/gifts.ts:360:6:
[37m      360 Γöé       [32mtag[37m: 'Tech',
          Γò╡       [32m~~~[0m


[31mX [41;31m[[41;97mERROR[41;31m][0m [1mTS1005: ';' expected.[0m 
[1m[35m[plugin angular-compiler][0m

    src/app/components/gifts.ts:360:9:
[37m      360 Γöé       tag[32m:[37m 'Tech',
          Γò╡          [32m^[0m


[31mX [41;31m[[41;97mERROR[41;31m][0m [1mTS2695: Left side of comma 
operator is unused and has no side effects.[0m [1m[35m[plugin 
angular-compiler][0m

    src/app/components/gifts.ts:360:11:
[37m      360 Γöé       tag: [32m'Tech'[37m,
          Γò╡            [32m~~~~~~[0m


[31mX [41;31m[[41;97mERROR[41;31m][0m [1mTS2304: Cannot find name 
'relation'.[0m [1m[35m[plugin angular-compiler][0m

    src/app/components/gifts.ts:361:6:
[37m      361 Γöé       [32mrelation[37m: 'Friends',
          Γò╡       [32m~~~~~~~~[0m


[31mX [41;31m[[41;97mERROR[41;31m][0m [1mTS1005: ';' expected.[0m 
[1m[35m[plugin angular-compiler][0m

    src/app/components/gifts.ts:361:14:
[37m      361 Γöé       relation[32m:[37m 'Friends',
          Γò╡               [32m^[0m


[31mX [41;31m[[41;97mERROR[41;31m][0m [1mTS2695: Left side of comma 
operator is unused and has no side effects.[0m [1m[35m[plugin 
angular-compiler][0m

    src/app/components/gifts.ts:361:16:
[37m      361 Γöé       relation: [32m'Friends'[37m,
          Γò╡                 [32m~~~~~~~~~[0m


[31mX [41;31m[[41;97mERROR[41;31m][0m [1mTS2304: Cannot find name 
'imageUrl'.[0m [1m[35m[plugin angular-compiler][0m

    src/app/components/gifts.ts:362:6:
[37m      362 Γöé       [32mimageUrl[37m: 
'https://images.pexels.com/photos/5082562/pexels-...
          Γò╡       [32m~~~~~~~~[0m


[31mX [41;31m[[41;97mERROR[41;31m][0m [1mTS1005: ';' expected.[0m 
[1m[35m[plugin angular-compiler][0m

    src/app/components/gifts.ts:362:14:
[37m      362 Γöé       imageUrl[32m:[37m 
'https://images.pexels.com/photos/5082562/pexels-...
          Γò╡               [32m^[0m


[31mX [41;31m[[41;97mERROR[41;31m][0m [1mTS2695: Left side of comma 
operator is unused and has no side effects.[0m [1m[35m[plugin 
angular-compiler][0m

    src/app/components/gifts.ts:362:16:
[37m      362 Γöé ...imageUrl: 
[32m'https://images.pexels.com/photos/5082562/pexels-pho[37m...
          Γò╡              
[32m~~~~~~~~~~~~~~~~~~~~~~~~~~~~~~~~~~~~~~~~~~~~~~~~~~~~[0m


[31mX [41;31m[[41;97mERROR[41;31m][0m [1mTS1109: Expression 
expected.[0m [1m[35m[plugin angular-compiler][0m

    src/app/components/gifts.ts:363:4:
[37m      363 Γöé     [32m}[37m,
          Γò╡     [32m^[0m


[31mX [41;31m[[41;97mERROR[41;31m][0m [1mTS1128: Declaration or 
statement expected.[0m [1m[35m[plugin angular-compiler][0m

    src/app/components/gifts.ts:363:5:
[37m      363 Γöé     }[32m,[37m
          Γò╡      [32m^[0m


[31mX [41;31m[[41;97mERROR[41;31m][0m [1mTS2695: Left side of comma 
operator is unused and has no side effects.[0m [1m[35m[plugin 
angular-compiler][0m

    src/app/components/gifts.ts:365:10:
[37m      365 Γöé       id: [32m'g3'[37m,
          Γò╡           [32m~~~~[0m


[31mX [41;31m[[41;97mERROR[41;31m][0m [1mTS1005: ';' expected.[0m 
[1m[35m[plugin angular-compiler][0m

    src/app/components/gifts.ts:366:10:
[37m      366 Γöé       name[32m:[37m 'Inspirational Book Set',
          Γò╡           [32m^[0m


[31mX [41;31m[[41;97mERROR[41;31m][0m [1mTS2695: Left side of comma 
operator is unused and has no side effects.[0m [1m[35m[plugin 
angular-compiler][0m

    src/app/components/gifts.ts:366:12:
[37m      366 Γöé       name: [32m'Inspirational Book Set'[37m,
          Γò╡             [32m~~~~~~~~~~~~~~~~~~~~~~~~[0m


[31mX [41;31m[[41;97mERROR[41;31m][0m [1mTS2304: Cannot find name 
'price'.[0m [1m[35m[plugin angular-compiler][0m

    src/app/components/gifts.ts:367:6:
[37m      367 Γöé       [32mprice[37m: 1599,
          Γò╡       [32m~~~~~[0m


[31mX [41;31m[[41;97mERROR[41;31m][0m [1mTS1005: ';' expected.[0m 
[1m[35m[plugin angular-compiler][0m

    src/app/components/gifts.ts:367:11:
[37m      367 Γöé       price[32m:[37m 1599,
          Γò╡            [32m^[0m


[31mX [41;31m[[41;97mERROR[41;31m][0m [1mTS2695: Left side of comma 
operator is unused and has no side effects.[0m [1m[35m[plugin 
angular-compiler][0m

    src/app/components/gifts.ts:367:13:
[37m      367 Γöé       price: [32m1599[37m,
          Γò╡              [32m~~~~[0m


[31mX [41;31m[[41;97mERROR[41;31m][0m [1mTS2304: Cannot find name 
'category'.[0m [1m[35m[plugin angular-compiler][0m

    src/app/components/gifts.ts:368:6:
[37m      368 Γöé       [32mcategory[37m: 'Graduation',
          Γò╡       [32m~~~~~~~~[0m


[31mX [41;31m[[41;97mERROR[41;31m][0m [1mTS1005: ';' expected.[0m 
[1m[35m[plugin angular-compiler][0m

    src/app/components/gifts.ts:368:14:
[37m      368 Γöé       category[32m:[37m 'Graduation',
          Γò╡               [32m^[0m


[31mX [41;31m[[41;97mERROR[41;31m][0m [1mTS2695: Left side of comma 
operator is unused and has no side effects.[0m [1m[35m[plugin 
angular-compiler][0m

    src/app/components/gifts.ts:368:16:
[37m      368 Γöé       category: [32m'Graduation'[37m,
          Γò╡                 [32m~~~~~~~~~~~~[0m


[31mX [41;31m[[41;97mERROR[41;31m][0m [1mTS2304: Cannot find name 
'rating'.[0m [1m[35m[plugin angular-compiler][0m

    src/app/components/gifts.ts:369:6:
[37m      369 Γöé       [32mrating[37m: 4.7,
          Γò╡       [32m~~~~~~[0m


[31mX [41;31m[[41;97mERROR[41;31m][0m [1mTS1005: ';' expected.[0m 
[1m[35m[plugin angular-compiler][0m

    src/app/components/gifts.ts:369:12:
[37m      369 Γöé       rating[32m:[37m 4.7,
          Γò╡             [32m^[0m


[31mX [41;31m[[41;97mERROR[41;31m][0m [1mTS2695: Left side of comma 
operator is unused and has no side effects.[0m [1m[35m[plugin 
angular-compiler][0m

    src/app/components/gifts.ts:369:14:
[37m      369 Γöé       rating: [32m4.7[37m,
          Γò╡               [32m~~~[0m


[31mX [41;31m[[41;97mERROR[41;31m][0m [1mTS2304: Cannot find name 
'tag'.[0m [1m[35m[plugin angular-compiler][0m

    src/app/components/gifts.ts:370:6:
[37m      370 Γöé       [32mtag[37m: 'Books',
          Γò╡       [32m~~~[0m


[31mX [41;31m[[41;97mERROR[41;31m][0m [1mTS1005: ';' expected.[0m 
[1m[35m[plugin angular-compiler][0m

    src/app/components/gifts.ts:370:9:
[37m      370 Γöé       tag[32m:[37m 'Books',
          Γò╡          [32m^[0m


[31mX [41;31m[[41;97mERROR[41;31m][0m [1mTS2695: Left side of comma 
operator is unused and has no side effects.[0m [1m[35m[plugin 
angular-compiler][0m

    src/app/components/gifts.ts:370:11:
[37m      370 Γöé       tag: [32m'Books'[37m,
          Γò╡            [32m~~~~~~~[0m


[31mX [41;31m[[41;97mERROR[41;31m][0m [1mTS2304: Cannot find name 
'relation'.[0m [1m[35m[plugin angular-compiler][0m

    src/app/components/gifts.ts:371:6:
[37m      371 Γöé       [32mrelation[37m: 'Family',
          Γò╡       [32m~~~~~~~~[0m


[31mX [41;31m[[41;97mERROR[41;31m][0m [1mTS1005: ';' expected.[0m 
[1m[35m[plugin angular-compiler][0m

    src/app/components/gifts.ts:371:14:
[37m      371 Γöé       relation[32m:[37m 'Family',
          Γò╡               [32m^[0m


[31mX [41;31m[[41;97mERROR[41;31m][0m [1mTS2695: Left side of comma 
operator is unused and has no side effects.[0m [1m[35m[plugin 
angular-compiler][0m

    src/app/components/gifts.ts:371:16:
[37m      371 Γöé       relation: [32m'Family'[37m,
          Γò╡                 [32m~~~~~~~~[0m


[31mX [41;31m[[41;97mERROR[41;31m][0m [1mTS2304: Cannot find name 
'imageUrl'.[0m [1m[35m[plugin angular-compiler][0m

    src/app/components/gifts.ts:372:6:
[37m      372 Γöé       [32mimageUrl[37m: 
'https://images.pexels.com/photos/104649/pexels-p...
          Γò╡       [32m~~~~~~~~[0m


[31mX [41;31m[[41;97mERROR[41;31m][0m [1mTS1005: ';' expected.[0m 
[1m[35m[plugin angular-compiler][0m

    src/app/components/gifts.ts:372:14:
[37m      372 Γöé       imageUrl[32m:[37m 
'https://images.pexels.com/photos/104649/pexels-p...
          Γò╡               [32m^[0m


[31mX [41;31m[[41;97mERROR[41;31m][0m [1mTS2695: Left side of comma 
operator is unused and has no side effects.[0m [1m[35m[plugin 
angular-compiler][0m

    src/app/components/gifts.ts:372:16:
[37m      372 Γöé ...imageUrl: 
[32m'https://images.pexels.com/photos/104649/pexels-phot[37m...
          Γò╡              
[32m~~~~~~~~~~~~~~~~~~~~~~~~~~~~~~~~~~~~~~~~~~~~~~~~~~~~[0m


[31mX [41;31m[[41;97mERROR[41;31m][0m [1mTS1109: Expression 
expected.[0m [1m[35m[plugin angular-compiler][0m

    src/app/components/gifts.ts:373:4:
[37m      373 Γöé     [32m}[37m,
          Γò╡     [32m^[0m


[31mX [41;31m[[41;97mERROR[41;31m][0m [1mTS1128: Declaration or 
statement expected.[0m [1m[35m[plugin angular-compiler][0m

    src/app/components/gifts.ts:373:5:
[37m      373 Γöé     }[32m,[37m
          Γò╡      [32m^[0m


[31mX [41;31m[[41;97mERROR[41;31m][0m [1mTS2695: Left side of comma 
operator is unused and has no side effects.[0m [1m[35m[plugin 
angular-compiler][0m

    src/app/components/gifts.ts:375:10:
[37m      375 Γöé       id: [32m'g4'[37m,
          Γò╡           [32m~~~~[0m


[31mX [41;31m[[41;97mERROR[41;31m][0m [1mTS1005: ';' expected.[0m 
[1m[35m[plugin angular-compiler][0m

    src/app/components/gifts.ts:376:10:
[37m      376 Γöé       name[32m:[37m 'Graduation Photo Frame',
          Γò╡           [32m^[0m


[31mX [41;31m[[41;97mERROR[41;31m][0m [1mTS2695: Left side of comma 
operator is unused and has no side effects.[0m [1m[35m[plugin 
angular-compiler][0m

    src/app/components/gifts.ts:376:12:
[37m      376 Γöé       name: [32m'Graduation Photo Frame'[37m,
          Γò╡             [32m~~~~~~~~~~~~~~~~~~~~~~~~[0m


[31mX [41;31m[[41;97mERROR[41;31m][0m [1mTS2304: Cannot find name 
'price'.[0m [1m[35m[plugin angular-compiler][0m

    src/app/components/gifts.ts:377:6:
[37m      377 Γöé       [32mprice[37m: 999,
          Γò╡       [32m~~~~~[0m


[31mX [41;31m[[41;97mERROR[41;31m][0m [1mTS1005: ';' expected.[0m 
[1m[35m[plugin angular-compiler][0m

    src/app/components/gifts.ts:377:11:
[37m      377 Γöé       price[32m:[37m 999,
          Γò╡            [32m^[0m


[31mX [41;31m[[41;97mERROR[41;31m][0m [1mTS2695: Left side of comma 
operator is unused and has no side effects.[0m [1m[35m[plugin 
angular-compiler][0m

    src/app/components/gifts.ts:377:13:
[37m      377 Γöé       price: [32m999[37m,
          Γò╡              [32m~~~[0m


[31mX [41;31m[[41;97mERROR[41;31m][0m [1mTS2304: Cannot find name 
'category'.[0m [1m[35m[plugin angular-compiler][0m

    src/app/components/gifts.ts:378:6:
[37m      378 Γöé       [32mcategory[37m: 'Graduation',
          Γò╡       [32m~~~~~~~~[0m


[31mX [41;31m[[41;97mERROR[41;31m][0m [1mTS1005: ';' expected.[0m 
[1m[35m[plugin angular-compiler][0m

    src/app/components/gifts.ts:378:14:
[37m      378 Γöé       category[32m:[37m 'Graduation',
          Γò╡               [32m^[0m


[31mX [41;31m[[41;97mERROR[41;31m][0m [1mTS2695: Left side of comma 
operator is unused and has no side effects.[0m [1m[35m[plugin 
angular-compiler][0m

    src/app/components/gifts.ts:378:16:
[37m      378 Γöé       category: [32m'Graduation'[37m,
          Γò╡                 [32m~~~~~~~~~~~~[0m


[31mX [41;31m[[41;97mERROR[41;31m][0m [1mTS2304: Cannot find name 
'rating'.[0m [1m[35m[plugin angular-compiler][0m

    src/app/components/gifts.ts:379:6:
[37m      379 Γöé       [32mrating[37m: 4.4,
          Γò╡       [32m~~~~~~[0m


[31mX [41;31m[[41;97mERROR[41;31m][0m [1mTS1005: ';' expected.[0m 
[1m[35m[plugin angular-compiler][0m

    src/app/components/gifts.ts:379:12:
[37m      379 Γöé       rating[32m:[37m 4.4,
          Γò╡             [32m^[0m


[31mX [41;31m[[41;97mERROR[41;31m][0m [1mTS2695: Left side of comma 
operator is unused and has no side effects.[0m [1m[35m[plugin 
angular-compiler][0m

    src/app/components/gifts.ts:379:14:
[37m      379 Γöé       rating: [32m4.4[37m,
          Γò╡               [32m~~~[0m


[31mX [41;31m[[41;97mERROR[41;31m][0m [1mTS2304: Cannot find name 
'tag'.[0m [1m[35m[plugin angular-compiler][0m

    src/app/components/gifts.ts:380:6:
[37m      380 Γöé       [32mtag[37m: 'Memories',
          Γò╡       [32m~~~[0m


[31mX [41;31m[[41;97mERROR[41;31m][0m [1mTS1005: ';' expected.[0m 
[1m[35m[plugin angular-compiler][0m

    src/app/components/gifts.ts:380:9:
[37m      380 Γöé       tag[32m:[37m 'Memories',
          Γò╡          [32m^[0m


[31mX [41;31m[[41;97mERROR[41;31m][0m [1mTS2695: Left side of comma 
operator is unused and has no side effects.[0m [1m[35m[plugin 
angular-compiler][0m

    src/app/components/gifts.ts:380:11:
[37m      380 Γöé       tag: [32m'Memories'[37m,
          Γò╡            [32m~~~~~~~~~~[0m


[31mX [41;31m[[41;97mERROR[41;31m][0m [1mTS2304: Cannot find name 
'relation'.[0m [1m[35m[plugin angular-compiler][0m

    src/app/components/gifts.ts:381:6:
[37m      381 Γöé       [32mrelation[37m: 'Family',
          Γò╡       [32m~~~~~~~~[0m


[31mX [41;31m[[41;97mERROR[41;31m][0m [1mTS1005: ';' expected.[0m 
[1m[35m[plugin angular-compiler][0m

    src/app/components/gifts.ts:381:14:
[37m      381 Γöé       relation[32m:[37m 'Family',
          Γò╡               [32m^[0m


[31mX [41;31m[[41;97mERROR[41;31m][0m [1mTS2695: Left side of comma 
operator is unused and has no side effects.[0m [1m[35m[plugin 
angular-compiler][0m

    src/app/components/gifts.ts:381:16:
[37m      381 Γöé       relation: [32m'Family'[37m,
          Γò╡                 [32m~~~~~~~~[0m


[31mX [41;31m[[41;97mERROR[41;31m][0m [1mTS2304: Cannot find name 
'imageUrl'.[0m [1m[35m[plugin angular-compiler][0m

    src/app/components/gifts.ts:382:6:
[37m      382 Γöé       [32mimageUrl[37m: 
'https://images.pexels.com/photos/1205651/pexels-...
          Γò╡       [32m~~~~~~~~[0m


[31mX [41;31m[[41;97mERROR[41;31m][0m [1mTS1005: ';' expected.[0m 
[1m[35m[plugin angular-compiler][0m

    src/app/components/gifts.ts:382:14:
[37m      382 Γöé       imageUrl[32m:[37m 
'https://images.pexels.com/photos/1205651/pexels-...
          Γò╡               [32m^[0m


[31mX [41;31m[[41;97mERROR[41;31m][0m [1mTS2695: Left side of comma 
operator is unused and has no side effects.[0m [1m[35m[plugin 
angular-compiler][0m

    src/app/components/gifts.ts:382:16:
[37m      382 Γöé ...imageUrl: 
[32m'https://images.pexels.com/photos/1205651/pexels-pho[37m...
          Γò╡              
[32m~~~~~~~~~~~~~~~~~~~~~~~~~~~~~~~~~~~~~~~~~~~~~~~~~~~~[0m


[31mX [41;31m[[41;97mERROR[41;31m][0m [1mTS1109: Expression 
expected.[0m [1m[35m[plugin angular-compiler][0m

    src/app/components/gifts.ts:383:4:
[37m      383 Γöé     [32m}[37m,
          Γò╡     [32m^[0m


[31mX [41;31m[[41;97mERROR[41;31m][0m [1mTS1128: Declaration or 
statement expected.[0m [1m[35m[plugin angular-compiler][0m

    src/app/components/gifts.ts:383:5:
[37m      383 Γöé     }[32m,[37m
          Γò╡      [32m^[0m


[31mX [41;31m[[41;97mERROR[41;31m][0m [1mTS2695: Left side of comma 
operator is unused and has no side effects.[0m [1m[35m[plugin 
angular-compiler][0m

    src/app/components/gifts.ts:385:10:
[37m      385 Γöé       id: [32m'g5'[37m,
          Γò╡           [32m~~~~[0m


[31mX [41;31m[[41;97mERROR[41;31m][0m [1mTS1005: ';' expected.[0m 
[1m[35m[plugin angular-compiler][0m

    src/app/components/gifts.ts:386:10:
[37m      386 Γöé       name[32m:[37m 'Premium Diary & Pen Set',
          Γò╡           [32m^[0m


[31mX [41;31m[[41;97mERROR[41;31m][0m [1mTS2695: Left side of comma 
operator is unused and has no side effects.[0m [1m[35m[plugin 
angular-compiler][0m

    src/app/components/gifts.ts:386:12:
[37m      386 Γöé       name: [32m'Premium Diary & Pen Set'[37m,
          Γò╡             [32m~~~~~~~~~~~~~~~~~~~~~~~~~[0m


[31mX [41;31m[[41;97mERROR[41;31m][0m [1mTS2304: Cannot find name 
'price'.[0m [1m[35m[plugin angular-compiler][0m

    src/app/components/gifts.ts:387:6:
[37m      387 Γöé       [32mprice[37m: 1299,
          Γò╡       [32m~~~~~[0m


[31mX [41;31m[[41;97mERROR[41;31m][0m [1mTS1005: ';' expected.[0m 
[1m[35m[plugin angular-compiler][0m

    src/app/components/gifts.ts:387:11:
[37m      387 Γöé       price[32m:[37m 1299,
          Γò╡            [32m^[0m


[31mX [41;31m[[41;97mERROR[41;31m][0m [1mTS2695: Left side of comma 
operator is unused and has no side effects.[0m [1m[35m[plugin 
angular-compiler][0m

    src/app/components/gifts.ts:387:13:
[37m      387 Γöé       price: [32m1299[37m,
          Γò╡              [32m~~~~[0m


[31mX [41;31m[[41;97mERROR[41;31m][0m [1mTS2304: Cannot find name 
'category'.[0m [1m[35m[plugin angular-compiler][0m

    src/app/components/gifts.ts:388:6:
[37m      388 Γöé       [32mcategory[37m: 'Graduation',
          Γò╡       [32m~~~~~~~~[0m


[31mX [41;31m[[41;97mERROR[41;31m][0m [1mTS1005: ';' expected.[0m 
[1m[35m[plugin angular-compiler][0m

    src/app/components/gifts.ts:388:14:
[37m      388 Γöé       category[32m:[37m 'Graduation',
          Γò╡               [32m^[0m


[31mX [41;31m[[41;97mERROR[41;31m][0m [1mTS2695: Left side of comma 
operator is unused and has no side effects.[0m [1m[35m[plugin 
angular-compiler][0m

    src/app/components/gifts.ts:388:16:
[37m      388 Γöé       category: [32m'Graduation'[37m,
          Γò╡                 [32m~~~~~~~~~~~~[0m


[31mX [41;31m[[41;97mERROR[41;31m][0m [1mTS2304: Cannot find name 
'rating'.[0m [1m[35m[plugin angular-compiler][0m

    src/app/components/gifts.ts:389:6:
[37m      389 Γöé       [32mrating[37m: 4.6,
          Γò╡       [32m~~~~~~[0m


[31mX [41;31m[[41;97mERROR[41;31m][0m [1mTS1005: ';' expected.[0m 
[1m[35m[plugin angular-compiler][0m

    src/app/components/gifts.ts:389:12:
[37m      389 Γöé       rating[32m:[37m 4.6,
          Γò╡             [32m^[0m


[31mX [41;31m[[41;97mERROR[41;31m][0m [1mTS2695: Left side of comma 
operator is unused and has no side effects.[0m [1m[35m[plugin 
angular-compiler][0m

    src/app/components/gifts.ts:389:14:
[37m      389 Γöé       rating: [32m4.6[37m,
          Γò╡               [32m~~~[0m


[31mX [41;31m[[41;97mERROR[41;31m][0m [1mTS2304: Cannot find name 
'tag'.[0m [1m[35m[plugin angular-compiler][0m

    src/app/components/gifts.ts:390:6:
[37m      390 Γöé       [32mtag[37m: 'Classic',
          Γò╡       [32m~~~[0m


[31mX [41;31m[[41;97mERROR[41;31m][0m [1mTS1005: ';' expected.[0m 
[1m[35m[plugin angular-compiler][0m

    src/app/components/gifts.ts:390:9:
[37m      390 Γöé       tag[32m:[37m 'Classic',
          Γò╡          [32m^[0m


[31mX [41;31m[[41;97mERROR[41;31m][0m [1mTS2695: Left side of comma 
operator is unused and has no side effects.[0m [1m[35m[plugin 
angular-compiler][0m

    src/app/components/gifts.ts:390:11:
[37m      390 Γöé       tag: [32m'Classic'[37m,
          Γò╡            [32m~~~~~~~~~[0m


[31mX [41;31m[[41;97mERROR[41;31m][0m [1mTS2304: Cannot find name 
'relation'.[0m [1m[35m[plugin angular-compiler][0m

    src/app/components/gifts.ts:391:6:
[37m      391 Γöé       [32mrelation[37m: 'Colleagues',
          Γò╡       [32m~~~~~~~~[0m


[31mX [41;31m[[41;97mERROR[41;31m][0m [1mTS1005: ';' expected.[0m 
[1m[35m[plugin angular-compiler][0m

    src/app/components/gifts.ts:391:14:
[37m      391 Γöé       relation[32m:[37m 'Colleagues',
          Γò╡               [32m^[0m


[31mX [41;31m[[41;97mERROR[41;31m][0m [1mTS2695: Left side of comma 
operator is unused and has no side effects.[0m [1m[35m[plugin 
angular-compiler][0m

    src/app/components/gifts.ts:391:16:
[37m      391 Γöé       relation: [32m'Colleagues'[37m,
          Γò╡                 [32m~~~~~~~~~~~~[0m


[31mX [41;31m[[41;97mERROR[41;31m][0m [1mTS2304: Cannot find name 
'imageUrl'.[0m [1m[35m[plugin angular-compiler][0m

    src/app/components/gifts.ts:392:6:
[37m      392 Γöé       [32mimageUrl[37m: 
'https://images.pexels.com/photos/6382696/pexels-...
          Γò╡       [32m~~~~~~~~[0m


[31mX [41;31m[[41;97mERROR[41;31m][0m [1mTS1005: ';' expected.[0m 
[1m[35m[plugin angular-compiler][0m

    src/app/components/gifts.ts:392:14:
[37m      392 Γöé       imageUrl[32m:[37m 
'https://images.pexels.com/photos/6382696/pexels-...
          Γò╡               [32m^[0m


[31mX [41;31m[[41;97mERROR[41;31m][0m [1mTS2695: Left side of comma 
operator is unused and has no side effects.[0m [1m[35m[plugin 
angular-compiler][0m

    src/app/components/gifts.ts:392:16:
[37m      392 Γöé ...imageUrl: 
[32m'https://images.pexels.com/photos/6382696/pexels-pho[37m...
          Γò╡              
[32m~~~~~~~~~~~~~~~~~~~~~~~~~~~~~~~~~~~~~~~~~~~~~~~~~~~~[0m


[31mX [41;31m[[41;97mERROR[41;31m][0m [1mTS1109: Expression 
expected.[0m [1m[35m[plugin angular-compiler][0m

    src/app/components/gifts.ts:393:4:
[37m      393 Γöé     [32m}[37m,
          Γò╡     [32m^[0m


[31mX [41;31m[[41;97mERROR[41;31m][0m [1mTS1128: Declaration or 
statement expected.[0m [1m[35m[plugin angular-compiler][0m

    src/app/components/gifts.ts:393:5:
[37m      393 Γöé     }[32m,[37m
          Γò╡      [32m^[0m


[31mX [41;31m[[41;97mERROR[41;31m][0m [1mTS2695: Left side of comma 
operator is unused and has no side effects.[0m [1m[35m[plugin 
angular-compiler][0m

    src/app/components/gifts.ts:395:10:
[37m      395 Γöé       id: [32m'g6'[37m,
          Γò╡           [32m~~~~[0m


[31mX [41;31m[[41;97mERROR[41;31m][0m [1mTS1005: ';' expected.[0m 
[1m[35m[plugin angular-compiler][0m

    src/app/components/gifts.ts:396:10:
[37m      396 Γöé       name[32m:[37m 'Bluetooth Headphones',
          Γò╡           [32m^[0m


[31mX [41;31m[[41;97mERROR[41;31m][0m [1mTS2695: Left side of comma 
operator is unused and has no side effects.[0m [1m[35m[plugin 
angular-compiler][0m

    src/app/components/gifts.ts:396:12:
[37m      396 Γöé       name: [32m'Bluetooth Headphones'[37m,
          Γò╡             [32m~~~~~~~~~~~~~~~~~~~~~~[0m


[31mX [41;31m[[41;97mERROR[41;31m][0m [1mTS2304: Cannot find name 
'price'.[0m [1m[35m[plugin angular-compiler][0m

    src/app/components/gifts.ts:397:6:
[37m      397 Γöé       [32mprice[37m: 2999,
          Γò╡       [32m~~~~~[0m


[31mX [41;31m[[41;97mERROR[41;31m][0m [1mTS1005: ';' expected.[0m 
[1m[35m[plugin angular-compiler][0m

    src/app/components/gifts.ts:397:11:
[37m      397 Γöé       price[32m:[37m 2999,
          Γò╡            [32m^[0m


[31mX [41;31m[[41;97mERROR[41;31m][0m [1mTS2695: Left side of comma 
operator is unused and has no side effects.[0m [1m[35m[plugin 
angular-compiler][0m

    src/app/components/gifts.ts:397:13:
[37m      397 Γöé       price: [32m2999[37m,
          Γò╡              [32m~~~~[0m


[31mX [41;31m[[41;97mERROR[41;31m][0m [1mTS2304: Cannot find name 
'category'.[0m [1m[35m[plugin angular-compiler][0m

    src/app/components/gifts.ts:398:6:
[37m      398 Γöé       [32mcategory[37m: 'Graduation',
          Γò╡       [32m~~~~~~~~[0m


[31mX [41;31m[[41;97mERROR[41;31m][0m [1mTS1005: ';' expected.[0m 
[1m[35m[plugin angular-compiler][0m

    src/app/components/gifts.ts:398:14:
[37m      398 Γöé       category[32m:[37m 'Graduation',
          Γò╡               [32m^[0m


[31mX [41;31m[[41;97mERROR[41;31m][0m [1mTS2695: Left side of comma 
operator is unused and has no side effects.[0m [1m[35m[plugin 
angular-compiler][0m

    src/app/components/gifts.ts:398:16:
[37m      398 Γöé       category: [32m'Graduation'[37m,
          Γò╡                 [32m~~~~~~~~~~~~[0m


[31mX [41;31m[[41;97mERROR[41;31m][0m [1mTS2304: Cannot find name 
'rating'.[0m [1m[35m[plugin angular-compiler][0m

    src/app/components/gifts.ts:399:6:
[37m      399 Γöé       [32mrating[37m: 4.7,
          Γò╡       [32m~~~~~~[0m


[31mX [41;31m[[41;97mERROR[41;31m][0m [1mTS1005: ';' expected.[0m 
[1m[35m[plugin angular-compiler][0m

    src/app/components/gifts.ts:399:12:
[37m      399 Γöé       rating[32m:[37m 4.7,
          Γò╡             [32m^[0m


[31mX [41;31m[[41;97mERROR[41;31m][0m [1mTS2695: Left side of comma 
operator is unused and has no side effects.[0m [1m[35m[plugin 
angular-compiler][0m

    src/app/components/gifts.ts:399:14:
[37m      399 Γöé       rating: [32m4.7[37m,
          Γò╡               [32m~~~[0m


[31mX [41;31m[[41;97mERROR[41;31m][0m [1mTS2304: Cannot find name 
'tag'.[0m [1m[35m[plugin angular-compiler][0m

    src/app/components/gifts.ts:400:6:
[37m      400 Γöé       [32mtag[37m: 'Audio',
          Γò╡       [32m~~~[0m


[31mX [41;31m[[41;97mERROR[41;31m][0m [1mTS1005: ';' expected.[0m 
[1m[35m[plugin angular-compiler][0m

    src/app/components/gifts.ts:400:9:
[37m      400 Γöé       tag[32m:[37m 'Audio',
          Γò╡          [32m^[0m


[31mX [41;31m[[41;97mERROR[41;31m][0m [1mTS2695: Left side of comma 
operator is unused and has no side effects.[0m [1m[35m[plugin 
angular-compiler][0m

    src/app/components/gifts.ts:400:11:
[37m      400 Γöé       tag: [32m'Audio'[37m,
          Γò╡            [32m~~~~~~~[0m


[31mX [41;31m[[41;97mERROR[41;31m][0m [1mTS2304: Cannot find name 
'relation'.[0m [1m[35m[plugin angular-compiler][0m

    src/app/components/gifts.ts:401:6:
[37m      401 Γöé       [32mrelation[37m: 'Friends',
          Γò╡       [32m~~~~~~~~[0m


[31mX [41;31m[[41;97mERROR[41;31m][0m [1mTS1005: ';' expected.[0m 
[1m[35m[plugin angular-compiler][0m

    src/app/components/gifts.ts:401:14:
[37m      401 Γöé       relation[32m:[37m 'Friends',
          Γò╡               [32m^[0m


[31mX [41;31m[[41;97mERROR[41;31m][0m [1mTS2695: Left side of comma 
operator is unused and has no side effects.[0m [1m[35m[plugin 
angular-compiler][0m

    src/app/components/gifts.ts:401:16:
[37m      401 Γöé       relation: [32m'Friends'[37m,
          Γò╡                 [32m~~~~~~~~~[0m


[31mX [41;31m[[41;97mERROR[41;31m][0m [1mTS2304: Cannot find name 
'imageUrl'.[0m [1m[35m[plugin angular-compiler][0m

    src/app/components/gifts.ts:402:6:
[37m      402 Γöé       [32mimageUrl[37m: 
'https://images.pexels.com/photos/1591060/pexels-...
          Γò╡       [32m~~~~~~~~[0m


[31mX [41;31m[[41;97mERROR[41;31m][0m [1mTS1005: ';' expected.[0m 
[1m[35m[plugin angular-compiler][0m

    src/app/components/gifts.ts:402:14:
[37m      402 Γöé       imageUrl[32m:[37m 
'https://images.pexels.com/photos/1591060/pexels-...
          Γò╡               [32m^[0m


[31mX [41;31m[[41;97mERROR[41;31m][0m [1mTS2695: Left side of comma 
operator is unused and has no side effects.[0m [1m[35m[plugin 
angular-compiler][0m

    src/app/components/gifts.ts:402:16:
[37m      402 Γöé ...imageUrl: 
[32m'https://images.pexels.com/photos/1591060/pexels-pho[37m...
          Γò╡              
[32m~~~~~~~~~~~~~~~~~~~~~~~~~~~~~~~~~~~~~~~~~~~~~~~~~~~~[0m


[31mX [41;31m[[41;97mERROR[41;31m][0m [1mTS1109: Expression 
expected.[0m [1m[35m[plugin angular-compiler][0m

    src/app/components/gifts.ts:403:4:
[37m      403 Γöé     [32m}[37m,
          Γò╡     [32m^[0m


[31mX [41;31m[[41;97mERROR[41;31m][0m [1mTS1128: Declaration or 
statement expected.[0m [1m[35m[plugin angular-compiler][0m

    src/app/components/gifts.ts:403:5:
[37m      403 Γöé     }[32m,[37m
          Γò╡      [32m^[0m


[31mX [41;31m[[41;97mERROR[41;31m][0m [1mTS2695: Left side of comma 
operator is unused and has no side effects.[0m [1m[35m[plugin 
angular-compiler][0m

    src/app/components/gifts.ts:405:10:
[37m      405 Γöé       id: [32m'f1'[37m,
          Γò╡           [32m~~~~[0m


[31mX [41;31m[[41;97mERROR[41;31m][0m [1mTS1005: ';' expected.[0m 
[1m[35m[plugin angular-compiler][0m

    src/app/components/gifts.ts:406:10:
[37m      406 Γöé       name[32m:[37m 'Dry Fruit Gift Box',
          Γò╡           [32m^[0m


[31mX [41;31m[[41;97mERROR[41;31m][0m [1mTS2695: Left side of comma 
operator is unused and has no side effects.[0m [1m[35m[plugin 
angular-compiler][0m

    src/app/components/gifts.ts:406:12:
[37m      406 Γöé       name: [32m'Dry Fruit Gift Box'[37m,
          Γò╡             [32m~~~~~~~~~~~~~~~~~~~~[0m


[31mX [41;31m[[41;97mERROR[41;31m][0m [1mTS2304: Cannot find name 
'price'.[0m [1m[35m[plugin angular-compiler][0m

    src/app/components/gifts.ts:407:6:
[37m      407 Γöé       [32mprice[37m: 1799,
          Γò╡       [32m~~~~~[0m


[31mX [41;31m[[41;97mERROR[41;31m][0m [1mTS1005: ';' expected.[0m 
[1m[35m[plugin angular-compiler][0m

    src/app/components/gifts.ts:407:11:
[37m      407 Γöé       price[32m:[37m 1799,
          Γò╡            [32m^[0m


[31mX [41;31m[[41;97mERROR[41;31m][0m [1mTS2695: Left side of comma 
operator is unused and has no side effects.[0m [1m[35m[plugin 
angular-compiler][0m

    src/app/components/gifts.ts:407:13:
[37m      407 Γöé       price: [32m1799[37m,
          Γò╡              [32m~~~~[0m


[31mX [41;31m[[41;97mERROR[41;31m][0m [1mTS2304: Cannot find name 
'category'.[0m [1m[35m[plugin angular-compiler][0m

    src/app/components/gifts.ts:408:6:
[37m      408 Γöé       [32mcategory[37m: 'Festival',
          Γò╡       [32m~~~~~~~~[0m


[31mX [41;31m[[41;97mERROR[41;31m][0m [1mTS1005: ';' expected.[0m 
[1m[35m[plugin angular-compiler][0m

    src/app/components/gifts.ts:408:14:
[37m      408 Γöé       category[32m:[37m 'Festival',
          Γò╡               [32m^[0m


[31mX [41;31m[[41;97mERROR[41;31m][0m [1mTS2695: Left side of comma 
operator is unused and has no side effects.[0m [1m[35m[plugin 
angular-compiler][0m

    src/app/components/gifts.ts:408:16:
[37m      408 Γöé       category: [32m'Festival'[37m,
          Γò╡                 [32m~~~~~~~~~~[0m


[31mX [41;31m[[41;97mERROR[41;31m][0m [1mTS2304: Cannot find name 
'rating'.[0m [1m[35m[plugin angular-compiler][0m

    src/app/components/gifts.ts:409:6:
[37m      409 Γöé       [32mrating[37m: 4.6,
          Γò╡       [32m~~~~~~[0m


[31mX [41;31m[[41;97mERROR[41;31m][0m [1mTS1005: ';' expected.[0m 
[1m[35m[plugin angular-compiler][0m

    src/app/components/gifts.ts:409:12:
[37m      409 Γöé       rating[32m:[37m 4.6,
          Γò╡             [32m^[0m


[31mX [41;31m[[41;97mERROR[41;31m][0m [1mTS2695: Left side of comma 
operator is unused and has no side effects.[0m [1m[35m[plugin 
angular-compiler][0m

    src/app/components/gifts.ts:409:14:
[37m      409 Γöé       rating: [32m4.6[37m,
          Γò╡               [32m~~~[0m


[31mX [41;31m[[41;97mERROR[41;31m][0m [1mTS2304: Cannot find name 
'tag'.[0m [1m[35m[plugin angular-compiler][0m

    src/app/components/gifts.ts:410:6:
[37m      410 Γöé       [32mtag[37m: 'Festive',
          Γò╡       [32m~~~[0m


[31mX [41;31m[[41;97mERROR[41;31m][0m [1mTS1005: ';' expected.[0m 
[1m[35m[plugin angular-compiler][0m

    src/app/components/gifts.ts:410:9:
[37m      410 Γöé       tag[32m:[37m 'Festive',
          Γò╡          [32m^[0m


[31mX [41;31m[[41;97mERROR[41;31m][0m [1mTS2695: Left side of comma 
operator is unused and has no side effects.[0m [1m[35m[plugin 
angular-compiler][0m

    src/app/components/gifts.ts:410:11:
[37m      410 Γöé       tag: [32m'Festive'[37m,
          Γò╡            [32m~~~~~~~~~[0m


[31mX [41;31m[[41;97mERROR[41;31m][0m [1mTS2304: Cannot find name 
'relation'.[0m [1m[35m[plugin angular-compiler][0m

    src/app/components/gifts.ts:411:6:
[37m      411 Γöé       [32mrelation[37m: 'Family',
          Γò╡       [32m~~~~~~~~[0m


[31mX [41;31m[[41;97mERROR[41;31m][0m [1mTS1005: ';' expected.[0m 
[1m[35m[plugin angular-compiler][0m

    src/app/components/gifts.ts:411:14:
[37m      411 Γöé       relation[32m:[37m 'Family',
          Γò╡               [32m^[0m


[31mX [41;31m[[41;97mERROR[41;31m][0m [1mTS2695: Left side of comma 
operator is unused and has no side effects.[0m [1m[35m[plugin 
angular-compiler][0m

    src/app/components/gifts.ts:411:16:
[37m      411 Γöé       relation: [32m'Family'[37m,
          Γò╡                 [32m~~~~~~~~[0m


[31mX [41;31m[[41;97mERROR[41;31m][0m [1mTS2304: Cannot find name 
'imageUrl'.[0m [1m[35m[plugin angular-compiler][0m

    src/app/components/gifts.ts:412:6:
[37m      412 Γöé       [32mimageUrl[37m: 
'https://images.pexels.com/photos/13105331/pexels...
          Γò╡       [32m~~~~~~~~[0m


[31mX [41;31m[[41;97mERROR[41;31m][0m [1mTS1005: ';' expected.[0m 
[1m[35m[plugin angular-compiler][0m

    src/app/components/gifts.ts:412:14:
[37m      412 Γöé       imageUrl[32m:[37m 
'https://images.pexels.com/photos/13105331/pexels...
          Γò╡               [32m^[0m


[31mX [41;31m[[41;97mERROR[41;31m][0m [1mTS2695: Left side of comma 
operator is unused and has no side effects.[0m [1m[35m[plugin 
angular-compiler][0m

    src/app/components/gifts.ts:412:16:
[37m      412 Γöé ...imageUrl: 
[32m'https://images.pexels.com/photos/13105331/pexels-ph[37m...
          Γò╡              
[32m~~~~~~~~~~~~~~~~~~~~~~~~~~~~~~~~~~~~~~~~~~~~~~~~~~~~[0m


[31mX [41;31m[[41;97mERROR[41;31m][0m [1mTS1109: Expression 
expected.[0m [1m[35m[plugin angular-compiler][0m

    src/app/components/gifts.ts:413:4:
[37m      413 Γöé     [32m}[37m,
          Γò╡     [32m^[0m


[31mX [41;31m[[41;97mERROR[41;31m][0m [1mTS1128: Declaration or 
statement expected.[0m [1m[35m[plugin angular-compiler][0m

    src/app/components/gifts.ts:413:5:
[37m      413 Γöé     }[32m,[37m
          Γò╡      [32m^[0m


[31mX [41;31m[[41;97mERROR[41;31m][0m [1mTS2695: Left side of comma 
operator is unused and has no side effects.[0m [1m[35m[plugin 
angular-compiler][0m

    src/app/components/gifts.ts:415:10:
[37m      415 Γöé       id: [32m'f2'[37m,
          Γò╡           [32m~~~~[0m


[31mX [41;31m[[41;97mERROR[41;31m][0m [1mTS1005: ';' expected.[0m 
[1m[35m[plugin angular-compiler][0m

    src/app/components/gifts.ts:416:10:
[37m      416 Γöé       name[32m:[37m 'Decorative Lamp / Diyas',
          Γò╡           [32m^[0m


[31mX [41;31m[[41;97mERROR[41;31m][0m [1mTS2695: Left side of comma 
operator is unused and has no side effects.[0m [1m[35m[plugin 
angular-compiler][0m

    src/app/components/gifts.ts:416:12:
[37m      416 Γöé       name: [32m'Decorative Lamp / Diyas'[37m,
          Γò╡             [32m~~~~~~~~~~~~~~~~~~~~~~~~~[0m


[31mX [41;31m[[41;97mERROR[41;31m][0m [1mTS2304: Cannot find name 
'price'.[0m [1m[35m[plugin angular-compiler][0m

    src/app/components/gifts.ts:417:6:
[37m      417 Γöé       [32mprice[37m: 1299,
          Γò╡       [32m~~~~~[0m


[31mX [41;31m[[41;97mERROR[41;31m][0m [1mTS1005: ';' expected.[0m 
[1m[35m[plugin angular-compiler][0m

    src/app/components/gifts.ts:417:11:
[37m      417 Γöé       price[32m:[37m 1299,
          Γò╡            [32m^[0m


[31mX [41;31m[[41;97mERROR[41;31m][0m [1mTS2695: Left side of comma 
operator is unused and has no side effects.[0m [1m[35m[plugin 
angular-compiler][0m

    src/app/components/gifts.ts:417:13:
[37m      417 Γöé       price: [32m1299[37m,
          Γò╡              [32m~~~~[0m


[31mX [41;31m[[41;97mERROR[41;31m][0m [1mTS2304: Cannot find name 
'category'.[0m [1m[35m[plugin angular-compiler][0m

    src/app/components/gifts.ts:418:6:
[37m      418 Γöé       [32mcategory[37m: 'Festival',
          Γò╡       [32m~~~~~~~~[0m


[31mX [41;31m[[41;97mERROR[41;31m][0m [1mTS1005: ';' expected.[0m 
[1m[35m[plugin angular-compiler][0m

    src/app/components/gifts.ts:418:14:
[37m      418 Γöé       category[32m:[37m 'Festival',
          Γò╡               [32m^[0m


[31mX [41;31m[[41;97mERROR[41;31m][0m [1mTS2695: Left side of comma 
operator is unused and has no side effects.[0m [1m[35m[plugin 
angular-compiler][0m

    src/app/components/gifts.ts:418:16:
[37m      418 Γöé       category: [32m'Festival'[37m,
          Γò╡                 [32m~~~~~~~~~~[0m


[31mX [41;31m[[41;97mERROR[41;31m][0m [1mTS2304: Cannot find name 
'rating'.[0m [1m[35m[plugin angular-compiler][0m

    src/app/components/gifts.ts:419:6:
[37m      419 Γöé       [32mrating[37m: 4.5,
          Γò╡       [32m~~~~~~[0m


[31mX [41;31m[[41;97mERROR[41;31m][0m [1mTS1005: ';' expected.[0m 
[1m[35m[plugin angular-compiler][0m

    src/app/components/gifts.ts:419:12:
[37m      419 Γöé       rating[32m:[37m 4.5,
          Γò╡             [32m^[0m


[31mX [41;31m[[41;97mERROR[41;31m][0m [1mTS2695: Left side of comma 
operator is unused and has no side effects.[0m [1m[35m[plugin 
angular-compiler][0m

    src/app/components/gifts.ts:419:14:
[37m      419 Γöé       rating: [32m4.5[37m,
          Γò╡               [32m~~~[0m


[31mX [41;31m[[41;97mERROR[41;31m][0m [1mTS2304: Cannot find name 
'tag'.[0m [1m[35m[plugin angular-compiler][0m

    src/app/components/gifts.ts:420:6:
[37m      420 Γöé       [32mtag[37m: 'Decor',
          Γò╡       [32m~~~[0m


[31mX [41;31m[[41;97mERROR[41;31m][0m [1mTS1005: ';' expected.[0m 
[1m[35m[plugin angular-compiler][0m

    src/app/components/gifts.ts:420:9:
[37m      420 Γöé       tag[32m:[37m 'Decor',
          Γò╡          [32m^[0m


[31mX [41;31m[[41;97mERROR[41;31m][0m [1mTS2695: Left side of comma 
operator is unused and has no side effects.[0m [1m[35m[plugin 
angular-compiler][0m

    src/app/components/gifts.ts:420:11:
[37m      420 Γöé       tag: [32m'Decor'[37m,
          Γò╡            [32m~~~~~~~[0m


[31mX [41;31m[[41;97mERROR[41;31m][0m [1mTS2304: Cannot find name 
'relation'.[0m [1m[35m[plugin angular-compiler][0m

    src/app/components/gifts.ts:421:6:
[37m      421 Γöé       [32mrelation[37m: 'Family',
          Γò╡       [32m~~~~~~~~[0m


[31mX [41;31m[[41;97mERROR[41;31m][0m [1mTS1005: ';' expected.[0m 
[1m[35m[plugin angular-compiler][0m

    src/app/components/gifts.ts:421:14:
[37m      421 Γöé       relation[32m:[37m 'Family',
          Γò╡               [32m^[0m


[31mX [41;31m[[41;97mERROR[41;31m][0m [1mTS2695: Left side of comma 
operator is unused and has no side effects.[0m [1m[35m[plugin 
angular-compiler][0m

    src/app/components/gifts.ts:421:16:
[37m      421 Γöé       relation: [32m'Family'[37m,
          Γò╡                 [32m~~~~~~~~[0m


[31mX [41;31m[[41;97mERROR[41;31m][0m [1mTS2304: Cannot find name 
'imageUrl'.[0m [1m[35m[plugin angular-compiler][0m

    src/app/components/gifts.ts:422:6:
[37m      422 Γöé       [32mimageUrl[37m: 
'https://images.pexels.com/photos/913020/pexels-p...
          Γò╡       [32m~~~~~~~~[0m


[31mX [41;31m[[41;97mERROR[41;31m][0m [1mTS1005: ';' expected.[0m 
[1m[35m[plugin angular-compiler][0m

    src/app/components/gifts.ts:422:14:
[37m      422 Γöé       imageUrl[32m:[37m 
'https://images.pexels.com/photos/913020/pexels-p...
          Γò╡               [32m^[0m


[31mX [41;31m[[41;97mERROR[41;31m][0m [1mTS2695: Left side of comma 
operator is unused and has no side effects.[0m [1m[35m[plugin 
angular-compiler][0m

    src/app/components/gifts.ts:422:16:
[37m      422 Γöé ...imageUrl: 
[32m'https://images.pexels.com/photos/913020/pexels-phot[37m...
          Γò╡              
[32m~~~~~~~~~~~~~~~~~~~~~~~~~~~~~~~~~~~~~~~~~~~~~~~~~~~~[0m


[31mX [41;31m[[41;97mERROR[41;31m][0m [1mTS1109: Expression 
expected.[0m [1m[35m[plugin angular-compiler][0m

    src/app/components/gifts.ts:423:4:
[37m      423 Γöé     [32m}[37m,
          Γò╡     [32m^[0m


[31mX [41;31m[[41;97mERROR[41;31m][0m [1mTS1128: Declaration or 
statement expected.[0m [1m[35m[plugin angular-compiler][0m

    src/app/components/gifts.ts:423:5:
[37m      423 Γöé     }[32m,[37m
          Γò╡      [32m^[0m


[31mX [41;31m[[41;97mERROR[41;31m][0m [1mTS2695: Left side of comma 
operator is unused and has no side effects.[0m [1m[35m[plugin 
angular-compiler][0m

    src/app/components/gifts.ts:425:10:
[37m      425 Γöé       id: [32m'f3'[37m,
          Γò╡           [32m~~~~[0m


[31mX [41;31m[[41;97mERROR[41;31m][0m [1mTS1005: ';' expected.[0m 
[1m[35m[plugin angular-compiler][0m

    src/app/components/gifts.ts:426:10:
[37m      426 Γöé       name[32m:[37m 'Chocolate Gift Basket',
          Γò╡           [32m^[0m


[31mX [41;31m[[41;97mERROR[41;31m][0m [1mTS2695: Left side of comma 
operator is unused and has no side effects.[0m [1m[35m[plugin 
angular-compiler][0m

    src/app/components/gifts.ts:426:12:
[37m      426 Γöé       name: [32m'Chocolate Gift Basket'[37m,
          Γò╡             [32m~~~~~~~~~~~~~~~~~~~~~~~[0m


[31mX [41;31m[[41;97mERROR[41;31m][0m [1mTS2304: Cannot find name 
'price'.[0m [1m[35m[plugin angular-compiler][0m

    src/app/components/gifts.ts:427:6:
[37m      427 Γöé       [32mprice[37m: 1499,
          Γò╡       [32m~~~~~[0m


[31mX [41;31m[[41;97mERROR[41;31m][0m [1mTS1005: ';' expected.[0m 
[1m[35m[plugin angular-compiler][0m

    src/app/components/gifts.ts:427:11:
[37m      427 Γöé       price[32m:[37m 1499,
          Γò╡            [32m^[0m


[31mX [41;31m[[41;97mERROR[41;31m][0m [1mTS2695: Left side of comma 
operator is unused and has no side effects.[0m [1m[35m[plugin 
angular-compiler][0m

    src/app/components/gifts.ts:427:13:
[37m      427 Γöé       price: [32m1499[37m,
          Γò╡              [32m~~~~[0m


[31mX [41;31m[[41;97mERROR[41;31m][0m [1mTS2304: Cannot find name 
'category'.[0m [1m[35m[plugin angular-compiler][0m

    src/app/components/gifts.ts:428:6:
[37m      428 Γöé       [32mcategory[37m: 'Festival',
          Γò╡       [32m~~~~~~~~[0m


[31mX [41;31m[[41;97mERROR[41;31m][0m [1mTS1005: ';' expected.[0m 
[1m[35m[plugin angular-compiler][0m

    src/app/components/gifts.ts:428:14:
[37m      428 Γöé       category[32m:[37m 'Festival',
          Γò╡               [32m^[0m


[31mX [41;31m[[41;97mERROR[41;31m][0m [1mTS2695: Left side of comma 
operator is unused and has no side effects.[0m [1m[35m[plugin 
angular-compiler][0m

    src/app/components/gifts.ts:428:16:
[37m      428 Γöé       category: [32m'Festival'[37m,
          Γò╡                 [32m~~~~~~~~~~[0m


[31mX [41;31m[[41;97mERROR[41;31m][0m [1mTS2304: Cannot find name 
'rating'.[0m [1m[35m[plugin angular-compiler][0m

    src/app/components/gifts.ts:429:6:
[37m      429 Γöé       [32mrating[37m: 4.6,
          Γò╡       [32m~~~~~~[0m


[31mX [41;31m[[41;97mERROR[41;31m][0m [1mTS1005: ';' expected.[0m 
[1m[35m[plugin angular-compiler][0m

    src/app/components/gifts.ts:429:12:
[37m      429 Γöé       rating[32m:[37m 4.6,
          Γò╡             [32m^[0m


[31mX [41;31m[[41;97mERROR[41;31m][0m [1mTS2695: Left side of comma 
operator is unused and has no side effects.[0m [1m[35m[plugin 
angular-compiler][0m

    src/app/components/gifts.ts:429:14:
[37m      429 Γöé       rating: [32m4.6[37m,
          Γò╡               [32m~~~[0m


[31mX [41;31m[[41;97mERROR[41;31m][0m [1mTS2304: Cannot find name 
'tag'.[0m [1m[35m[plugin angular-compiler][0m

    src/app/components/gifts.ts:430:6:
[37m      430 Γöé       [32mtag[37m: 'Sweet',
          Γò╡       [32m~~~[0m


[31mX [41;31m[[41;97mERROR[41;31m][0m [1mTS1005: ';' expected.[0m 
[1m[35m[plugin angular-compiler][0m

    src/app/components/gifts.ts:430:9:
[37m      430 Γöé       tag[32m:[37m 'Sweet',
          Γò╡          [32m^[0m


[31mX [41;31m[[41;97mERROR[41;31m][0m [1mTS2695: Left side of comma 
operator is unused and has no side effects.[0m [1m[35m[plugin 
angular-compiler][0m

    src/app/components/gifts.ts:430:11:
[37m      430 Γöé       tag: [32m'Sweet'[37m,
          Γò╡            [32m~~~~~~~[0m


[31mX [41;31m[[41;97mERROR[41;31m][0m [1mTS2304: Cannot find name 
'relation'.[0m [1m[35m[plugin angular-compiler][0m

    src/app/components/gifts.ts:431:6:
[37m      431 Γöé       [32mrelation[37m: 'Friends',
          Γò╡       [32m~~~~~~~~[0m


[31mX [41;31m[[41;97mERROR[41;31m][0m [1mTS1005: ';' expected.[0m 
[1m[35m[plugin angular-compiler][0m

    src/app/components/gifts.ts:431:14:
[37m      431 Γöé       relation[32m:[37m 'Friends',
          Γò╡               [32m^[0m


[31mX [41;31m[[41;97mERROR[41;31m][0m [1mTS2695: Left side of comma 
operator is unused and has no side effects.[0m [1m[35m[plugin 
angular-compiler][0m

    src/app/components/gifts.ts:431:16:
[37m      431 Γöé       relation: [32m'Friends'[37m,
          Γò╡                 [32m~~~~~~~~~[0m


[31mX [41;31m[[41;97mERROR[41;31m][0m [1mTS2304: Cannot find name 
'imageUrl'.[0m [1m[35m[plugin angular-compiler][0m

    src/app/components/gifts.ts:432:6:
[37m      432 Γöé       [32mimageUrl[37m: 
'https://images.pexels.com/photos/4110104/pexels-...
          Γò╡       [32m~~~~~~~~[0m


[31mX [41;31m[[41;97mERROR[41;31m][0m [1mTS1005: ';' expected.[0m 
[1m[35m[plugin angular-compiler][0m

    src/app/components/gifts.ts:432:14:
[37m      432 Γöé       imageUrl[32m:[37m 
'https://images.pexels.com/photos/4110104/pexels-...
          Γò╡               [32m^[0m


[31mX [41;31m[[41;97mERROR[41;31m][0m [1mTS2695: Left side of comma 
operator is unused and has no side effects.[0m [1m[35m[plugin 
angular-compiler][0m

    src/app/components/gifts.ts:432:16:
[37m      432 Γöé ...imageUrl: 
[32m'https://images.pexels.com/photos/4110104/pexels-pho[37m...
          Γò╡              
[32m~~~~~~~~~~~~~~~~~~~~~~~~~~~~~~~~~~~~~~~~~~~~~~~~~~~~[0m


[31mX [41;31m[[41;97mERROR[41;31m][0m [1mTS1109: Expression 
expected.[0m [1m[35m[plugin angular-compiler][0m

    src/app/components/gifts.ts:433:4:
[37m      433 Γöé     [32m}[37m,
          Γò╡     [32m^[0m


[31mX [41;31m[[41;97mERROR[41;31m][0m [1mTS1128: Declaration or 
statement expected.[0m [1m[35m[plugin angular-compiler][0m

    src/app/components/gifts.ts:433:5:
[37m      433 Γöé     }[32m,[37m
          Γò╡      [32m^[0m


[31mX [41;31m[[41;97mERROR[41;31m][0m [1mTS2695: Left side of comma 
operator is unused and has no side effects.[0m [1m[35m[plugin 
angular-compiler][0m

    src/app/components/gifts.ts:435:10:
[37m      435 Γöé       id: [32m'f4'[37m,
          Γò╡           [32m~~~~[0m


[31mX [41;31m[[41;97mERROR[41;31m][0m [1mTS1005: ';' expected.[0m 
[1m[35m[plugin angular-compiler][0m

    src/app/components/gifts.ts:436:10:
[37m      436 Γöé       name[32m:[37m 'Sweets Gift Hamper',
          Γò╡           [32m^[0m


[31mX [41;31m[[41;97mERROR[41;31m][0m [1mTS2695: Left side of comma 
operator is unused and has no side effects.[0m [1m[35m[plugin 
angular-compiler][0m

    src/app/components/gifts.ts:436:12:
[37m      436 Γöé       name: [32m'Sweets Gift Hamper'[37m,
          Γò╡             [32m~~~~~~~~~~~~~~~~~~~~[0m


[31mX [41;31m[[41;97mERROR[41;31m][0m [1mTS2304: Cannot find name 
'price'.[0m [1m[35m[plugin angular-compiler][0m

    src/app/components/gifts.ts:437:6:
[37m      437 Γöé       [32mprice[37m: 1699,
          Γò╡       [32m~~~~~[0m


[31mX [41;31m[[41;97mERROR[41;31m][0m [1mTS1005: ';' expected.[0m 
[1m[35m[plugin angular-compiler][0m

    src/app/components/gifts.ts:437:11:
[37m      437 Γöé       price[32m:[37m 1699,
          Γò╡            [32m^[0m


[31mX [41;31m[[41;97mERROR[41;31m][0m [1mTS2695: Left side of comma 
operator is unused and has no side effects.[0m [1m[35m[plugin 
angular-compiler][0m

    src/app/components/gifts.ts:437:13:
[37m      437 Γöé       price: [32m1699[37m,
          Γò╡              [32m~~~~[0m


[31mX [41;31m[[41;97mERROR[41;31m][0m [1mTS2304: Cannot find name 
'category'.[0m [1m[35m[plugin angular-compiler][0m

    src/app/components/gifts.ts:438:6:
[37m      438 Γöé       [32mcategory[37m: 'Festival',
          Γò╡       [32m~~~~~~~~[0m


[31mX [41;31m[[41;97mERROR[41;31m][0m [1mTS1005: ';' expected.[0m 
[1m[35m[plugin angular-compiler][0m

    src/app/components/gifts.ts:438:14:
[37m      438 Γöé       category[32m:[37m 'Festival',
          Γò╡               [32m^[0m


[31mX [41;31m[[41;97mERROR[41;31m][0m [1mTS2695: Left side of comma 
operator is unused and has no side effects.[0m [1m[35m[plugin 
angular-compiler][0m

    src/app/components/gifts.ts:438:16:
[37m      438 Γöé       category: [32m'Festival'[37m,
          Γò╡                 [32m~~~~~~~~~~[0m


[31mX [41;31m[[41;97mERROR[41;31m][0m [1mTS2304: Cannot find name 
'rating'.[0m [1m[35m[plugin angular-compiler][0m

    src/app/components/gifts.ts:439:6:
[37m      439 Γöé       [32mrating[37m: 4.7,
          Γò╡       [32m~~~~~~[0m


[31mX [41;31m[[41;97mERROR[41;31m][0m [1mTS1005: ';' expected.[0m 
[1m[35m[plugin angular-compiler][0m

    src/app/components/gifts.ts:439:12:
[37m      439 Γöé       rating[32m:[37m 4.7,
          Γò╡             [32m^[0m


[31mX [41;31m[[41;97mERROR[41;31m][0m [1mTS2695: Left side of comma 
operator is unused and has no side effects.[0m [1m[35m[plugin 
angular-compiler][0m

    src/app/components/gifts.ts:439:14:
[37m      439 Γöé       rating: [32m4.7[37m,
          Γò╡               [32m~~~[0m


[31mX [41;31m[[41;97mERROR[41;31m][0m [1mTS2304: Cannot find name 
'tag'.[0m [1m[35m[plugin angular-compiler][0m

    src/app/components/gifts.ts:440:6:
[37m      440 Γöé       [32mtag[37m: 'Traditional',
          Γò╡       [32m~~~[0m


[31mX [41;31m[[41;97mERROR[41;31m][0m [1mTS1005: ';' expected.[0m 
[1m[35m[plugin angular-compiler][0m

    src/app/components/gifts.ts:440:9:
[37m      440 Γöé       tag[32m:[37m 'Traditional',
          Γò╡          [32m^[0m


[31mX [41;31m[[41;97mERROR[41;31m][0m [1mTS2695: Left side of comma 
operator is unused and has no side effects.[0m [1m[35m[plugin 
angular-compiler][0m

    src/app/components/gifts.ts:440:11:
[37m      440 Γöé       tag: [32m'Traditional'[37m,
          Γò╡            [32m~~~~~~~~~~~~~[0m


[31mX [41;31m[[41;97mERROR[41;31m][0m [1mTS2304: Cannot find name 
'relation'.[0m [1m[35m[plugin angular-compiler][0m

    src/app/components/gifts.ts:441:6:
[37m      441 Γöé       [32mrelation[37m: 'Family',
          Γò╡       [32m~~~~~~~~[0m


[31mX [41;31m[[41;97mERROR[41;31m][0m [1mTS1005: ';' expected.[0m 
[1m[35m[plugin angular-compiler][0m

    src/app/components/gifts.ts:441:14:
[37m      441 Γöé       relation[32m:[37m 'Family',
          Γò╡               [32m^[0m


[31mX [41;31m[[41;97mERROR[41;31m][0m [1mTS2695: Left side of comma 
operator is unused and has no side effects.[0m [1m[35m[plugin 
angular-compiler][0m

    src/app/components/gifts.ts:441:16:
[37m      441 Γöé       relation: [32m'Family'[37m,
          Γò╡                 [32m~~~~~~~~[0m


[31mX [41;31m[[41;97mERROR[41;31m][0m [1mTS2304: Cannot find name 
'imageUrl'.[0m [1m[35m[plugin angular-compiler][0m

    src/app/components/gifts.ts:442:6:
[37m      442 Γöé       [32mimageUrl[37m: 
'https://images.pexels.com/photos/1191639/pexels-...
          Γò╡       [32m~~~~~~~~[0m


[31mX [41;31m[[41;97mERROR[41;31m][0m [1mTS1005: ';' expected.[0m 
[1m[35m[plugin angular-compiler][0m

    src/app/components/gifts.ts:442:14:
[37m      442 Γöé       imageUrl[32m:[37m 
'https://images.pexels.com/photos/1191639/pexels-...
          Γò╡               [32m^[0m


[31mX [41;31m[[41;97mERROR[41;31m][0m [1mTS2695: Left side of comma 
operator is unused and has no side effects.[0m [1m[35m[plugin 
angular-compiler][0m

    src/app/components/gifts.ts:442:16:
[37m      442 Γöé ...imageUrl: 
[32m'https://images.pexels.com/photos/1191639/pexels-pho[37m...
          Γò╡              
[32m~~~~~~~~~~~~~~~~~~~~~~~~~~~~~~~~~~~~~~~~~~~~~~~~~~~~[0m


[31mX [41;31m[[41;97mERROR[41;31m][0m [1mTS1109: Expression 
expected.[0m [1m[35m[plugin angular-compiler][0m

    src/app/components/gifts.ts:443:4:
[37m      443 Γöé     [32m}[37m,
          Γò╡     [32m^[0m


[31mX [41;31m[[41;97mERROR[41;31m][0m [1mTS1128: Declaration or 
statement expected.[0m [1m[35m[plugin angular-compiler][0m

    src/app/components/gifts.ts:443:5:
[37m      443 Γöé     }[32m,[37m
          Γò╡      [32m^[0m


[31mX [41;31m[[41;97mERROR[41;31m][0m [1mTS2695: Left side of comma 
operator is unused and has no side effects.[0m [1m[35m[plugin 
angular-compiler][0m

    src/app/components/gifts.ts:445:10:
[37m      445 Γöé       id: [32m'f5'[37m,
          Γò╡           [32m~~~~[0m


[31mX [41;31m[[41;97mERROR[41;31m][0m [1mTS1005: ';' expected.[0m 
[1m[35m[plugin angular-compiler][0m

    src/app/components/gifts.ts:446:10:
[37m      446 Γöé       name[32m:[37m 'Festival Decoration Kit',
          Γò╡           [32m^[0m


[31mX [41;31m[[41;97mERROR[41;31m][0m [1mTS2695: Left side of comma 
operator is unused and has no side effects.[0m [1m[35m[plugin 
angular-compiler][0m

    src/app/components/gifts.ts:446:12:
[37m      446 Γöé       name: [32m'Festival Decoration Kit'[37m,
          Γò╡             [32m~~~~~~~~~~~~~~~~~~~~~~~~~[0m


[31mX [41;31m[[41;97mERROR[41;31m][0m [1mTS2304: Cannot find name 
'price'.[0m [1m[35m[plugin angular-compiler][0m

    src/app/components/gifts.ts:447:6:
[37m      447 Γöé       [32mprice[37m: 1199,
          Γò╡       [32m~~~~~[0m


[31mX [41;31m[[41;97mERROR[41;31m][0m [1mTS1005: ';' expected.[0m 
[1m[35m[plugin angular-compiler][0m

    src/app/components/gifts.ts:447:11:
[37m      447 Γöé       price[32m:[37m 1199,
          Γò╡            [32m^[0m


[31mX [41;31m[[41;97mERROR[41;31m][0m [1mTS2695: Left side of comma 
operator is unused and has no side effects.[0m [1m[35m[plugin 
angular-compiler][0m

    src/app/components/gifts.ts:447:13:
[37m      447 Γöé       price: [32m1199[37m,
          Γò╡              [32m~~~~[0m


[31mX [41;31m[[41;97mERROR[41;31m][0m [1mTS2304: Cannot find name 
'category'.[0m [1m[35m[plugin angular-compiler][0m

    src/app/components/gifts.ts:448:6:
[37m      448 Γöé       [32mcategory[37m: 'Festival',
          Γò╡       [32m~~~~~~~~[0m


[31mX [41;31m[[41;97mERROR[41;31m][0m [1mTS1005: ';' expected.[0m 
[1m[35m[plugin angular-compiler][0m

    src/app/components/gifts.ts:448:14:
[37m      448 Γöé       category[32m:[37m 'Festival',
          Γò╡               [32m^[0m


[31mX [41;31m[[41;97mERROR[41;31m][0m [1mTS2695: Left side of comma 
operator is unused and has no side effects.[0m [1m[35m[plugin 
angular-compiler][0m

    src/app/components/gifts.ts:448:16:
[37m      448 Γöé       category: [32m'Festival'[37m,
          Γò╡                 [32m~~~~~~~~~~[0m


[31mX [41;31m[[41;97mERROR[41;31m][0m [1mTS2304: Cannot find name 
'rating'.[0m [1m[35m[plugin angular-compiler][0m

    src/app/components/gifts.ts:449:6:
[37m      449 Γöé       [32mrating[37m: 4.5,
          Γò╡       [32m~~~~~~[0m


[31mX [41;31m[[41;97mERROR[41;31m][0m [1mTS1005: ';' expected.[0m 
[1m[35m[plugin angular-compiler][0m

    src/app/components/gifts.ts:449:12:
[37m      449 Γöé       rating[32m:[37m 4.5,
          Γò╡             [32m^[0m


[31mX [41;31m[[41;97mERROR[41;31m][0m [1mTS2695: Left side of comma 
operator is unused and has no side effects.[0m [1m[35m[plugin 
angular-compiler][0m

    src/app/components/gifts.ts:449:14:
[37m      449 Γöé       rating: [32m4.5[37m,
          Γò╡               [32m~~~[0m


[31mX [41;31m[[41;97mERROR[41;31m][0m [1mTS2304: Cannot find name 
'tag'.[0m [1m[35m[plugin angular-compiler][0m

    src/app/components/gifts.ts:450:6:
[37m      450 Γöé       [32mtag[37m: 'Decor',
          Γò╡       [32m~~~[0m


[31mX [41;31m[[41;97mERROR[41;31m][0m [1mTS1005: ';' expected.[0m 
[1m[35m[plugin angular-compiler][0m

    src/app/components/gifts.ts:450:9:
[37m      450 Γöé       tag[32m:[37m 'Decor',
          Γò╡          [32m^[0m


[31mX [41;31m[[41;97mERROR[41;31m][0m [1mTS2695: Left side of comma 
operator is unused and has no side effects.[0m [1m[35m[plugin 
angular-compiler][0m

    src/app/components/gifts.ts:450:11:
[37m      450 Γöé       tag: [32m'Decor'[37m,
          Γò╡            [32m~~~~~~~[0m


[31mX [41;31m[[41;97mERROR[41;31m][0m [1mTS2304: Cannot find name 
'relation'.[0m [1m[35m[plugin angular-compiler][0m

    src/app/components/gifts.ts:451:6:
[37m      451 Γöé       [32mrelation[37m: 'Family',
          Γò╡       [32m~~~~~~~~[0m


[31mX [41;31m[[41;97mERROR[41;31m][0m [1mTS1005: ';' expected.[0m 
[1m[35m[plugin angular-compiler][0m

    src/app/components/gifts.ts:451:14:
[37m      451 Γöé       relation[32m:[37m 'Family',
          Γò╡               [32m^[0m


[31mX [41;31m[[41;97mERROR[41;31m][0m [1mTS2695: Left side of comma 
operator is unused and has no side effects.[0m [1m[35m[plugin 
angular-compiler][0m

    src/app/components/gifts.ts:451:16:
[37m      451 Γöé       relation: [32m'Family'[37m,
          Γò╡                 [32m~~~~~~~~[0m


[31mX [41;31m[[41;97mERROR[41;31m][0m [1mTS2304: Cannot find name 
'imageUrl'.[0m [1m[35m[plugin angular-compiler][0m

    src/app/components/gifts.ts:452:6:
[37m      452 Γöé       [32mimageUrl[37m: 
'https://images.pexels.com/photos/7525056/pexels-...
          Γò╡       [32m~~~~~~~~[0m


[31mX [41;31m[[41;97mERROR[41;31m][0m [1mTS1005: ';' expected.[0m 
[1m[35m[plugin angular-compiler][0m

    src/app/components/gifts.ts:452:14:
[37m      452 Γöé       imageUrl[32m:[37m 
'https://images.pexels.com/photos/7525056/pexels-...
          Γò╡               [32m^[0m


[31mX [41;31m[[41;97mERROR[41;31m][0m [1mTS2695: Left side of comma 
operator is unused and has no side effects.[0m [1m[35m[plugin 
angular-compiler][0m

    src/app/components/gifts.ts:452:16:
[37m      452 Γöé ...imageUrl: 
[32m'https://images.pexels.com/photos/7525056/pexels-pho[37m...
          Γò╡              
[32m~~~~~~~~~~~~~~~~~~~~~~~~~~~~~~~~~~~~~~~~~~~~~~~~~~~~[0m


[31mX [41;31m[[41;97mERROR[41;31m][0m [1mTS1109: Expression 
expected.[0m [1m[35m[plugin angular-compiler][0m

    src/app/components/gifts.ts:453:4:
[37m      453 Γöé     [32m}[37m,
          Γò╡     [32m^[0m


[31mX [41;31m[[41;97mERROR[41;31m][0m [1mTS1128: Declaration or 
statement expected.[0m [1m[35m[plugin angular-compiler][0m

    src/app/components/gifts.ts:453:5:
[37m      453 Γöé     }[32m,[37m
          Γò╡      [32m^[0m


[31mX [41;31m[[41;97mERROR[41;31m][0m [1mTS2695: Left side of comma 
operator is unused and has no side effects.[0m [1m[35m[plugin 
angular-compiler][0m

    src/app/components/gifts.ts:455:10:
[37m      455 Γöé       id: [32m'f6'[37m,
          Γò╡           [32m~~~~[0m


[31mX [41;31m[[41;97mERROR[41;31m][0m [1mTS1005: ';' expected.[0m 
[1m[35m[plugin angular-compiler][0m

    src/app/components/gifts.ts:456:10:
[37m      456 Γöé       name[32m:[37m 'Premium Tea / Coffee Set',
          Γò╡           [32m^[0m


[31mX [41;31m[[41;97mERROR[41;31m][0m [1mTS2695: Left side of comma 
operator is unused and has no side effects.[0m [1m[35m[plugin 
angular-compiler][0m

    src/app/components/gifts.ts:456:12:
[37m      456 Γöé       name: [32m'Premium Tea / Coffee Set'[37m,
          Γò╡             [32m~~~~~~~~~~~~~~~~~~~~~~~~~~[0m


[31mX [41;31m[[41;97mERROR[41;31m][0m [1mTS2304: Cannot find name 
'price'.[0m [1m[35m[plugin angular-compiler][0m

    src/app/components/gifts.ts:457:6:
[37m      457 Γöé       [32mprice[37m: 1399,
          Γò╡       [32m~~~~~[0m


[31mX [41;31m[[41;97mERROR[41;31m][0m [1mTS1005: ';' expected.[0m 
[1m[35m[plugin angular-compiler][0m

    src/app/components/gifts.ts:457:11:
[37m      457 Γöé       price[32m:[37m 1399,
          Γò╡            [32m^[0m


[31mX [41;31m[[41;97mERROR[41;31m][0m [1mTS2695: Left side of comma 
operator is unused and has no side effects.[0m [1m[35m[plugin 
angular-compiler][0m

    src/app/components/gifts.ts:457:13:
[37m      457 Γöé       price: [32m1399[37m,
          Γò╡              [32m~~~~[0m


[31mX [41;31m[[41;97mERROR[41;31m][0m [1mTS2304: Cannot find name 
'category'.[0m [1m[35m[plugin angular-compiler][0m

    src/app/components/gifts.ts:458:6:
[37m      458 Γöé       [32mcategory[37m: 'Festival',
          Γò╡       [32m~~~~~~~~[0m


[31mX [41;31m[[41;97mERROR[41;31m][0m [1mTS1005: ';' expected.[0m 
[1m[35m[plugin angular-compiler][0m

    src/app/components/gifts.ts:458:14:
[37m      458 Γöé       category[32m:[37m 'Festival',
          Γò╡               [32m^[0m


[31mX [41;31m[[41;97mERROR[41;31m][0m [1mTS2695: Left side of comma 
operator is unused and has no side effects.[0m [1m[35m[plugin 
angular-compiler][0m

    src/app/components/gifts.ts:458:16:
[37m      458 Γöé       category: [32m'Festival'[37m,
          Γò╡                 [32m~~~~~~~~~~[0m


[31mX [41;31m[[41;97mERROR[41;31m][0m [1mTS2304: Cannot find name 
'rating'.[0m [1m[35m[plugin angular-compiler][0m

    src/app/components/gifts.ts:459:6:
[37m      459 Γöé       [32mrating[37m: 4.6,
          Γò╡       [32m~~~~~~[0m


[31mX [41;31m[[41;97mERROR[41;31m][0m [1mTS1005: ';' expected.[0m 
[1m[35m[plugin angular-compiler][0m

    src/app/components/gifts.ts:459:12:
[37m      459 Γöé       rating[32m:[37m 4.6,
          Γò╡             [32m^[0m


[31mX [41;31m[[41;97mERROR[41;31m][0m [1mTS2695: Left side of comma 
operator is unused and has no side effects.[0m [1m[35m[plugin 
angular-compiler][0m

    src/app/components/gifts.ts:459:14:
[37m      459 Γöé       rating: [32m4.6[37m,
          Γò╡               [32m~~~[0m


[31mX [41;31m[[41;97mERROR[41;31m][0m [1mTS2304: Cannot find name 
'tag'.[0m [1m[35m[plugin angular-compiler][0m

    src/app/components/gifts.ts:460:6:
[37m      460 Γöé       [32mtag[37m: 'Warm',
          Γò╡       [32m~~~[0m


[31mX [41;31m[[41;97mERROR[41;31m][0m [1mTS1005: ';' expected.[0m 
[1m[35m[plugin angular-compiler][0m

    src/app/components/gifts.ts:460:9:
[37m      460 Γöé       tag[32m:[37m 'Warm',
          Γò╡          [32m^[0m


[31mX [41;31m[[41;97mERROR[41;31m][0m [1mTS2695: Left side of comma 
operator is unused and has no side effects.[0m [1m[35m[plugin 
angular-compiler][0m

    src/app/components/gifts.ts:460:11:
[37m      460 Γöé       tag: [32m'Warm'[37m,
          Γò╡            [32m~~~~~~[0m


[31mX [41;31m[[41;97mERROR[41;31m][0m [1mTS2304: Cannot find name 
'relation'.[0m [1m[35m[plugin angular-compiler][0m

    src/app/components/gifts.ts:461:6:
[37m      461 Γöé       [32mrelation[37m: 'Family',
          Γò╡       [32m~~~~~~~~[0m


[31mX [41;31m[[41;97mERROR[41;31m][0m [1mTS1005: ';' expected.[0m 
[1m[35m[plugin angular-compiler][0m

    src/app/components/gifts.ts:461:14:
[37m      461 Γöé       relation[32m:[37m 'Family',
          Γò╡               [32m^[0m


[31mX [41;31m[[41;97mERROR[41;31m][0m [1mTS2695: Left side of comma 
operator is unused and has no side effects.[0m [1m[35m[plugin 
angular-compiler][0m

    src/app/components/gifts.ts:461:16:
[37m      461 Γöé       relation: [32m'Family'[37m,
          Γò╡                 [32m~~~~~~~~[0m


[31mX [41;31m[[41;97mERROR[41;31m][0m [1mTS2304: Cannot find name 
'imageUrl'.[0m [1m[35m[plugin angular-compiler][0m

    src/app/components/gifts.ts:462:6:
[37m      462 Γöé       [32mimageUrl[37m: 
'https://images.pexels.com/photos/102061/pexels-p...
          Γò╡       [32m~~~~~~~~[0m


[31mX [41;31m[[41;97mERROR[41;31m][0m [1mTS1005: ';' expected.[0m 
[1m[35m[plugin angular-compiler][0m

    src/app/components/gifts.ts:462:14:
[37m      462 Γöé       imageUrl[32m:[37m 
'https://images.pexels.com/photos/102061/pexels-p...
          Γò╡               [32m^[0m


[31mX [41;31m[[41;97mERROR[41;31m][0m [1mTS2695: Left side of comma 
operator is unused and has no side effects.[0m [1m[35m[plugin 
angular-compiler][0m

    src/app/components/gifts.ts:462:16:
[37m      462 Γöé ...imageUrl: 
[32m'https://images.pexels.com/photos/102061/pexels-phot[37m...
          Γò╡              
[32m~~~~~~~~~~~~~~~~~~~~~~~~~~~~~~~~~~~~~~~~~~~~~~~~~~~~[0m


[31mX [41;31m[[41;97mERROR[41;31m][0m [1mTS1109: Expression 
expected.[0m [1m[35m[plugin angular-compiler][0m

    src/app/components/gifts.ts:463:4:
[37m      463 Γöé     [32m}[37m,
          Γò╡     [32m^[0m


[31mX [41;31m[[41;97mERROR[41;31m][0m [1mTS1128: Declaration or 
statement expected.[0m [1m[35m[plugin angular-compiler][0m

    src/app/components/gifts.ts:463:5:
[37m      463 Γöé     }[32m,[37m
          Γò╡      [32m^[0m


[31mX [41;31m[[41;97mERROR[41;31m][0m [1mTS2695: Left side of comma 
operator is unused and has no side effects.[0m [1m[35m[plugin 
angular-compiler][0m

    src/app/components/gifts.ts:465:10:
[37m      465 Γöé       id: [32m'bs1'[37m,
          Γò╡           [32m~~~~~[0m


[31mX [41;31m[[41;97mERROR[41;31m][0m [1mTS1005: ';' expected.[0m 
[1m[35m[plugin angular-compiler][0m

    src/app/components/gifts.ts:466:10:
[37m      466 Γöé       name[32m:[37m 'Baby Clothes Set',
          Γò╡           [32m^[0m


[31mX [41;31m[[41;97mERROR[41;31m][0m [1mTS2695: Left side of comma 
operator is unused and has no side effects.[0m [1m[35m[plugin 
angular-compiler][0m

    src/app/components/gifts.ts:466:12:
[37m      466 Γöé       name: [32m'Baby Clothes Set'[37m,
          Γò╡             [32m~~~~~~~~~~~~~~~~~~[0m


[31mX [41;31m[[41;97mERROR[41;31m][0m [1mTS2304: Cannot find name 
'price'.[0m [1m[35m[plugin angular-compiler][0m

    src/app/components/gifts.ts:467:6:
[37m      467 Γöé       [32mprice[37m: 1299,
          Γò╡       [32m~~~~~[0m


[31mX [41;31m[[41;97mERROR[41;31m][0m [1mTS1005: ';' expected.[0m 
[1m[35m[plugin angular-compiler][0m

    src/app/components/gifts.ts:467:11:
[37m      467 Γöé       price[32m:[37m 1299,
          Γò╡            [32m^[0m


[31mX [41;31m[[41;97mERROR[41;31m][0m [1mTS2695: Left side of comma 
operator is unused and has no side effects.[0m [1m[35m[plugin 
angular-compiler][0m

    src/app/components/gifts.ts:467:13:
[37m      467 Γöé       price: [32m1299[37m,
          Γò╡              [32m~~~~[0m


[31mX [41;31m[[41;97mERROR[41;31m][0m [1mTS2304: Cannot find name 
'category'.[0m [1m[35m[plugin angular-compiler][0m

    src/app/components/gifts.ts:468:6:
[37m      468 Γöé       [32mcategory[37m: 'Baby Shower',
          Γò╡       [32m~~~~~~~~[0m


[31mX [41;31m[[41;97mERROR[41;31m][0m [1mTS1005: ';' expected.[0m 
[1m[35m[plugin angular-compiler][0m

    src/app/components/gifts.ts:468:14:
[37m      468 Γöé       category[32m:[37m 'Baby Shower',
          Γò╡               [32m^[0m


[31mX [41;31m[[41;97mERROR[41;31m][0m [1mTS2695: Left side of comma 
operator is unused and has no side effects.[0m [1m[35m[plugin 
angular-compiler][0m

    src/app/components/gifts.ts:468:16:
[37m      468 Γöé       category: [32m'Baby Shower'[37m,
          Γò╡                 [32m~~~~~~~~~~~~~[0m


[31mX [41;31m[[41;97mERROR[41;31m][0m [1mTS2304: Cannot find name 
'rating'.[0m [1m[35m[plugin angular-compiler][0m

    src/app/components/gifts.ts:469:6:
[37m      469 Γöé       [32mrating[37m: 4.6,
          Γò╡       [32m~~~~~~[0m


[31mX [41;31m[[41;97mERROR[41;31m][0m [1mTS1005: ';' expected.[0m 
[1m[35m[plugin angular-compiler][0m

    src/app/components/gifts.ts:469:12:
[37m      469 Γöé       rating[32m:[37m 4.6,
          Γò╡             [32m^[0m


[31mX [41;31m[[41;97mERROR[41;31m][0m [1mTS2695: Left side of comma 
operator is unused and has no side effects.[0m [1m[35m[plugin 
angular-compiler][0m

    src/app/components/gifts.ts:469:14:
[37m      469 Γöé       rating: [32m4.6[37m,
          Γò╡               [32m~~~[0m


[31mX [41;31m[[41;97mERROR[41;31m][0m [1mTS2304: Cannot find name 
'tag'.[0m [1m[35m[plugin angular-compiler][0m

    src/app/components/gifts.ts:470:6:
[37m      470 Γöé       [32mtag[37m: 'Soft',
          Γò╡       [32m~~~[0m


[31mX [41;31m[[41;97mERROR[41;31m][0m [1mTS1005: ';' expected.[0m 
[1m[35m[plugin angular-compiler][0m

    src/app/components/gifts.ts:470:9:
[37m      470 Γöé       tag[32m:[37m 'Soft',
          Γò╡          [32m^[0m


[31mX [41;31m[[41;97mERROR[41;31m][0m [1mTS2695: Left side of comma 
operator is unused and has no side effects.[0m [1m[35m[plugin 
angular-compiler][0m

    src/app/components/gifts.ts:470:11:
[37m      470 Γöé       tag: [32m'Soft'[37m,
          Γò╡            [32m~~~~~~[0m


[31mX [41;31m[[41;97mERROR[41;31m][0m [1mTS2304: Cannot find name 
'relation'.[0m [1m[35m[plugin angular-compiler][0m

    src/app/components/gifts.ts:471:6:
[37m      471 Γöé       [32mrelation[37m: 'Family',
          Γò╡       [32m~~~~~~~~[0m


[31mX [41;31m[[41;97mERROR[41;31m][0m [1mTS1005: ';' expected.[0m 
[1m[35m[plugin angular-compiler][0m

    src/app/components/gifts.ts:471:14:
[37m      471 Γöé       relation[32m:[37m 'Family',
          Γò╡               [32m^[0m


[31mX [41;31m[[41;97mERROR[41;31m][0m [1mTS2695: Left side of comma 
operator is unused and has no side effects.[0m [1m[35m[plugin 
angular-compiler][0m

    src/app/components/gifts.ts:471:16:
[37m      471 Γöé       relation: [32m'Family'[37m,
          Γò╡                 [32m~~~~~~~~[0m


[31mX [41;31m[[41;97mERROR[41;31m][0m [1mTS2304: Cannot find name 
'imageUrl'.[0m [1m[35m[plugin angular-compiler][0m

    src/app/components/gifts.ts:472:6:
[37m      472 Γöé       [32mimageUrl[37m: 
'https://images.pexels.com/photos/8532616/pexels-...
          Γò╡       [32m~~~~~~~~[0m


[31mX [41;31m[[41;97mERROR[41;31m][0m [1mTS1005: ';' expected.[0m 
[1m[35m[plugin angular-compiler][0m

    src/app/components/gifts.ts:472:14:
[37m      472 Γöé       imageUrl[32m:[37m 
'https://images.pexels.com/photos/8532616/pexels-...
          Γò╡               [32m^[0m


[31mX [41;31m[[41;97mERROR[41;31m][0m [1mTS2695: Left side of comma 
operator is unused and has no side effects.[0m [1m[35m[plugin 
angular-compiler][0m

    src/app/components/gifts.ts:472:16:
[37m      472 Γöé ...imageUrl: 
[32m'https://images.pexels.com/photos/8532616/pexels-pho[37m...
          Γò╡              
[32m~~~~~~~~~~~~~~~~~~~~~~~~~~~~~~~~~~~~~~~~~~~~~~~~~~~~[0m


[31mX [41;31m[[41;97mERROR[41;31m][0m [1mTS1109: Expression 
expected.[0m [1m[35m[plugin angular-compiler][0m

    src/app/components/gifts.ts:473:4:
[37m      473 Γöé     [32m}[37m,
          Γò╡     [32m^[0m


[31mX [41;31m[[41;97mERROR[41;31m][0m [1mTS1128: Declaration or 
statement expected.[0m [1m[35m[plugin angular-compiler][0m

    src/app/components/gifts.ts:473:5:
[37m      473 Γöé     }[32m,[37m
          Γò╡      [32m^[0m


[31mX [41;31m[[41;97mERROR[41;31m][0m [1mTS2695: Left side of comma 
operator is unused and has no side effects.[0m [1m[35m[plugin 
angular-compiler][0m

    src/app/components/gifts.ts:475:10:
[37m      475 Γöé       id: [32m'bs2'[37m,
          Γò╡           [32m~~~~~[0m


[31mX [41;31m[[41;97mERROR[41;31m][0m [1mTS1005: ';' expected.[0m 
[1m[35m[plugin angular-compiler][0m

    src/app/components/gifts.ts:476:10:
[37m      476 Γöé       name[32m:[37m 'Baby Toy Set',
          Γò╡           [32m^[0m


[31mX [41;31m[[41;97mERROR[41;31m][0m [1mTS2695: Left side of comma 
operator is unused and has no side effects.[0m [1m[35m[plugin 
angular-compiler][0m

    src/app/components/gifts.ts:476:12:
[37m      476 Γöé       name: [32m'Baby Toy Set'[37m,
          Γò╡             [32m~~~~~~~~~~~~~~[0m


[31mX [41;31m[[41;97mERROR[41;31m][0m [1mTS2304: Cannot find name 
'price'.[0m [1m[35m[plugin angular-compiler][0m

    src/app/components/gifts.ts:477:6:
[37m      477 Γöé       [32mprice[37m: 999,
          Γò╡       [32m~~~~~[0m


[31mX [41;31m[[41;97mERROR[41;31m][0m [1mTS1005: ';' expected.[0m 
[1m[35m[plugin angular-compiler][0m

    src/app/components/gifts.ts:477:11:
[37m      477 Γöé       price[32m:[37m 999,
          Γò╡            [32m^[0m


[31mX [41;31m[[41;97mERROR[41;31m][0m [1mTS2695: Left side of comma 
operator is unused and has no side effects.[0m [1m[35m[plugin 
angular-compiler][0m

    src/app/components/gifts.ts:477:13:
[37m      477 Γöé       price: [32m999[37m,
          Γò╡              [32m~~~[0m


[31mX [41;31m[[41;97mERROR[41;31m][0m [1mTS2304: Cannot find name 
'category'.[0m [1m[35m[plugin angular-compiler][0m

    src/app/components/gifts.ts:478:6:
[37m      478 Γöé       [32mcategory[37m: 'Baby Shower',
          Γò╡       [32m~~~~~~~~[0m


[31mX [41;31m[[41;97mERROR[41;31m][0m [1mTS1005: ';' expected.[0m 
[1m[35m[plugin angular-compiler][0m

    src/app/components/gifts.ts:478:14:
[37m      478 Γöé       category[32m:[37m 'Baby Shower',
          Γò╡               [32m^[0m


[31mX [41;31m[[41;97mERROR[41;31m][0m [1mTS2695: Left side of comma 
operator is unused and has no side effects.[0m [1m[35m[plugin 
angular-compiler][0m

    src/app/components/gifts.ts:478:16:
[37m      478 Γöé       category: [32m'Baby Shower'[37m,
          Γò╡                 [32m~~~~~~~~~~~~~[0m


[31mX [41;31m[[41;97mERROR[41;31m][0m [1mTS2304: Cannot find name 
'rating'.[0m [1m[35m[plugin angular-compiler][0m

    src/app/components/gifts.ts:479:6:
[37m      479 Γöé       [32mrating[37m: 4.5,
          Γò╡       [32m~~~~~~[0m


[31mX [41;31m[[41;97mERROR[41;31m][0m [1mTS1005: ';' expected.[0m 
[1m[35m[plugin angular-compiler][0m

    src/app/components/gifts.ts:479:12:
[37m      479 Γöé       rating[32m:[37m 4.5,
          Γò╡             [32m^[0m


[31mX [41;31m[[41;97mERROR[41;31m][0m [1mTS2695: Left side of comma 
operator is unused and has no side effects.[0m [1m[35m[plugin 
angular-compiler][0m

    src/app/components/gifts.ts:479:14:
[37m      479 Γöé       rating: [32m4.5[37m,
          Γò╡               [32m~~~[0m


[31mX [41;31m[[41;97mERROR[41;31m][0m [1mTS2304: Cannot find name 
'tag'.[0m [1m[35m[plugin angular-compiler][0m

    src/app/components/gifts.ts:480:6:
[37m      480 Γöé       [32mtag[37m: 'Fun',
          Γò╡       [32m~~~[0m


[31mX [41;31m[[41;97mERROR[41;31m][0m [1mTS1005: ';' expected.[0m 
[1m[35m[plugin angular-compiler][0m

    src/app/components/gifts.ts:480:9:
[37m      480 Γöé       tag[32m:[37m 'Fun',
          Γò╡          [32m^[0m


[31mX [41;31m[[41;97mERROR[41;31m][0m [1mTS2695: Left side of comma 
operator is unused and has no side effects.[0m [1m[35m[plugin 
angular-compiler][0m

    src/app/components/gifts.ts:480:11:
[37m      480 Γöé       tag: [32m'Fun'[37m,
          Γò╡            [32m~~~~~[0m


[31mX [41;31m[[41;97mERROR[41;31m][0m [1mTS2304: Cannot find name 
'relation'.[0m [1m[35m[plugin angular-compiler][0m

    src/app/components/gifts.ts:481:6:
[37m      481 Γöé       [32mrelation[37m: 'Family',
          Γò╡       [32m~~~~~~~~[0m


[31mX [41;31m[[41;97mERROR[41;31m][0m [1mTS1005: ';' expected.[0m 
[1m[35m[plugin angular-compiler][0m

    src/app/components/gifts.ts:481:14:
[37m      481 Γöé       relation[32m:[37m 'Family',
          Γò╡               [32m^[0m


[31mX [41;31m[[41;97mERROR[41;31m][0m [1mTS2695: Left side of comma 
operator is unused and has no side effects.[0m [1m[35m[plugin 
angular-compiler][0m

    src/app/components/gifts.ts:481:16:
[37m      481 Γöé       relation: [32m'Family'[37m,
          Γò╡                 [32m~~~~~~~~[0m


[31mX [41;31m[[41;97mERROR[41;31m][0m [1mTS2304: Cannot find name 
'imageUrl'.[0m [1m[35m[plugin angular-compiler][0m

    src/app/components/gifts.ts:482:6:
[37m      482 Γöé       [32mimageUrl[37m: 
'https://images.pexels.com/photos/3662667/pexels-...
          Γò╡       [32m~~~~~~~~[0m


[31mX [41;31m[[41;97mERROR[41;31m][0m [1mTS1005: ';' expected.[0m 
[1m[35m[plugin angular-compiler][0m

    src/app/components/gifts.ts:482:14:
[37m      482 Γöé       imageUrl[32m:[37m 
'https://images.pexels.com/photos/3662667/pexels-...
          Γò╡               [32m^[0m


[31mX [41;31m[[41;97mERROR[41;31m][0m [1mTS2695: Left side of comma 
operator is unused and has no side effects.[0m [1m[35m[plugin 
angular-compiler][0m

    src/app/components/gifts.ts:482:16:
[37m      482 Γöé ...imageUrl: 
[32m'https://images.pexels.com/photos/3662667/pexels-pho[37m...
          Γò╡              
[32m~~~~~~~~~~~~~~~~~~~~~~~~~~~~~~~~~~~~~~~~~~~~~~~~~~~~[0m


[31mX [41;31m[[41;97mERROR[41;31m][0m [1mTS1109: Expression 
expected.[0m [1m[35m[plugin angular-compiler][0m

    src/app/components/gifts.ts:483:4:
[37m      483 Γöé     [32m}[37m,
          Γò╡     [32m^[0m


[31mX [41;31m[[41;97mERROR[41;31m][0m [1mTS1128: Declaration or 
statement expected.[0m [1m[35m[plugin angular-compiler][0m

    src/app/components/gifts.ts:483:5:
[37m      483 Γöé     }[32m,[37m
          Γò╡      [32m^[0m


[31mX [41;31m[[41;97mERROR[41;31m][0m [1mTS2695: Left side of comma 
operator is unused and has no side effects.[0m [1m[35m[plugin 
angular-compiler][0m

    src/app/components/gifts.ts:485:10:
[37m      485 Γöé       id: [32m'bs3'[37m,
          Γò╡           [32m~~~~~[0m


[31mX [41;31m[[41;97mERROR[41;31m][0m [1mTS1005: ';' expected.[0m 
[1m[35m[plugin angular-compiler][0m

    src/app/components/gifts.ts:486:10:
[37m      486 Γöé       name[32m:[37m 'Baby Care Kit',
          Γò╡           [32m^[0m


[31mX [41;31m[[41;97mERROR[41;31m][0m [1mTS2695: Left side of comma 
operator is unused and has no side effects.[0m [1m[35m[plugin 
angular-compiler][0m

    src/app/components/gifts.ts:486:12:
[37m      486 Γöé       name: [32m'Baby Care Kit'[37m,
          Γò╡             [32m~~~~~~~~~~~~~~~[0m


[31mX [41;31m[[41;97mERROR[41;31m][0m [1mTS2304: Cannot find name 
'price'.[0m [1m[35m[plugin angular-compiler][0m

    src/app/components/gifts.ts:487:6:
[37m      487 Γöé       [32mprice[37m: 1599,
          Γò╡       [32m~~~~~[0m


[31mX [41;31m[[41;97mERROR[41;31m][0m [1mTS1005: ';' expected.[0m 
[1m[35m[plugin angular-compiler][0m

    src/app/components/gifts.ts:487:11:
[37m      487 Γöé       price[32m:[37m 1599,
          Γò╡            [32m^[0m


[31mX [41;31m[[41;97mERROR[41;31m][0m [1mTS2695: Left side of comma 
operator is unused and has no side effects.[0m [1m[35m[plugin 
angular-compiler][0m

    src/app/components/gifts.ts:487:13:
[37m      487 Γöé       price: [32m1599[37m,
          Γò╡              [32m~~~~[0m


[31mX [41;31m[[41;97mERROR[41;31m][0m [1mTS2304: Cannot find name 
'category'.[0m [1m[35m[plugin angular-compiler][0m

    src/app/components/gifts.ts:488:6:
[37m      488 Γöé       [32mcategory[37m: 'Baby Shower',
          Γò╡       [32m~~~~~~~~[0m


[31mX [41;31m[[41;97mERROR[41;31m][0m [1mTS1005: ';' expected.[0m 
[1m[35m[plugin angular-compiler][0m

    src/app/components/gifts.ts:488:14:
[37m      488 Γöé       category[32m:[37m 'Baby Shower',
          Γò╡               [32m^[0m


[31mX [41;31m[[41;97mERROR[41;31m][0m [1mTS2695: Left side of comma 
operator is unused and has no side effects.[0m [1m[35m[plugin 
angular-compiler][0m

    src/app/components/gifts.ts:488:16:
[37m      488 Γöé       category: [32m'Baby Shower'[37m,
          Γò╡                 [32m~~~~~~~~~~~~~[0m


[31mX [41;31m[[41;97mERROR[41;31m][0m [1mTS2304: Cannot find name 
'rating'.[0m [1m[35m[plugin angular-compiler][0m

    src/app/components/gifts.ts:489:6:
[37m      489 Γöé       [32mrating[37m: 4.6,
          Γò╡       [32m~~~~~~[0m


[31mX [41;31m[[41;97mERROR[41;31m][0m [1mTS1005: ';' expected.[0m 
[1m[35m[plugin angular-compiler][0m

    src/app/components/gifts.ts:489:12:
[37m      489 Γöé       rating[32m:[37m 4.6,
          Γò╡             [32m^[0m


[31mX [41;31m[[41;97mERROR[41;31m][0m [1mTS2695: Left side of comma 
operator is unused and has no side effects.[0m [1m[35m[plugin 
angular-compiler][0m

    src/app/components/gifts.ts:489:14:
[37m      489 Γöé       rating: [32m4.6[37m,
          Γò╡               [32m~~~[0m


[31mX [41;31m[[41;97mERROR[41;31m][0m [1mTS2304: Cannot find name 
'tag'.[0m [1m[35m[plugin angular-compiler][0m

    src/app/components/gifts.ts:490:6:
[37m      490 Γöé       [32mtag[37m: 'Care',
          Γò╡       [32m~~~[0m


[31mX [41;31m[[41;97mERROR[41;31m][0m [1mTS1005: ';' expected.[0m 
[1m[35m[plugin angular-compiler][0m

    src/app/components/gifts.ts:490:9:
[37m      490 Γöé       tag[32m:[37m 'Care',
          Γò╡          [32m^[0m


[31mX [41;31m[[41;97mERROR[41;31m][0m [1mTS2695: Left side of comma 
operator is unused and has no side effects.[0m [1m[35m[plugin 
angular-compiler][0m

    src/app/components/gifts.ts:490:11:
[37m      490 Γöé       tag: [32m'Care'[37m,
          Γò╡            [32m~~~~~~[0m


[31mX [41;31m[[41;97mERROR[41;31m][0m [1mTS2304: Cannot find name 
'relation'.[0m [1m[35m[plugin angular-compiler][0m

    src/app/components/gifts.ts:491:6:
[37m      491 Γöé       [32mrelation[37m: 'Family',
          Γò╡       [32m~~~~~~~~[0m


[31mX [41;31m[[41;97mERROR[41;31m][0m [1mTS1005: ';' expected.[0m 
[1m[35m[plugin angular-compiler][0m

    src/app/components/gifts.ts:491:14:
[37m      491 Γöé       relation[32m:[37m 'Family',
          Γò╡               [32m^[0m


[31mX [41;31m[[41;97mERROR[41;31m][0m [1mTS2695: Left side of comma 
operator is unused and has no side effects.[0m [1m[35m[plugin 
angular-compiler][0m

    src/app/components/gifts.ts:491:16:
[37m      491 Γöé       relation: [32m'Family'[37m,
          Γò╡                 [32m~~~~~~~~[0m


[31mX [41;31m[[41;97mERROR[41;31m][0m [1mTS2304: Cannot find name 
'imageUrl'.[0m [1m[35m[plugin angular-compiler][0m

    src/app/components/gifts.ts:492:6:
[37m      492 Γöé       [32mimageUrl[37m: 
'https://images.pexels.com/photos/3771055/pexels-...
          Γò╡       [32m~~~~~~~~[0m


[31mX [41;31m[[41;97mERROR[41;31m][0m [1mTS1005: ';' expected.[0m 
[1m[35m[plugin angular-compiler][0m

    src/app/components/gifts.ts:492:14:
[37m      492 Γöé       imageUrl[32m:[37m 
'https://images.pexels.com/photos/3771055/pexels-...
          Γò╡               [32m^[0m


[31mX [41;31m[[41;97mERROR[41;31m][0m [1mTS2695: Left side of comma 
operator is unused and has no side effects.[0m [1m[35m[plugin 
angular-compiler][0m

    src/app/components/gifts.ts:492:16:
[37m      492 Γöé ...imageUrl: 
[32m'https://images.pexels.com/photos/3771055/pexels-pho[37m...
          Γò╡              
[32m~~~~~~~~~~~~~~~~~~~~~~~~~~~~~~~~~~~~~~~~~~~~~~~~~~~~[0m


[31mX [41;31m[[41;97mERROR[41;31m][0m [1mTS1109: Expression 
expected.[0m [1m[35m[plugin angular-compiler][0m

    src/app/components/gifts.ts:493:4:
[37m      493 Γöé     [32m}[37m,
          Γò╡     [32m^[0m


[31mX [41;31m[[41;97mERROR[41;31m][0m [1mTS1128: Declaration or 
statement expected.[0m [1m[35m[plugin angular-compiler][0m

    src/app/components/gifts.ts:493:5:
[37m      493 Γöé     }[32m,[37m
          Γò╡      [32m^[0m


[31mX [41;31m[[41;97mERROR[41;31m][0m [1mTS2695: Left side of comma 
operator is unused and has no side effects.[0m [1m[35m[plugin 
angular-compiler][0m

    src/app/components/gifts.ts:495:10:
[37m      495 Γöé       id: [32m'bs4'[37m,
          Γò╡           [32m~~~~~[0m


[31mX [41;31m[[41;97mERROR[41;31m][0m [1mTS1005: ';' expected.[0m 
[1m[35m[plugin angular-compiler][0m

    src/app/components/gifts.ts:496:10:
[37m      496 Γöé       name[32m:[37m 'Baby Blanket',
          Γò╡           [32m^[0m


[31mX [41;31m[[41;97mERROR[41;31m][0m [1mTS2695: Left side of comma 
operator is unused and has no side effects.[0m [1m[35m[plugin 
angular-compiler][0m

    src/app/components/gifts.ts:496:12:
[37m      496 Γöé       name: [32m'Baby Blanket'[37m,
          Γò╡             [32m~~~~~~~~~~~~~~[0m


[31mX [41;31m[[41;97mERROR[41;31m][0m [1mTS2304: Cannot find name 
'price'.[0m [1m[35m[plugin angular-compiler][0m

    src/app/components/gifts.ts:497:6:
[37m      497 Γöé       [32mprice[37m: 899,
          Γò╡       [32m~~~~~[0m


[31mX [41;31m[[41;97mERROR[41;31m][0m [1mTS1005: ';' expected.[0m 
[1m[35m[plugin angular-compiler][0m

    src/app/components/gifts.ts:497:11:
[37m      497 Γöé       price[32m:[37m 899,
          Γò╡            [32m^[0m


[31mX [41;31m[[41;97mERROR[41;31m][0m [1mTS2695: Left side of comma 
operator is unused and has no side effects.[0m [1m[35m[plugin 
angular-compiler][0m

    src/app/components/gifts.ts:497:13:
[37m      497 Γöé       price: [32m899[37m,
          Γò╡              [32m~~~[0m


[31mX [41;31m[[41;97mERROR[41;31m][0m [1mTS2304: Cannot find name 
'category'.[0m [1m[35m[plugin angular-compiler][0m

    src/app/components/gifts.ts:498:6:
[37m      498 Γöé       [32mcategory[37m: 'Baby Shower',
          Γò╡       [32m~~~~~~~~[0m


[31mX [41;31m[[41;97mERROR[41;31m][0m [1mTS1005: ';' expected.[0m 
[1m[35m[plugin angular-compiler][0m

    src/app/components/gifts.ts:498:14:
[37m      498 Γöé       category[32m:[37m 'Baby Shower',
          Γò╡               [32m^[0m


[31mX [41;31m[[41;97mERROR[41;31m][0m [1mTS2695: Left side of comma 
operator is unused and has no side effects.[0m [1m[35m[plugin 
angular-compiler][0m

    src/app/components/gifts.ts:498:16:
[37m      498 Γöé       category: [32m'Baby Shower'[37m,
          Γò╡                 [32m~~~~~~~~~~~~~[0m


[31mX [41;31m[[41;97mERROR[41;31m][0m [1mTS2304: Cannot find name 
'rating'.[0m [1m[35m[plugin angular-compiler][0m

    src/app/components/gifts.ts:499:6:
[37m      499 Γöé       [32mrating[37m: 4.5,
          Γò╡       [32m~~~~~~[0m


[31mX [41;31m[[41;97mERROR[41;31m][0m [1mTS1005: ';' expected.[0m 
[1m[35m[plugin angular-compiler][0m

    src/app/components/gifts.ts:499:12:
[37m      499 Γöé       rating[32m:[37m 4.5,
          Γò╡             [32m^[0m


[31mX [41;31m[[41;97mERROR[41;31m][0m [1mTS2695: Left side of comma 
operator is unused and has no side effects.[0m [1m[35m[plugin 
angular-compiler][0m

    src/app/components/gifts.ts:499:14:
[37m      499 Γöé       rating: [32m4.5[37m,
          Γò╡               [32m~~~[0m


[31mX [41;31m[[41;97mERROR[41;31m][0m [1mTS2304: Cannot find name 
'tag'.[0m [1m[35m[plugin angular-compiler][0m

    src/app/components/gifts.ts:500:6:
[37m      500 Γöé       [32mtag[37m: 'Cozy',
          Γò╡       [32m~~~[0m


[31mX [41;31m[[41;97mERROR[41;31m][0m [1mTS1005: ';' expected.[0m 
[1m[35m[plugin angular-compiler][0m

    src/app/components/gifts.ts:500:9:
[37m      500 Γöé       tag[32m:[37m 'Cozy',
          Γò╡          [32m^[0m


[31mX [41;31m[[41;97mERROR[41;31m][0m [1mTS2695: Left side of comma 
operator is unused and has no side effects.[0m [1m[35m[plugin 
angular-compiler][0m

    src/app/components/gifts.ts:500:11:
[37m      500 Γöé       tag: [32m'Cozy'[37m,
          Γò╡            [32m~~~~~~[0m


[31mX [41;31m[[41;97mERROR[41;31m][0m [1mTS2304: Cannot find name 
'relation'.[0m [1m[35m[plugin angular-compiler][0m

    src/app/components/gifts.ts:501:6:
[37m      501 Γöé       [32mrelation[37m: 'Family',
          Γò╡       [32m~~~~~~~~[0m


[31mX [41;31m[[41;97mERROR[41;31m][0m [1mTS1005: ';' expected.[0m 
[1m[35m[plugin angular-compiler][0m

    src/app/components/gifts.ts:501:14:
[37m      501 Γöé       relation[32m:[37m 'Family',
          Γò╡               [32m^[0m


[31mX [41;31m[[41;97mERROR[41;31m][0m [1mTS2695: Left side of comma 
operator is unused and has no side effects.[0m [1m[35m[plugin 
angular-compiler][0m

    src/app/components/gifts.ts:501:16:
[37m      501 Γöé       relation: [32m'Family'[37m,
          Γò╡                 [32m~~~~~~~~[0m


[31mX [41;31m[[41;97mERROR[41;31m][0m [1mTS2304: Cannot find name 
'imageUrl'.[0m [1m[35m[plugin angular-compiler][0m

    src/app/components/gifts.ts:502:6:
[37m      502 Γöé       [32mimageUrl[37m: 
'https://images.pexels.com/photos/8656138/pexels-...
          Γò╡       [32m~~~~~~~~[0m


[31mX [41;31m[[41;97mERROR[41;31m][0m [1mTS1005: ';' expected.[0m 
[1m[35m[plugin angular-compiler][0m

    src/app/components/gifts.ts:502:14:
[37m      502 Γöé       imageUrl[32m:[37m 
'https://images.pexels.com/photos/8656138/pexels-...
          Γò╡               [32m^[0m


[31mX [41;31m[[41;97mERROR[41;31m][0m [1mTS2695: Left side of comma 
operator is unused and has no side effects.[0m [1m[35m[plugin 
angular-compiler][0m

    src/app/components/gifts.ts:502:16:
[37m      502 Γöé ...imageUrl: 
[32m'https://images.pexels.com/photos/8656138/pexels-pho[37m...
          Γò╡              
[32m~~~~~~~~~~~~~~~~~~~~~~~~~~~~~~~~~~~~~~~~~~~~~~~~~~~~[0m


[31mX [41;31m[[41;97mERROR[41;31m][0m [1mTS1109: Expression 
expected.[0m [1m[35m[plugin angular-compiler][0m

    src/app/components/gifts.ts:503:4:
[37m      503 Γöé     [32m}[37m,
          Γò╡     [32m^[0m


[31mX [41;31m[[41;97mERROR[41;31m][0m [1mTS1128: Declaration or 
statement expected.[0m [1m[35m[plugin angular-compiler][0m

    src/app/components/gifts.ts:503:5:
[37m      503 Γöé     }[32m,[37m
          Γò╡      [32m^[0m


[31mX [41;31m[[41;97mERROR[41;31m][0m [1mTS2695: Left side of comma 
operator is unused and has no side effects.[0m [1m[35m[plugin 
angular-compiler][0m

    src/app/components/gifts.ts:505:10:
[37m      505 Γöé       id: [32m'bs5'[37m,
          Γò╡           [32m~~~~~[0m


[31mX [41;31m[[41;97mERROR[41;31m][0m [1mTS1005: ';' expected.[0m 
[1m[35m[plugin angular-compiler][0m

    src/app/components/gifts.ts:506:10:
[37m      506 Γöé       name[32m:[37m 'Baby Walker',
          Γò╡           [32m^[0m


[31mX [41;31m[[41;97mERROR[41;31m][0m [1mTS2695: Left side of comma 
operator is unused and has no side effects.[0m [1m[35m[plugin 
angular-compiler][0m

    src/app/components/gifts.ts:506:12:
[37m      506 Γöé       name: [32m'Baby Walker'[37m,
          Γò╡             [32m~~~~~~~~~~~~~[0m


[31mX [41;31m[[41;97mERROR[41;31m][0m [1mTS2304: Cannot find name 
'price'.[0m [1m[35m[plugin angular-compiler][0m

    src/app/components/gifts.ts:507:6:
[37m      507 Γöé       [32mprice[37m: 3499,
          Γò╡       [32m~~~~~[0m


[31mX [41;31m[[41;97mERROR[41;31m][0m [1mTS1005: ';' expected.[0m 
[1m[35m[plugin angular-compiler][0m

    src/app/components/gifts.ts:507:11:
[37m      507 Γöé       price[32m:[37m 3499,
          Γò╡            [32m^[0m


[31mX [41;31m[[41;97mERROR[41;31m][0m [1mTS2695: Left side of comma 
operator is unused and has no side effects.[0m [1m[35m[plugin 
angular-compiler][0m

    src/app/components/gifts.ts:507:13:
[37m      507 Γöé       price: [32m3499[37m,
          Γò╡              [32m~~~~[0m


[31mX [41;31m[[41;97mERROR[41;31m][0m [1mTS2304: Cannot find name 
'category'.[0m [1m[35m[plugin angular-compiler][0m

    src/app/components/gifts.ts:508:6:
[37m      508 Γöé       [32mcategory[37m: 'Baby Shower',
          Γò╡       [32m~~~~~~~~[0m


[31mX [41;31m[[41;97mERROR[41;31m][0m [1mTS1005: ';' expected.[0m 
[1m[35m[plugin angular-compiler][0m

    src/app/components/gifts.ts:508:14:
[37m      508 Γöé       category[32m:[37m 'Baby Shower',
          Γò╡               [32m^[0m


[31mX [41;31m[[41;97mERROR[41;31m][0m [1mTS2695: Left side of comma 
operator is unused and has no side effects.[0m [1m[35m[plugin 
angular-compiler][0m

    src/app/components/gifts.ts:508:16:
[37m      508 Γöé       category: [32m'Baby Shower'[37m,
          Γò╡                 [32m~~~~~~~~~~~~~[0m


[31mX [41;31m[[41;97mERROR[41;31m][0m [1mTS2304: Cannot find name 
'rating'.[0m [1m[35m[plugin angular-compiler][0m

    src/app/components/gifts.ts:509:6:
[37m      509 Γöé       [32mrating[37m: 4.4,
          Γò╡       [32m~~~~~~[0m


[31mX [41;31m[[41;97mERROR[41;31m][0m [1mTS1005: ';' expected.[0m 
[1m[35m[plugin angular-compiler][0m

    src/app/components/gifts.ts:509:12:
[37m      509 Γöé       rating[32m:[37m 4.4,
          Γò╡             [32m^[0m


[31mX [41;31m[[41;97mERROR[41;31m][0m [1mTS2695: Left side of comma 
operator is unused and has no side effects.[0m [1m[35m[plugin 
angular-compiler][0m

    src/app/components/gifts.ts:509:14:
[37m      509 Γöé       rating: [32m4.4[37m,
          Γò╡               [32m~~~[0m


[31mX [41;31m[[41;97mERROR[41;31m][0m [1mTS2304: Cannot find name 
'tag'.[0m [1m[35m[plugin angular-compiler][0m

    src/app/components/gifts.ts:510:6:
[37m      510 Γöé       [32mtag[37m: 'Support',
          Γò╡       [32m~~~[0m


[31mX [41;31m[[41;97mERROR[41;31m][0m [1mTS1005: ';' expected.[0m 
[1m[35m[plugin angular-compiler][0m

    src/app/components/gifts.ts:510:9:
[37m      510 Γöé       tag[32m:[37m 'Support',
          Γò╡          [32m^[0m


[31mX [41;31m[[41;97mERROR[41;31m][0m [1mTS2695: Left side of comma 
operator is unused and has no side effects.[0m [1m[35m[plugin 
angular-compiler][0m

    src/app/components/gifts.ts:510:11:
[37m      510 Γöé       tag: [32m'Support'[37m,
          Γò╡            [32m~~~~~~~~~[0m


[31mX [41;31m[[41;97mERROR[41;31m][0m [1mTS2304: Cannot find name 
'relation'.[0m [1m[35m[plugin angular-compiler][0m

    src/app/components/gifts.ts:511:6:
[37m      511 Γöé       [32mrelation[37m: 'Family',
          Γò╡       [32m~~~~~~~~[0m


[31mX [41;31m[[41;97mERROR[41;31m][0m [1mTS1005: ';' expected.[0m 
[1m[35m[plugin angular-compiler][0m

    src/app/components/gifts.ts:511:14:
[37m      511 Γöé       relation[32m:[37m 'Family',
          Γò╡               [32m^[0m


[31mX [41;31m[[41;97mERROR[41;31m][0m [1mTS2695: Left side of comma 
operator is unused and has no side effects.[0m [1m[35m[plugin 
angular-compiler][0m

    src/app/components/gifts.ts:511:16:
[37m      511 Γöé       relation: [32m'Family'[37m,
          Γò╡                 [32m~~~~~~~~[0m


[31mX [41;31m[[41;97mERROR[41;31m][0m [1mTS2304: Cannot find name 
'imageUrl'.[0m [1m[35m[plugin angular-compiler][0m

    src/app/components/gifts.ts:512:6:
[37m      512 Γöé       [32mimageUrl[37m: 
'https://images.pexels.com/photos/7019317/pexels-...
          Γò╡       [32m~~~~~~~~[0m


[31mX [41;31m[[41;97mERROR[41;31m][0m [1mTS1005: ';' expected.[0m 
[1m[35m[plugin angular-compiler][0m

    src/app/components/gifts.ts:512:14:
[37m      512 Γöé       imageUrl[32m:[37m 
'https://images.pexels.com/photos/7019317/pexels-...
          Γò╡               [32m^[0m


[31mX [41;31m[[41;97mERROR[41;31m][0m [1mTS2695: Left side of comma 
operator is unused and has no side effects.[0m [1m[35m[plugin 
angular-compiler][0m

    src/app/components/gifts.ts:512:16:
[37m      512 Γöé ...imageUrl: 
[32m'https://images.pexels.com/photos/7019317/pexels-pho[37m...
          Γò╡              
[32m~~~~~~~~~~~~~~~~~~~~~~~~~~~~~~~~~~~~~~~~~~~~~~~~~~~~[0m


[31mX [41;31m[[41;97mERROR[41;31m][0m [1mTS1109: Expression 
expected.[0m [1m[35m[plugin angular-compiler][0m

    src/app/components/gifts.ts:513:4:
[37m      513 Γöé     [32m}[37m,
          Γò╡     [32m^[0m


[31mX [41;31m[[41;97mERROR[41;31m][0m [1mTS1128: Declaration or 
statement expected.[0m [1m[35m[plugin angular-compiler][0m

    src/app/components/gifts.ts:513:5:
[37m      513 Γöé     }[32m,[37m
          Γò╡      [32m^[0m


[31mX [41;31m[[41;97mERROR[41;31m][0m [1mTS2695: Left side of comma 
operator is unused and has no side effects.[0m [1m[35m[plugin 
angular-compiler][0m

    src/app/components/gifts.ts:515:10:
[37m      515 Γöé       id: [32m'bs6'[37m,
          Γò╡           [32m~~~~~[0m


[31mX [41;31m[[41;97mERROR[41;31m][0m [1mTS1005: ';' expected.[0m 
[1m[35m[plugin angular-compiler][0m

    src/app/components/gifts.ts:516:10:
[37m      516 Γöé       name[32m:[37m 'Soft Plush Toys',
          Γò╡           [32m^[0m


[31mX [41;31m[[41;97mERROR[41;31m][0m [1mTS2695: Left side of comma 
operator is unused and has no side effects.[0m [1m[35m[plugin 
angular-compiler][0m

    src/app/components/gifts.ts:516:12:
[37m      516 Γöé       name: [32m'Soft Plush Toys'[37m,
          Γò╡             [32m~~~~~~~~~~~~~~~~~[0m


[31mX [41;31m[[41;97mERROR[41;31m][0m [1mTS2304: Cannot find name 
'price'.[0m [1m[35m[plugin angular-compiler][0m

    src/app/components/gifts.ts:517:6:
[37m      517 Γöé       [32mprice[37m: 799,
          Γò╡       [32m~~~~~[0m


[31mX [41;31m[[41;97mERROR[41;31m][0m [1mTS1005: ';' expected.[0m 
[1m[35m[plugin angular-compiler][0m

    src/app/components/gifts.ts:517:11:
[37m      517 Γöé       price[32m:[37m 799,
          Γò╡            [32m^[0m


[31mX [41;31m[[41;97mERROR[41;31m][0m [1mTS2695: Left side of comma 
operator is unused and has no side effects.[0m [1m[35m[plugin 
angular-compiler][0m

    src/app/components/gifts.ts:517:13:
[37m      517 Γöé       price: [32m799[37m,
          Γò╡              [32m~~~[0m


[31mX [41;31m[[41;97mERROR[41;31m][0m [1mTS2304: Cannot find name 
'category'.[0m [1m[35m[plugin angular-compiler][0m

    src/app/components/gifts.ts:518:6:
[37m      518 Γöé       [32mcategory[37m: 'Baby Shower',
          Γò╡       [32m~~~~~~~~[0m


[31mX [41;31m[[41;97mERROR[41;31m][0m [1mTS1005: ';' expected.[0m 
[1m[35m[plugin angular-compiler][0m

    src/app/components/gifts.ts:518:14:
[37m      518 Γöé       category[32m:[37m 'Baby Shower',
          Γò╡               [32m^[0m


[31mX [41;31m[[41;97mERROR[41;31m][0m [1mTS2695: Left side of comma 
operator is unused and has no side effects.[0m [1m[35m[plugin 
angular-compiler][0m

    src/app/components/gifts.ts:518:16:
[37m      518 Γöé       category: [32m'Baby Shower'[37m,
          Γò╡                 [32m~~~~~~~~~~~~~[0m


[31mX [41;31m[[41;97mERROR[41;31m][0m [1mTS2304: Cannot find name 
'rating'.[0m [1m[35m[plugin angular-compiler][0m

    src/app/components/gifts.ts:519:6:
[37m      519 Γöé       [32mrating[37m: 4.7,
          Γò╡       [32m~~~~~~[0m


[31mX [41;31m[[41;97mERROR[41;31m][0m [1mTS1005: ';' expected.[0m 
[1m[35m[plugin angular-compiler][0m

    src/app/components/gifts.ts:519:12:
[37m      519 Γöé       rating[32m:[37m 4.7,
          Γò╡             [32m^[0m


[31mX [41;31m[[41;97mERROR[41;31m][0m [1mTS2695: Left side of comma 
operator is unused and has no side effects.[0m [1m[35m[plugin 
angular-compiler][0m

    src/app/components/gifts.ts:519:14:
[37m      519 Γöé       rating: [32m4.7[37m,
          Γò╡               [32m~~~[0m


[31mX [41;31m[[41;97mERROR[41;31m][0m [1mTS2304: Cannot find name 
'tag'.[0m [1m[35m[plugin angular-compiler][0m

    src/app/components/gifts.ts:520:6:
[37m      520 Γöé       [32mtag[37m: 'Cute',
          Γò╡       [32m~~~[0m


[31mX [41;31m[[41;97mERROR[41;31m][0m [1mTS1005: ';' expected.[0m 
[1m[35m[plugin angular-compiler][0m

    src/app/components/gifts.ts:520:9:
[37m      520 Γöé       tag[32m:[37m 'Cute',
          Γò╡          [32m^[0m


[31mX [41;31m[[41;97mERROR[41;31m][0m [1mTS2695: Left side of comma 
operator is unused and has no side effects.[0m [1m[35m[plugin 
angular-compiler][0m

    src/app/components/gifts.ts:520:11:
[37m      520 Γöé       tag: [32m'Cute'[37m,
          Γò╡            [32m~~~~~~[0m


[31mX [41;31m[[41;97mERROR[41;31m][0m [1mTS2304: Cannot find name 
'relation'.[0m [1m[35m[plugin angular-compiler][0m

    src/app/components/gifts.ts:521:6:
[37m      521 Γöé       [32mrelation[37m: 'Family',
          Γò╡       [32m~~~~~~~~[0m


[31mX [41;31m[[41;97mERROR[41;31m][0m [1mTS1005: ';' expected.[0m 
[1m[35m[plugin angular-compiler][0m

    src/app/components/gifts.ts:521:14:
[37m      521 Γöé       relation[32m:[37m 'Family',
          Γò╡               [32m^[0m


[31mX [41;31m[[41;97mERROR[41;31m][0m [1mTS2695: Left side of comma 
operator is unused and has no side effects.[0m [1m[35m[plugin 
angular-compiler][0m

    src/app/components/gifts.ts:521:16:
[37m      521 Γöé       relation: [32m'Family'[37m,
          Γò╡                 [32m~~~~~~~~[0m


[31mX [41;31m[[41;97mERROR[41;31m][0m [1mTS2304: Cannot find name 
'imageUrl'.[0m [1m[35m[plugin angular-compiler][0m

    src/app/components/gifts.ts:522:6:
[37m      522 Γöé       [32mimageUrl[37m: 
'https://images.pexels.com/photos/996123/pexels-p...
          Γò╡       [32m~~~~~~~~[0m


[31mX [41;31m[[41;97mERROR[41;31m][0m [1mTS1005: ';' expected.[0m 
[1m[35m[plugin angular-compiler][0m

    src/app/components/gifts.ts:522:14:
[37m      522 Γöé       imageUrl[32m:[37m 
'https://images.pexels.com/photos/996123/pexels-p...
          Γò╡               [32m^[0m


[31mX [41;31m[[41;97mERROR[41;31m][0m [1mTS2695: Left side of comma 
operator is unused and has no side effects.[0m [1m[35m[plugin 
angular-compiler][0m

    src/app/components/gifts.ts:522:16:
[37m      522 Γöé ...imageUrl: 
[32m'https://images.pexels.com/photos/996123/pexels-phot[37m...
          Γò╡              
[32m~~~~~~~~~~~~~~~~~~~~~~~~~~~~~~~~~~~~~~~~~~~~~~~~~~~~[0m


[31mX [41;31m[[41;97mERROR[41;31m][0m [1mTS1109: Expression 
expected.[0m [1m[35m[plugin angular-compiler][0m

    src/app/components/gifts.ts:523:4:
[37m      523 Γöé     [32m}[37m,
          Γò╡     [32m^[0m


[31mX [41;31m[[41;97mERROR[41;31m][0m [1mTS1128: Declaration or 
statement expected.[0m [1m[35m[plugin angular-compiler][0m

    src/app/components/gifts.ts:523:5:
[37m      523 Γöé     }[32m,[37m
          Γò╡      [32m^[0m


[31mX [41;31m[[41;97mERROR[41;31m][0m [1mTS2695: Left side of comma 
operator is unused and has no side effects.[0m [1m[35m[plugin 
angular-compiler][0m

    src/app/components/gifts.ts:525:10:
[37m      525 Γöé       id: [32m't1'[37m,
          Γò╡           [32m~~~~[0m


[31mX [41;31m[[41;97mERROR[41;31m][0m [1mTS1005: ';' expected.[0m 
[1m[35m[plugin angular-compiler][0m

    src/app/components/gifts.ts:526:10:
[37m      526 Γöé       name[32m:[37m 'Wireless Earbuds',
          Γò╡           [32m^[0m


[31mX [41;31m[[41;97mERROR[41;31m][0m [1mTS2695: Left side of comma 
operator is unused and has no side effects.[0m [1m[35m[plugin 
angular-compiler][0m

    src/app/components/gifts.ts:526:12:
[37m      526 Γöé       name: [32m'Wireless Earbuds'[37m,
          Γò╡             [32m~~~~~~~~~~~~~~~~~~[0m


[31mX [41;31m[[41;97mERROR[41;31m][0m [1mTS2304: Cannot find name 
'price'.[0m [1m[35m[plugin angular-compiler][0m

    src/app/components/gifts.ts:527:6:
[37m      527 Γöé       [32mprice[37m: 2499,
          Γò╡       [32m~~~~~[0m


[31mX [41;31m[[41;97mERROR[41;31m][0m [1mTS1005: ';' expected.[0m 
[1m[35m[plugin angular-compiler][0m

    src/app/components/gifts.ts:527:11:
[37m      527 Γöé       price[32m:[37m 2499,
          Γò╡            [32m^[0m


[31mX [41;31m[[41;97mERROR[41;31m][0m [1mTS2695: Left side of comma 
operator is unused and has no side effects.[0m [1m[35m[plugin 
angular-compiler][0m

    src/app/components/gifts.ts:527:13:
[37m      527 Γöé       price: [32m2499[37m,
          Γò╡              [32m~~~~[0m


[31mX [41;31m[[41;97mERROR[41;31m][0m [1mTS2304: Cannot find name 
'category'.[0m [1m[35m[plugin angular-compiler][0m

    src/app/components/gifts.ts:528:6:
[37m      528 Γöé       [32mcategory[37m: 'Tech',
          Γò╡       [32m~~~~~~~~[0m


[31mX [41;31m[[41;97mERROR[41;31m][0m [1mTS1005: ';' expected.[0m 
[1m[35m[plugin angular-compiler][0m

    src/app/components/gifts.ts:528:14:
[37m      528 Γöé       category[32m:[37m 'Tech',
          Γò╡               [32m^[0m


[31mX [41;31m[[41;97mERROR[41;31m][0m [1mTS2695: Left side of comma 
operator is unused and has no side effects.[0m [1m[35m[plugin 
angular-compiler][0m

    src/app/components/gifts.ts:528:16:
[37m      528 Γöé       category: [32m'Tech'[37m,
          Γò╡                 [32m~~~~~~[0m


[31mX [41;31m[[41;97mERROR[41;31m][0m [1mTS2304: Cannot find name 
'rating'.[0m [1m[35m[plugin angular-compiler][0m

    src/app/components/gifts.ts:529:6:
[37m      529 Γöé       [32mrating[37m: 4.7,
          Γò╡       [32m~~~~~~[0m


[31mX [41;31m[[41;97mERROR[41;31m][0m [1mTS1005: ';' expected.[0m 
[1m[35m[plugin angular-compiler][0m

    src/app/components/gifts.ts:529:12:
[37m      529 Γöé       rating[32m:[37m 4.7,
          Γò╡             [32m^[0m


[31mX [41;31m[[41;97mERROR[41;31m][0m [1mTS2695: Left side of comma 
operator is unused and has no side effects.[0m [1m[35m[plugin 
angular-compiler][0m

    src/app/components/gifts.ts:529:14:
[37m      529 Γöé       rating: [32m4.7[37m,
          Γò╡               [32m~~~[0m


[31mX [41;31m[[41;97mERROR[41;31m][0m [1mTS2304: Cannot find name 
'tag'.[0m [1m[35m[plugin angular-compiler][0m

    src/app/components/gifts.ts:530:6:
[37m      530 Γöé       [32mtag[37m: 'Audio',
          Γò╡       [32m~~~[0m


[31mX [41;31m[[41;97mERROR[41;31m][0m [1mTS1005: ';' expected.[0m 
[1m[35m[plugin angular-compiler][0m

    src/app/components/gifts.ts:530:9:
[37m      530 Γöé       tag[32m:[37m 'Audio',
          Γò╡          [32m^[0m


[31mX [41;31m[[41;97mERROR[41;31m][0m [1mTS2695: Left side of comma 
operator is unused and has no side effects.[0m [1m[35m[plugin 
angular-compiler][0m

    src/app/components/gifts.ts:530:11:
[37m      530 Γöé       tag: [32m'Audio'[37m,
          Γò╡            [32m~~~~~~~[0m


[31mX [41;31m[[41;97mERROR[41;31m][0m [1mTS2304: Cannot find name 
'relation'.[0m [1m[35m[plugin angular-compiler][0m

    src/app/components/gifts.ts:531:6:
[37m      531 Γöé       [32mrelation[37m: 'Friends',
          Γò╡       [32m~~~~~~~~[0m


[31mX [41;31m[[41;97mERROR[41;31m][0m [1mTS1005: ';' expected.[0m 
[1m[35m[plugin angular-compiler][0m

    src/app/components/gifts.ts:531:14:
[37m      531 Γöé       relation[32m:[37m 'Friends',
          Γò╡               [32m^[0m


[31mX [41;31m[[41;97mERROR[41;31m][0m [1mTS2695: Left side of comma 
operator is unused and has no side effects.[0m [1m[35m[plugin 
angular-compiler][0m

    src/app/components/gifts.ts:531:16:
[37m      531 Γöé       relation: [32m'Friends'[37m,
          Γò╡                 [32m~~~~~~~~~[0m


[31mX [41;31m[[41;97mERROR[41;31m][0m [1mTS2304: Cannot find name 
'imageUrl'.[0m [1m[35m[plugin angular-compiler][0m

    src/app/components/gifts.ts:532:6:
[37m      532 Γöé       [32mimageUrl[37m: 
'https://images.pexels.com/photos/3780681/pexels-...
          Γò╡       [32m~~~~~~~~[0m


[31mX [41;31m[[41;97mERROR[41;31m][0m [1mTS1005: ';' expected.[0m 
[1m[35m[plugin angular-compiler][0m

    src/app/components/gifts.ts:532:14:
[37m      532 Γöé       imageUrl[32m:[37m 
'https://images.pexels.com/photos/3780681/pexels-...
          Γò╡               [32m^[0m


[31mX [41;31m[[41;97mERROR[41;31m][0m [1mTS2695: Left side of comma 
operator is unused and has no side effects.[0m [1m[35m[plugin 
angular-compiler][0m

    src/app/components/gifts.ts:532:16:
[37m      532 Γöé ...imageUrl: 
[32m'https://images.pexels.com/photos/3780681/pexels-pho[37m...
          Γò╡              
[32m~~~~~~~~~~~~~~~~~~~~~~~~~~~~~~~~~~~~~~~~~~~~~~~~~~~~[0m


[31mX [41;31m[[41;97mERROR[41;31m][0m [1mTS1109: Expression 
expected.[0m [1m[35m[plugin angular-compiler][0m

    src/app/components/gifts.ts:533:4:
[37m      533 Γöé     [32m}[37m,
          Γò╡     [32m^[0m


[31mX [41;31m[[41;97mERROR[41;31m][0m [1mTS1128: Declaration or 
statement expected.[0m [1m[35m[plugin angular-compiler][0m

    src/app/components/gifts.ts:533:5:
[37m      533 Γöé     }[32m,[37m
          Γò╡      [32m^[0m


[31mX [41;31m[[41;97mERROR[41;31m][0m [1mTS2695: Left side of comma 
operator is unused and has no side effects.[0m [1m[35m[plugin 
angular-compiler][0m

    src/app/components/gifts.ts:535:10:
[37m      535 Γöé       id: [32m't2'[37m,
          Γò╡           [32m~~~~[0m


[31mX [41;31m[[41;97mERROR[41;31m][0m [1mTS1005: ';' expected.[0m 
[1m[35m[plugin angular-compiler][0m

    src/app/components/gifts.ts:536:10:
[37m      536 Γöé       name[32m:[37m 'Smart Watch',
          Γò╡           [32m^[0m


[31mX [41;31m[[41;97mERROR[41;31m][0m [1mTS2695: Left side of comma 
operator is unused and has no side effects.[0m [1m[35m[plugin 
angular-compiler][0m

    src/app/components/gifts.ts:536:12:
[37m      536 Γöé       name: [32m'Smart Watch'[37m,
          Γò╡             [32m~~~~~~~~~~~~~[0m


[31mX [41;31m[[41;97mERROR[41;31m][0m [1mTS2304: Cannot find name 
'price'.[0m [1m[35m[plugin angular-compiler][0m

    src/app/components/gifts.ts:537:6:
[37m      537 Γöé       [32mprice[37m: 4499,
          Γò╡       [32m~~~~~[0m


[31mX [41;31m[[41;97mERROR[41;31m][0m [1mTS1005: ';' expected.[0m 
[1m[35m[plugin angular-compiler][0m

    src/app/components/gifts.ts:537:11:
[37m      537 Γöé       price[32m:[37m 4499,
          Γò╡            [32m^[0m


[31mX [41;31m[[41;97mERROR[41;31m][0m [1mTS2695: Left side of comma 
operator is unused and has no side effects.[0m [1m[35m[plugin 
angular-compiler][0m

    src/app/components/gifts.ts:537:13:
[37m      537 Γöé       price: [32m4499[37m,
          Γò╡              [32m~~~~[0m


[31mX [41;31m[[41;97mERROR[41;31m][0m [1mTS2304: Cannot find name 
'category'.[0m [1m[35m[plugin angular-compiler][0m

    src/app/components/gifts.ts:538:6:
[37m      538 Γöé       [32mcategory[37m: 'Tech',
          Γò╡       [32m~~~~~~~~[0m


[31mX [41;31m[[41;97mERROR[41;31m][0m [1mTS1005: ';' expected.[0m 
[1m[35m[plugin angular-compiler][0m

    src/app/components/gifts.ts:538:14:
[37m      538 Γöé       category[32m:[37m 'Tech',
          Γò╡               [32m^[0m


[31mX [41;31m[[41;97mERROR[41;31m][0m [1mTS2695: Left side of comma 
operator is unused and has no side effects.[0m [1m[35m[plugin 
angular-compiler][0m

    src/app/components/gifts.ts:538:16:
[37m      538 Γöé       category: [32m'Tech'[37m,
          Γò╡                 [32m~~~~~~[0m


[31mX [41;31m[[41;97mERROR[41;31m][0m [1mTS2304: Cannot find name 
'rating'.[0m [1m[35m[plugin angular-compiler][0m

    src/app/components/gifts.ts:539:6:
[37m      539 Γöé       [32mrating[37m: 4.7,
          Γò╡       [32m~~~~~~[0m


[31mX [41;31m[[41;97mERROR[41;31m][0m [1mTS1005: ';' expected.[0m 
[1m[35m[plugin angular-compiler][0m

    src/app/components/gifts.ts:539:12:
[37m      539 Γöé       rating[32m:[37m 4.7,
          Γò╡             [32m^[0m


[31mX [41;31m[[41;97mERROR[41;31m][0m [1mTS2695: Left side of comma 
operator is unused and has no side effects.[0m [1m[35m[plugin 
angular-compiler][0m

    src/app/components/gifts.ts:539:14:
[37m      539 Γöé       rating: [32m4.7[37m,
          Γò╡               [32m~~~[0m


[31mX [41;31m[[41;97mERROR[41;31m][0m [1mTS2304: Cannot find name 
'tag'.[0m [1m[35m[plugin angular-compiler][0m

    src/app/components/gifts.ts:540:6:
[37m      540 Γöé       [32mtag[37m: 'Wearable',
          Γò╡       [32m~~~[0m


[31mX [41;31m[[41;97mERROR[41;31m][0m [1mTS1005: ';' expected.[0m 
[1m[35m[plugin angular-compiler][0m

    src/app/components/gifts.ts:540:9:
[37m      540 Γöé       tag[32m:[37m 'Wearable',
          Γò╡          [32m^[0m


[31mX [41;31m[[41;97mERROR[41;31m][0m [1mTS2695: Left side of comma 
operator is unused and has no side effects.[0m [1m[35m[plugin 
angular-compiler][0m

    src/app/components/gifts.ts:540:11:
[37m      540 Γöé       tag: [32m'Wearable'[37m,
          Γò╡            [32m~~~~~~~~~~[0m


[31mX [41;31m[[41;97mERROR[41;31m][0m [1mTS2304: Cannot find name 
'relation'.[0m [1m[35m[plugin angular-compiler][0m

    src/app/components/gifts.ts:541:6:
[37m      541 Γöé       [32mrelation[37m: 'Friends',
          Γò╡       [32m~~~~~~~~[0m


[31mX [41;31m[[41;97mERROR[41;31m][0m [1mTS1005: ';' expected.[0m 
[1m[35m[plugin angular-compiler][0m

    src/app/components/gifts.ts:541:14:
[37m      541 Γöé       relation[32m:[37m 'Friends',
          Γò╡               [32m^[0m


[31mX [41;31m[[41;97mERROR[41;31m][0m [1mTS2695: Left side of comma 
operator is unused and has no side effects.[0m [1m[35m[plugin 
angular-compiler][0m

    src/app/components/gifts.ts:541:16:
[37m      541 Γöé       relation: [32m'Friends'[37m,
          Γò╡                 [32m~~~~~~~~~[0m


[31mX [41;31m[[41;97mERROR[41;31m][0m [1mTS2304: Cannot find name 
'imageUrl'.[0m [1m[35m[plugin angular-compiler][0m

    src/app/components/gifts.ts:542:6:
[37m      542 Γöé       [32mimageUrl[37m: 
'https://images.pexels.com/photos/19961769/pexels...
          Γò╡       [32m~~~~~~~~[0m


[31mX [41;31m[[41;97mERROR[41;31m][0m [1mTS1005: ';' expected.[0m 
[1m[35m[plugin angular-compiler][0m

    src/app/components/gifts.ts:542:14:
[37m      542 Γöé       imageUrl[32m:[37m 
'https://images.pexels.com/photos/19961769/pexels...
          Γò╡               [32m^[0m


[31mX [41;31m[[41;97mERROR[41;31m][0m [1mTS2695: Left side of comma 
operator is unused and has no side effects.[0m [1m[35m[plugin 
angular-compiler][0m

    src/app/components/gifts.ts:542:16:
[37m      542 Γöé ...imageUrl: 
[32m'https://images.pexels.com/photos/19961769/pexels-ph[37m...
          Γò╡              
[32m~~~~~~~~~~~~~~~~~~~~~~~~~~~~~~~~~~~~~~~~~~~~~~~~~~~~[0m


[31mX [41;31m[[41;97mERROR[41;31m][0m [1mTS1109: Expression 
expected.[0m [1m[35m[plugin angular-compiler][0m

    src/app/components/gifts.ts:543:4:
[37m      543 Γöé     [32m}[37m,
          Γò╡     [32m^[0m


[31mX [41;31m[[41;97mERROR[41;31m][0m [1mTS1128: Declaration or 
statement expected.[0m [1m[35m[plugin angular-compiler][0m

    src/app/components/gifts.ts:543:5:
[37m      543 Γöé     }[32m,[37m
          Γò╡      [32m^[0m


[31mX [41;31m[[41;97mERROR[41;31m][0m [1mTS2695: Left side of comma 
operator is unused and has no side effects.[0m [1m[35m[plugin 
angular-compiler][0m

    src/app/components/gifts.ts:545:10:
[37m      545 Γöé       id: [32m't3'[37m,
          Γò╡           [32m~~~~[0m


[31mX [41;31m[[41;97mERROR[41;31m][0m [1mTS1005: ';' expected.[0m 
[1m[35m[plugin angular-compiler][0m

    src/app/components/gifts.ts:546:10:
[37m      546 Γöé       name[32m:[37m 'Power Bank',
          Γò╡           [32m^[0m


[31mX [41;31m[[41;97mERROR[41;31m][0m [1mTS2695: Left side of comma 
operator is unused and has no side effects.[0m [1m[35m[plugin 
angular-compiler][0m

    src/app/components/gifts.ts:546:12:
[37m      546 Γöé       name: [32m'Power Bank'[37m,
          Γò╡             [32m~~~~~~~~~~~~[0m


[31mX [41;31m[[41;97mERROR[41;31m][0m [1mTS2304: Cannot find name 
'price'.[0m [1m[35m[plugin angular-compiler][0m

    src/app/components/gifts.ts:547:6:
[37m      547 Γöé       [32mprice[37m: 1299,
          Γò╡       [32m~~~~~[0m


[31mX [41;31m[[41;97mERROR[41;31m][0m [1mTS1005: ';' expected.[0m 
[1m[35m[plugin angular-compiler][0m

    src/app/components/gifts.ts:547:11:
[37m      547 Γöé       price[32m:[37m 1299,
          Γò╡            [32m^[0m


[31mX [41;31m[[41;97mERROR[41;31m][0m [1mTS2695: Left side of comma 
operator is unused and has no side effects.[0m [1m[35m[plugin 
angular-compiler][0m

    src/app/components/gifts.ts:547:13:
[37m      547 Γöé       price: [32m1299[37m,
          Γò╡              [32m~~~~[0m


[31mX [41;31m[[41;97mERROR[41;31m][0m [1mTS2304: Cannot find name 
'category'.[0m [1m[35m[plugin angular-compiler][0m

    src/app/components/gifts.ts:548:6:
[37m      548 Γöé       [32mcategory[37m: 'Tech',
          Γò╡       [32m~~~~~~~~[0m


[31mX [41;31m[[41;97mERROR[41;31m][0m [1mTS1005: ';' expected.[0m 
[1m[35m[plugin angular-compiler][0m

    src/app/components/gifts.ts:548:14:
[37m      548 Γöé       category[32m:[37m 'Tech',
          Γò╡               [32m^[0m


[31mX [41;31m[[41;97mERROR[41;31m][0m [1mTS2695: Left side of comma 
operator is unused and has no side effects.[0m [1m[35m[plugin 
angular-compiler][0m

    src/app/components/gifts.ts:548:16:
[37m      548 Γöé       category: [32m'Tech'[37m,
          Γò╡                 [32m~~~~~~[0m


[31mX [41;31m[[41;97mERROR[41;31m][0m [1mTS2304: Cannot find name 
'rating'.[0m [1m[35m[plugin angular-compiler][0m

    src/app/components/gifts.ts:549:6:
[37m      549 Γöé       [32mrating[37m: 4.6,
          Γò╡       [32m~~~~~~[0m


[31mX [41;31m[[41;97mERROR[41;31m][0m [1mTS1005: ';' expected.[0m 
[1m[35m[plugin angular-compiler][0m

    src/app/components/gifts.ts:549:12:
[37m      549 Γöé       rating[32m:[37m 4.6,
          Γò╡             [32m^[0m


[31mX [41;31m[[41;97mERROR[41;31m][0m [1mTS2695: Left side of comma 
operator is unused and has no side effects.[0m [1m[35m[plugin 
angular-compiler][0m

    src/app/components/gifts.ts:549:14:
[37m      549 Γöé       rating: [32m4.6[37m,
          Γò╡               [32m~~~[0m


[31mX [41;31m[[41;97mERROR[41;31m][0m [1mTS2304: Cannot find name 
'tag'.[0m [1m[35m[plugin angular-compiler][0m

    src/app/components/gifts.ts:550:6:
[37m      550 Γöé       [32mtag[37m: 'Travel',
          Γò╡       [32m~~~[0m


[31mX [41;31m[[41;97mERROR[41;31m][0m [1mTS1005: ';' expected.[0m 
[1m[35m[plugin angular-compiler][0m

    src/app/components/gifts.ts:550:9:
[37m      550 Γöé       tag[32m:[37m 'Travel',
          Γò╡          [32m^[0m


[31mX [41;31m[[41;97mERROR[41;31m][0m [1mTS2695: Left side of comma 
operator is unused and has no side effects.[0m [1m[35m[plugin 
angular-compiler][0m

    src/app/components/gifts.ts:550:11:
[37m      550 Γöé       tag: [32m'Travel'[37m,
          Γò╡            [32m~~~~~~~~[0m


[31mX [41;31m[[41;97mERROR[41;31m][0m [1mTS2304: Cannot find name 
'relation'.[0m [1m[35m[plugin angular-compiler][0m

    src/app/components/gifts.ts:551:6:
[37m      551 Γöé       [32mrelation[37m: 'Colleagues',
          Γò╡       [32m~~~~~~~~[0m


[31mX [41;31m[[41;97mERROR[41;31m][0m [1mTS1005: ';' expected.[0m 
[1m[35m[plugin angular-compiler][0m

    src/app/components/gifts.ts:551:14:
[37m      551 Γöé       relation[32m:[37m 'Colleagues',
          Γò╡               [32m^[0m


[31mX [41;31m[[41;97mERROR[41;31m][0m [1mTS2695: Left side of comma 
operator is unused and has no side effects.[0m [1m[35m[plugin 
angular-compiler][0m

    src/app/components/gifts.ts:551:16:
[37m      551 Γöé       relation: [32m'Colleagues'[37m,
          Γò╡                 [32m~~~~~~~~~~~~[0m


[31mX [41;31m[[41;97mERROR[41;31m][0m [1mTS2304: Cannot find name 
'imageUrl'.[0m [1m[35m[plugin angular-compiler][0m

    src/app/components/gifts.ts:552:6:
[37m      552 Γöé       [32mimageUrl[37m: 
'https://images.pexels.com/photos/4526473/pexels-...
          Γò╡       [32m~~~~~~~~[0m


[31mX [41;31m[[41;97mERROR[41;31m][0m [1mTS1005: ';' expected.[0m 
[1m[35m[plugin angular-compiler][0m

    src/app/components/gifts.ts:552:14:
[37m      552 Γöé       imageUrl[32m:[37m 
'https://images.pexels.com/photos/4526473/pexels-...
          Γò╡               [32m^[0m


[31mX [41;31m[[41;97mERROR[41;31m][0m [1mTS2695: Left side of comma 
operator is unused and has no side effects.[0m [1m[35m[plugin 
angular-compiler][0m

    src/app/components/gifts.ts:552:16:
[37m      552 Γöé ...imageUrl: 
[32m'https://images.pexels.com/photos/4526473/pexels-pho[37m...
          Γò╡              
[32m~~~~~~~~~~~~~~~~~~~~~~~~~~~~~~~~~~~~~~~~~~~~~~~~~~~~[0m


[31mX [41;31m[[41;97mERROR[41;31m][0m [1mTS1109: Expression 
expected.[0m [1m[35m[plugin angular-compiler][0m

    src/app/components/gifts.ts:553:4:
[37m      553 Γöé     [32m}[37m,
          Γò╡     [32m^[0m


[31mX [41;31m[[41;97mERROR[41;31m][0m [1mTS1128: Declaration or 
statement expected.[0m [1m[35m[plugin angular-compiler][0m

    src/app/components/gifts.ts:553:5:
[37m      553 Γöé     }[32m,[37m
          Γò╡      [32m^[0m


[31mX [41;31m[[41;97mERROR[41;31m][0m [1mTS2695: Left side of comma 
operator is unused and has no side effects.[0m [1m[35m[plugin 
angular-compiler][0m

    src/app/components/gifts.ts:555:10:
[37m      555 Γöé       id: [32m't4'[37m,
          Γò╡           [32m~~~~[0m


[31mX [41;31m[[41;97mERROR[41;31m][0m [1mTS1005: ';' expected.[0m 
[1m[35m[plugin angular-compiler][0m

    src/app/components/gifts.ts:556:10:
[37m      556 Γöé       name[32m:[37m 'Gaming Mouse',
          Γò╡           [32m^[0m


[31mX [41;31m[[41;97mERROR[41;31m][0m [1mTS2695: Left side of comma 
operator is unused and has no side effects.[0m [1m[35m[plugin 
angular-compiler][0m

    src/app/components/gifts.ts:556:12:
[37m      556 Γöé       name: [32m'Gaming Mouse'[37m,
          Γò╡             [32m~~~~~~~~~~~~~~[0m


[31mX [41;31m[[41;97mERROR[41;31m][0m [1mTS2304: Cannot find name 
'price'.[0m [1m[35m[plugin angular-compiler][0m

    src/app/components/gifts.ts:557:6:
[37m      557 Γöé       [32mprice[37m: 1799,
          Γò╡       [32m~~~~~[0m


[31mX [41;31m[[41;97mERROR[41;31m][0m [1mTS1005: ';' expected.[0m 
[1m[35m[plugin angular-compiler][0m

    src/app/components/gifts.ts:557:11:
[37m      557 Γöé       price[32m:[37m 1799,
          Γò╡            [32m^[0m


[31mX [41;31m[[41;97mERROR[41;31m][0m [1mTS2695: Left side of comma 
operator is unused and has no side effects.[0m [1m[35m[plugin 
angular-compiler][0m

    src/app/components/gifts.ts:557:13:
[37m      557 Γöé       price: [32m1799[37m,
          Γò╡              [32m~~~~[0m


[31mX [41;31m[[41;97mERROR[41;31m][0m [1mTS2304: Cannot find name 
'category'.[0m [1m[35m[plugin angular-compiler][0m

    src/app/components/gifts.ts:558:6:
[37m      558 Γöé       [32mcategory[37m: 'Tech',
          Γò╡       [32m~~~~~~~~[0m


[31mX [41;31m[[41;97mERROR[41;31m][0m [1mTS1005: ';' expected.[0m 
[1m[35m[plugin angular-compiler][0m

    src/app/components/gifts.ts:558:14:
[37m      558 Γöé       category[32m:[37m 'Tech',
          Γò╡               [32m^[0m


[31mX [41;31m[[41;97mERROR[41;31m][0m [1mTS2695: Left side of comma 
operator is unused and has no side effects.[0m [1m[35m[plugin 
angular-compiler][0m

    src/app/components/gifts.ts:558:16:
[37m      558 Γöé       category: [32m'Tech'[37m,
          Γò╡                 [32m~~~~~~[0m


[31mX [41;31m[[41;97mERROR[41;31m][0m [1mTS2304: Cannot find name 
'rating'.[0m [1m[35m[plugin angular-compiler][0m

    src/app/components/gifts.ts:559:6:
[37m      559 Γöé       [32mrating[37m: 4.5,
          Γò╡       [32m~~~~~~[0m


[31mX [41;31m[[41;97mERROR[41;31m][0m [1mTS1005: ';' expected.[0m 
[1m[35m[plugin angular-compiler][0m

    src/app/components/gifts.ts:559:12:
[37m      559 Γöé       rating[32m:[37m 4.5,
          Γò╡             [32m^[0m


[31mX [41;31m[[41;97mERROR[41;31m][0m [1mTS2695: Left side of comma 
operator is unused and has no side effects.[0m [1m[35m[plugin 
angular-compiler][0m

    src/app/components/gifts.ts:559:14:
[37m      559 Γöé       rating: [32m4.5[37m,
          Γò╡               [32m~~~[0m


[31mX [41;31m[[41;97mERROR[41;31m][0m [1mTS2304: Cannot find name 
'tag'.[0m [1m[35m[plugin angular-compiler][0m

    src/app/components/gifts.ts:560:6:
[37m      560 Γöé       [32mtag[37m: 'Gaming',
          Γò╡       [32m~~~[0m


[31mX [41;31m[[41;97mERROR[41;31m][0m [1mTS1005: ';' expected.[0m 
[1m[35m[plugin angular-compiler][0m

    src/app/components/gifts.ts:560:9:
[37m      560 Γöé       tag[32m:[37m 'Gaming',
          Γò╡          [32m^[0m


[31mX [41;31m[[41;97mERROR[41;31m][0m [1mTS2695: Left side of comma 
operator is unused and has no side effects.[0m [1m[35m[plugin 
angular-compiler][0m

    src/app/components/gifts.ts:560:11:
[37m      560 Γöé       tag: [32m'Gaming'[37m,
          Γò╡            [32m~~~~~~~~[0m


[31mX [41;31m[[41;97mERROR[41;31m][0m [1mTS2304: Cannot find name 
'relation'.[0m [1m[35m[plugin angular-compiler][0m

    src/app/components/gifts.ts:561:6:
[37m      561 Γöé       [32mrelation[37m: 'Friends',
          Γò╡       [32m~~~~~~~~[0m


[31mX [41;31m[[41;97mERROR[41;31m][0m [1mTS1005: ';' expected.[0m 
[1m[35m[plugin angular-compiler][0m

    src/app/components/gifts.ts:561:14:
[37m      561 Γöé       relation[32m:[37m 'Friends',
          Γò╡               [32m^[0m


[31mX [41;31m[[41;97mERROR[41;31m][0m [1mTS2695: Left side of comma 
operator is unused and has no side effects.[0m [1m[35m[plugin 
angular-compiler][0m

    src/app/components/gifts.ts:561:16:
[37m      561 Γöé       relation: [32m'Friends'[37m,
          Γò╡                 [32m~~~~~~~~~[0m


[31mX [41;31m[[41;97mERROR[41;31m][0m [1mTS2304: Cannot find name 
'imageUrl'.[0m [1m[35m[plugin angular-compiler][0m

    src/app/components/gifts.ts:562:6:
[37m      562 Γöé       [32mimageUrl[37m: 
'https://images.pexels.com/photos/3945682/pexels-...
          Γò╡       [32m~~~~~~~~[0m


[31mX [41;31m[[41;97mERROR[41;31m][0m [1mTS1005: ';' expected.[0m 
[1m[35m[plugin angular-compiler][0m

    src/app/components/gifts.ts:562:14:
[37m      562 Γöé       imageUrl[32m:[37m 
'https://images.pexels.com/photos/3945682/pexels-...
          Γò╡               [32m^[0m


[31mX [41;31m[[41;97mERROR[41;31m][0m [1mTS2695: Left side of comma 
operator is unused and has no side effects.[0m [1m[35m[plugin 
angular-compiler][0m

    src/app/components/gifts.ts:562:16:
[37m      562 Γöé ...imageUrl: 
[32m'https://images.pexels.com/photos/3945682/pexels-pho[37m...
          Γò╡              
[32m~~~~~~~~~~~~~~~~~~~~~~~~~~~~~~~~~~~~~~~~~~~~~~~~~~~~[0m


[31mX [41;31m[[41;97mERROR[41;31m][0m [1mTS1109: Expression 
expected.[0m [1m[35m[plugin angular-compiler][0m

    src/app/components/gifts.ts:563:4:
[37m      563 Γöé     [32m}[37m,
          Γò╡     [32m^[0m


[31mX [41;31m[[41;97mERROR[41;31m][0m [1mTS1128: Declaration or 
statement expected.[0m [1m[35m[plugin angular-compiler][0m

    src/app/components/gifts.ts:563:5:
[37m      563 Γöé     }[32m,[37m
          Γò╡      [32m^[0m


[31mX [41;31m[[41;97mERROR[41;31m][0m [1mTS2695: Left side of comma 
operator is unused and has no side effects.[0m [1m[35m[plugin 
angular-compiler][0m

    src/app/components/gifts.ts:565:10:
[37m      565 Γöé       id: [32m't5'[37m,
          Γò╡           [32m~~~~[0m


[31mX [41;31m[[41;97mERROR[41;31m][0m [1mTS1005: ';' expected.[0m 
[1m[35m[plugin angular-compiler][0m

    src/app/components/gifts.ts:566:10:
[37m      566 Γöé       name[32m:[37m 'Bluetooth Keyboard',
          Γò╡           [32m^[0m


[31mX [41;31m[[41;97mERROR[41;31m][0m [1mTS2695: Left side of comma 
operator is unused and has no side effects.[0m [1m[35m[plugin 
angular-compiler][0m

    src/app/components/gifts.ts:566:12:
[37m      566 Γöé       name: [32m'Bluetooth Keyboard'[37m,
          Γò╡             [32m~~~~~~~~~~~~~~~~~~~~[0m


[31mX [41;31m[[41;97mERROR[41;31m][0m [1mTS2304: Cannot find name 
'price'.[0m [1m[35m[plugin angular-compiler][0m

    src/app/components/gifts.ts:567:6:
[37m      567 Γöé       [32mprice[37m: 1999,
          Γò╡       [32m~~~~~[0m


[31mX [41;31m[[41;97mERROR[41;31m][0m [1mTS1005: ';' expected.[0m 
[1m[35m[plugin angular-compiler][0m

    src/app/components/gifts.ts:567:11:
[37m      567 Γöé       price[32m:[37m 1999,
          Γò╡            [32m^[0m


[31mX [41;31m[[41;97mERROR[41;31m][0m [1mTS2695: Left side of comma 
operator is unused and has no side effects.[0m [1m[35m[plugin 
angular-compiler][0m

    src/app/components/gifts.ts:567:13:
[37m      567 Γöé       price: [32m1999[37m,
          Γò╡              [32m~~~~[0m


[31mX [41;31m[[41;97mERROR[41;31m][0m [1mTS2304: Cannot find name 
'category'.[0m [1m[35m[plugin angular-compiler][0m

    src/app/components/gifts.ts:568:6:
[37m      568 Γöé       [32mcategory[37m: 'Tech',
          Γò╡       [32m~~~~~~~~[0m


[31mX [41;31m[[41;97mERROR[41;31m][0m [1mTS1005: ';' expected.[0m 
[1m[35m[plugin angular-compiler][0m

    src/app/components/gifts.ts:568:14:
[37m      568 Γöé       category[32m:[37m 'Tech',
          Γò╡               [32m^[0m


[31mX [41;31m[[41;97mERROR[41;31m][0m [1mTS2695: Left side of comma 
operator is unused and has no side effects.[0m [1m[35m[plugin 
angular-compiler][0m

    src/app/components/gifts.ts:568:16:
[37m      568 Γöé       category: [32m'Tech'[37m,
          Γò╡                 [32m~~~~~~[0m


[31mX [41;31m[[41;97mERROR[41;31m][0m [1mTS2304: Cannot find name 
'rating'.[0m [1m[35m[plugin angular-compiler][0m

    src/app/components/gifts.ts:569:6:
[37m      569 Γöé       [32mrating[37m: 4.6,
          Γò╡       [32m~~~~~~[0m


[31mX [41;31m[[41;97mERROR[41;31m][0m [1mTS1005: ';' expected.[0m 
[1m[35m[plugin angular-compiler][0m

    src/app/components/gifts.ts:569:12:
[37m      569 Γöé       rating[32m:[37m 4.6,
          Γò╡             [32m^[0m


[31mX [41;31m[[41;97mERROR[41;31m][0m [1mTS2695: Left side of comma 
operator is unused and has no side effects.[0m [1m[35m[plugin 
angular-compiler][0m

    src/app/components/gifts.ts:569:14:
[37m      569 Γöé       rating: [32m4.6[37m,
          Γò╡               [32m~~~[0m


[31mX [41;31m[[41;97mERROR[41;31m][0m [1mTS2304: Cannot find name 
'tag'.[0m [1m[35m[plugin angular-compiler][0m

    src/app/components/gifts.ts:570:6:
[37m      570 Γöé       [32mtag[37m: 'Work',
          Γò╡       [32m~~~[0m


[31mX [41;31m[[41;97mERROR[41;31m][0m [1mTS1005: ';' expected.[0m 
[1m[35m[plugin angular-compiler][0m

    src/app/components/gifts.ts:570:9:
[37m      570 Γöé       tag[32m:[37m 'Work',
          Γò╡          [32m^[0m


[31mX [41;31m[[41;97mERROR[41;31m][0m [1mTS2695: Left side of comma 
operator is unused and has no side effects.[0m [1m[35m[plugin 
angular-compiler][0m

    src/app/components/gifts.ts:570:11:
[37m      570 Γöé       tag: [32m'Work'[37m,
          Γò╡            [32m~~~~~~[0m


[31mX [41;31m[[41;97mERROR[41;31m][0m [1mTS2304: Cannot find name 
'relation'.[0m [1m[35m[plugin angular-compiler][0m

    src/app/components/gifts.ts:571:6:
[37m      571 Γöé       [32mrelation[37m: 'Colleagues',
          Γò╡       [32m~~~~~~~~[0m


[31mX [41;31m[[41;97mERROR[41;31m][0m [1mTS1005: ';' expected.[0m 
[1m[35m[plugin angular-compiler][0m

    src/app/components/gifts.ts:571:14:
[37m      571 Γöé       relation[32m:[37m 'Colleagues',
          Γò╡               [32m^[0m


[31mX [41;31m[[41;97mERROR[41;31m][0m [1mTS2695: Left side of comma 
operator is unused and has no side effects.[0m [1m[35m[plugin 
angular-compiler][0m

    src/app/components/gifts.ts:571:16:
[37m      571 Γöé       relation: [32m'Colleagues'[37m,
          Γò╡                 [32m~~~~~~~~~~~~[0m


[31mX [41;31m[[41;97mERROR[41;31m][0m [1mTS2304: Cannot find name 
'imageUrl'.[0m [1m[35m[plugin angular-compiler][0m

    src/app/components/gifts.ts:572:6:
[37m      572 Γöé       [32mimageUrl[37m: 
'https://images.pexels.com/photos/841228/pexels-p...
          Γò╡       [32m~~~~~~~~[0m


[31mX [41;31m[[41;97mERROR[41;31m][0m [1mTS1005: ';' expected.[0m 
[1m[35m[plugin angular-compiler][0m

    src/app/components/gifts.ts:572:14:
[37m      572 Γöé       imageUrl[32m:[37m 
'https://images.pexels.com/photos/841228/pexels-p...
          Γò╡               [32m^[0m


[31mX [41;31m[[41;97mERROR[41;31m][0m [1mTS2695: Left side of comma 
operator is unused and has no side effects.[0m [1m[35m[plugin 
angular-compiler][0m

    src/app/components/gifts.ts:572:16:
[37m      572 Γöé ...imageUrl: 
[32m'https://images.pexels.com/photos/841228/pexels-phot[37m...
          Γò╡              
[32m~~~~~~~~~~~~~~~~~~~~~~~~~~~~~~~~~~~~~~~~~~~~~~~~~~~~[0m


[31mX [41;31m[[41;97mERROR[41;31m][0m [1mTS1109: Expression 
expected.[0m [1m[35m[plugin angular-compiler][0m

    src/app/components/gifts.ts:573:4:
[37m      573 Γöé     [32m}[37m,
          Γò╡     [32m^[0m


[31mX [41;31m[[41;97mERROR[41;31m][0m [1mTS1128: Declaration or 
statement expected.[0m [1m[35m[plugin angular-compiler][0m

    src/app/components/gifts.ts:573:5:
[37m      573 Γöé     }[32m,[37m
          Γò╡      [32m^[0m


[31mX [41;31m[[41;97mERROR[41;31m][0m [1mTS2695: Left side of comma 
operator is unused and has no side effects.[0m [1m[35m[plugin 
angular-compiler][0m

    src/app/components/gifts.ts:575:10:
[37m      575 Γöé       id: [32m't6'[37m,
          Γò╡           [32m~~~~[0m


[31mX [41;31m[[41;97mERROR[41;31m][0m [1mTS1005: ';' expected.[0m 
[1m[35m[plugin angular-compiler][0m

    src/app/components/gifts.ts:576:10:
[37m      576 Γöé       name[32m:[37m 'Tablet Stand',
          Γò╡           [32m^[0m


[31mX [41;31m[[41;97mERROR[41;31m][0m [1mTS2695: Left side of comma 
operator is unused and has no side effects.[0m [1m[35m[plugin 
angular-compiler][0m

    src/app/components/gifts.ts:576:12:
[37m      576 Γöé       name: [32m'Tablet Stand'[37m,
          Γò╡             [32m~~~~~~~~~~~~~~[0m


[31mX [41;31m[[41;97mERROR[41;31m][0m [1mTS2304: Cannot find name 
'price'.[0m [1m[35m[plugin angular-compiler][0m

    src/app/components/gifts.ts:577:6:
[37m      577 Γöé       [32mprice[37m: 699,
          Γò╡       [32m~~~~~[0m


[31mX [41;31m[[41;97mERROR[41;31m][0m [1mTS1005: ';' expected.[0m 
[1m[35m[plugin angular-compiler][0m

    src/app/components/gifts.ts:577:11:
[37m      577 Γöé       price[32m:[37m 699,
          Γò╡            [32m^[0m


[31mX [41;31m[[41;97mERROR[41;31m][0m [1mTS2695: Left side of comma 
operator is unused and has no side effects.[0m [1m[35m[plugin 
angular-compiler][0m

    src/app/components/gifts.ts:577:13:
[37m      577 Γöé       price: [32m699[37m,
          Γò╡              [32m~~~[0m


[31mX [41;31m[[41;97mERROR[41;31m][0m [1mTS2304: Cannot find name 
'category'.[0m [1m[35m[plugin angular-compiler][0m

    src/app/components/gifts.ts:578:6:
[37m      578 Γöé       [32mcategory[37m: 'Tech',
          Γò╡       [32m~~~~~~~~[0m


[31mX [41;31m[[41;97mERROR[41;31m][0m [1mTS1005: ';' expected.[0m 
[1m[35m[plugin angular-compiler][0m

    src/app/components/gifts.ts:578:14:
[37m      578 Γöé       category[32m:[37m 'Tech',
          Γò╡               [32m^[0m


[31mX [41;31m[[41;97mERROR[41;31m][0m [1mTS2695: Left side of comma 
operator is unused and has no side effects.[0m [1m[35m[plugin 
angular-compiler][0m

    src/app/components/gifts.ts:578:16:
[37m      578 Γöé       category: [32m'Tech'[37m,
          Γò╡                 [32m~~~~~~[0m


[31mX [41;31m[[41;97mERROR[41;31m][0m [1mTS2304: Cannot find name 
'rating'.[0m [1m[35m[plugin angular-compiler][0m

    src/app/components/gifts.ts:579:6:
[37m      579 Γöé       [32mrating[37m: 4.4,
          Γò╡       [32m~~~~~~[0m


[31mX [41;31m[[41;97mERROR[41;31m][0m [1mTS1005: ';' expected.[0m 
[1m[35m[plugin angular-compiler][0m

    src/app/components/gifts.ts:579:12:
[37m      579 Γöé       rating[32m:[37m 4.4,
          Γò╡             [32m^[0m


[31mX [41;31m[[41;97mERROR[41;31m][0m [1mTS2695: Left side of comma 
operator is unused and has no side effects.[0m [1m[35m[plugin 
angular-compiler][0m

    src/app/components/gifts.ts:579:14:
[37m      579 Γöé       rating: [32m4.4[37m,
          Γò╡               [32m~~~[0m


[31mX [41;31m[[41;97mERROR[41;31m][0m [1mTS2304: Cannot find name 
'tag'.[0m [1m[35m[plugin angular-compiler][0m

    src/app/components/gifts.ts:580:6:
[37m      580 Γöé       [32mtag[37m: 'Desk',
          Γò╡       [32m~~~[0m


[31mX [41;31m[[41;97mERROR[41;31m][0m [1mTS1005: ';' expected.[0m 
[1m[35m[plugin angular-compiler][0m

    src/app/components/gifts.ts:580:9:
[37m      580 Γöé       tag[32m:[37m 'Desk',
          Γò╡          [32m^[0m


[31mX [41;31m[[41;97mERROR[41;31m][0m [1mTS2695: Left side of comma 
operator is unused and has no side effects.[0m [1m[35m[plugin 
angular-compiler][0m

    src/app/components/gifts.ts:580:11:
[37m      580 Γöé       tag: [32m'Desk'[37m,
          Γò╡            [32m~~~~~~[0m


[31mX [41;31m[[41;97mERROR[41;31m][0m [1mTS2304: Cannot find name 
'relation'.[0m [1m[35m[plugin angular-compiler][0m

    src/app/components/gifts.ts:581:6:
[37m      581 Γöé       [32mrelation[37m: 'Colleagues',
          Γò╡       [32m~~~~~~~~[0m


[31mX [41;31m[[41;97mERROR[41;31m][0m [1mTS1005: ';' expected.[0m 
[1m[35m[plugin angular-compiler][0m

    src/app/components/gifts.ts:581:14:
[37m      581 Γöé       relation[32m:[37m 'Colleagues',
          Γò╡               [32m^[0m


[31mX [41;31m[[41;97mERROR[41;31m][0m [1mTS2695: Left side of comma 
operator is unused and has no side effects.[0m [1m[35m[plugin 
angular-compiler][0m

    src/app/components/gifts.ts:581:16:
[37m      581 Γöé       relation: [32m'Colleagues'[37m,
          Γò╡                 [32m~~~~~~~~~~~~[0m


[31mX [41;31m[[41;97mERROR[41;31m][0m [1mTS2304: Cannot find name 
'imageUrl'.[0m [1m[35m[plugin angular-compiler][0m

    src/app/components/gifts.ts:582:6:
[37m      582 Γöé       [32mimageUrl[37m: 
'https://images.pexels.com/photos/5053871/pexels-...
          Γò╡       [32m~~~~~~~~[0m


[31mX [41;31m[[41;97mERROR[41;31m][0m [1mTS1005: ';' expected.[0m 
[1m[35m[plugin angular-compiler][0m

    src/app/components/gifts.ts:582:14:
[37m      582 Γöé       imageUrl[32m:[37m 
'https://images.pexels.com/photos/5053871/pexels-...
          Γò╡               [32m^[0m


[31mX [41;31m[[41;97mERROR[41;31m][0m [1mTS2695: Left side of comma 
operator is unused and has no side effects.[0m [1m[35m[plugin 
angular-compiler][0m

    src/app/components/gifts.ts:582:16:
[37m      582 Γöé ...imageUrl: 
[32m'https://images.pexels.com/photos/5053871/pexels-pho[37m...
          Γò╡              
[32m~~~~~~~~~~~~~~~~~~~~~~~~~~~~~~~~~~~~~~~~~~~~~~~~~~~~[0m


[31mX [41;31m[[41;97mERROR[41;31m][0m [1mTS1109: Expression 
expected.[0m [1m[35m[plugin angular-compiler][0m

    src/app/components/gifts.ts:583:4:
[37m      583 Γöé     [32m}[37m,
          Γò╡     [32m^[0m


[31mX [41;31m[[41;97mERROR[41;31m][0m [1mTS1128: Declaration or 
statement expected.[0m [1m[35m[plugin angular-compiler][0m

    src/app/components/gifts.ts:583:5:
[37m      583 Γöé     }[32m,[37m
          Γò╡      [32m^[0m


[31mX [41;31m[[41;97mERROR[41;31m][0m [1mTS1128: Declaration or 
statement expected.[0m [1m[35m[plugin angular-compiler][0m

    src/app/components/gifts.ts:584:2:
[37m      584 Γöé   [32m][37m;
          Γò╡   [32m^[0m


[31mX [41;31m[[41;97mERROR[41;31m][0m [1mTS1434: Unexpected keyword or 
identifier.[0m [1m[35m[plugin angular-compiler][0m

    src/app/components/gifts.ts:586:2:
[37m      586 Γöé   [32mget[37m filteredGifts() {
          Γò╡   [32m~~~[0m


[31mX [41;31m[[41;97mERROR[41;31m][0m [1mTS2304: Cannot find name 
'get'.[0m [1m[35m[plugin angular-compiler][0m

    src/app/components/gifts.ts:586:2:
[37m      586 Γöé   [32mget[37m filteredGifts() {
          Γò╡   [32m~~~[0m


[31mX [41;31m[[41;97mERROR[41;31m][0m [1mTS2304: Cannot find name 
'filteredGifts'.[0m [1m[35m[plugin angular-compiler][0m

    src/app/components/gifts.ts:586:6:
[37m      586 Γöé   get [32mfilteredGifts[37m() {
          Γò╡       [32m~~~~~~~~~~~~~[0m


[31mX [41;31m[[41;97mERROR[41;31m][0m [1mTS1005: ';' expected.[0m 
[1m[35m[plugin angular-compiler][0m

    src/app/components/gifts.ts:586:22:
[37m      586 Γöé   get filteredGifts() [32m{[37m
          Γò╡                       [32m^[0m


[31mX [41;31m[[41;97mERROR[41;31m][0m [1mTS2304: Cannot find name 
'addToCart'.[0m [1m[35m[plugin angular-compiler][0m

    src/app/components/gifts.ts:601:2:
[37m      601 Γöé   [32maddToCart[37m(gift: GiftItem) {
          Γò╡   [32m~~~~~~~~~[0m


[31mX [41;31m[[41;97mERROR[41;31m][0m [1mTS2304: Cannot find name 
'gift'.[0m [1m[35m[plugin angular-compiler][0m

    src/app/components/gifts.ts:601:12:
[37m      601 Γöé   addToCart([32mgift[37m: GiftItem) {
          Γò╡             [32m~~~~[0m


[31mX [41;31m[[41;97mERROR[41;31m][0m [1mTS1005: ',' expected.[0m 
[1m[35m[plugin angular-compiler][0m

    src/app/components/gifts.ts:601:16:
[37m      601 Γöé   addToCart(gift[32m:[37m GiftItem) {
          Γò╡                 [32m^[0m


[31mX [41;31m[[41;97mERROR[41;31m][0m [1mTS2693: 'GiftItem' only refers 
to a type, but is being used as a value here.[0m [1m[35m[plugin 
angular-compiler][0m

    src/app/components/gifts.ts:601:18:
[37m      601 Γöé   addToCart(gift: [32mGiftItem[37m) {
          Γò╡                   [32m~~~~~~~~[0m


[31mX [41;31m[[41;97mERROR[41;31m][0m [1mTS1005: ';' expected.[0m 
[1m[35m[plugin angular-compiler][0m

    src/app/components/gifts.ts:601:28:
[37m      601 Γöé   addToCart(gift: GiftItem) [32m{[37m
          Γò╡                             [32m^[0m


[31mX [41;31m[[41;97mERROR[41;31m][0m [1mTS2532: Object is possibly 
'undefined'.[0m [1m[35m[plugin angular-compiler][0m

    src/app/components/gifts.ts:602:4:
[37m      602 Γöé     [32mthis[37m.cart.add(gift);
          Γò╡     [32m~~~~[0m


[31mX [41;31m[[41;97mERROR[41;31m][0m [1mTS2304: Cannot find name 
'gift'.[0m [1m[35m[plugin angular-compiler][0m

    src/app/components/gifts.ts:602:18:
[37m      602 Γöé     this.cart.add([32mgift[37m);
          Γò╡                   [32m~~~~[0m


[31mX [41;31m[[41;97mERROR[41;31m][0m [1mTS2304: Cannot find name 
'handleImageError'.[0m [1m[35m[plugin angular-compiler][0m

    src/app/components/gifts.ts:605:2:
[37m      605 Γöé   [32mhandleImageError[37m(event: Event) {
          Γò╡   [32m~~~~~~~~~~~~~~~~[0m


[31mX [41;31m[[41;97mERROR[41;31m][0m [1mTS1005: ',' expected.[0m 
[1m[35m[plugin angular-compiler][0m

    src/app/components/gifts.ts:605:24:
[37m      605 Γöé   handleImageError(event[32m:[37m Event) {
          Γò╡                         [32m^[0m


[31mX [41;31m[[41;97mERROR[41;31m][0m [1mTS1005: ';' expected.[0m 
[1m[35m[plugin angular-compiler][0m

    src/app/components/gifts.ts:605:33:
[37m      605 Γöé   handleImageError(event: Event) [32m{[37m
          Γò╡                                  [32m^[0m


[31mX [41;31m[[41;97mERROR[41;31m][0m [1mTS18048: 'event' is possibly 
'undefined'.[0m [1m[35m[plugin angular-compiler][0m

    src/app/components/gifts.ts:606:19:
[37m      606 Γöé     const target = [32mevent[37m.target as 
HTMLImageElement;
          Γò╡                    [32m~~~~~[0m


[31mX [41;31m[[41;97mERROR[41;31m][0m [1mTS2532: Object is possibly 
'undefined'.[0m [1m[35m[plugin angular-compiler][0m

    src/app/components/gifts.ts:607:33:
[37m      607 Γöé     if (target && target.src !== 
[32mthis[37m.fallbackImage) {
          Γò╡                                  [32m~~~~[0m


[31mX [41;31m[[41;97mERROR[41;31m][0m [1mTS2532: Object is possibly 
'undefined'.[0m [1m[35m[plugin angular-compiler][0m

    src/app/components/gifts.ts:608:19:
[37m      608 Γöé       target.src = [32mthis[37m.fallbackImage;
          Γò╡                    [32m~~~~[0m


[31mX [41;31m[[41;97mERROR[41;31m][0m [1mTS1128: Declaration or 
statement expected.[0m [1m[35m[plugin angular-compiler][0m

    src/app/components/gifts.ts:611:0:
[37m      611 Γöé [32m}[37m
          Γò╡ [32m^[0m


[31mX [41;31m[[41;97mERROR[41;31m][0m [1mTS2339: Property 
'handleImageError' does not exist on type 'HomeComponent'.[0m 
[1m[35m[plugin angular-compiler][0m

    src/app/components/home.html:39:19:
[37m      39 Γöé           (error)="[32mhandleImageError[37m($event)"
         Γò╡                    [32m~~~~~~~~~~~~~~~~[0m

  Error occurs in the template of component HomeComponent.

    src/app/components/home.ts:14:15:
[37m      14 Γöé   templateUrl: [32m'./home.html'[37m,
         Γò╡                [32m~~~~~~~~~~~~~[0m


[31mX [41;31m[[41;97mERROR[41;31m][0m [1mTS2339: Property 
'handleImageError' does not exist on type 'HomeComponent'.[0m 
[1m[35m[plugin angular-compiler][0m

    src/app/components/home.html:63:19:
[37m      63 Γöé           (error)="[32mhandleImageError[37m($event)"
         Γò╡                    [32m~~~~~~~~~~~~~~~~[0m

  Error occurs in the template of component HomeComponent.

    src/app/components/home.ts:14:15:
[37m      14 Γöé   templateUrl: [32m'./home.html'[37m,
         Γò╡                [32m~~~~~~~~~~~~~[0m


[31mX [41;31m[[41;97mERROR[41;31m][0m [1mUnexpected ";"[0m

    src/app/components/gifts.ts:276:4:
[37m      276 Γöé     [32m;[37m
          Γò╡     [32m^[0m


[31mX [41;31m[[41;97mERROR[41;31m][0m [1mUnexpected ";"[0m

    src/app/components/gifts.ts:276:4:
[37m      276 Γöé     [32m;[37m
          Γò╡     [32m^[0m

[39m[22m
